[2020-09-08T17:33:51.663+0800][gc,heap] Heap region size: 1M
[2020-09-08T17:33:51.675+0800][gc     ] Using G1
[2020-09-08T17:33:51.675+0800][gc,heap,coops] Heap address: 0x00000007c0000000, size: 1024 MB, Compressed Oops mode: Zero based, Oop shift amount: 3
[2020-09-08T17:33:53.083+0800][gc,start     ] GC(0) Pause Young (Concurrent Start) (Metadata GC Threshold)
[2020-09-08T17:33:53.083+0800][gc,task      ] GC(0) Using 8 workers of 8 for evacuation
[2020-09-08T17:33:53.090+0800][gc,phases    ] GC(0)   Pre Evacuate Collection Set: 0.0ms
[2020-09-08T17:33:53.090+0800][gc,phases    ] GC(0)   Evacuate Collection Set: 5.5ms
[2020-09-08T17:33:53.090+0800][gc,phases    ] GC(0)   Post Evacuate Collection Set: 0.5ms
[2020-09-08T17:33:53.090+0800][gc,phases    ] GC(0)   Other: 0.9ms
[2020-09-08T17:33:53.090+0800][gc,heap      ] GC(0) Eden regions: 38->0(44)
[2020-09-08T17:33:53.090+0800][gc,heap      ] GC(0) Survivor regions: 0->7(7)
[2020-09-08T17:33:53.090+0800][gc,heap      ] GC(0) Old regions: 0->0
[2020-09-08T17:33:53.090+0800][gc,heap      ] GC(0) Humongous regions: 0->0
[2020-09-08T17:33:53.090+0800][gc,metaspace ] GC(0) Metaspace: 20692K->20692K(1069056K)
[2020-09-08T17:33:53.090+0800][gc           ] GC(0) Pause Young (Concurrent Start) (Metadata GC Threshold) 38M->6M(1024M) 7.150ms
[2020-09-08T17:33:53.090+0800][gc,cpu       ] GC(0) User=0.02s Sys=0.01s Real=0.01s
[2020-09-08T17:33:53.090+0800][gc           ] GC(1) Concurrent Cycle
[2020-09-08T17:33:53.090+0800][gc,marking   ] GC(1) Concurrent Clear Claimed Marks
[2020-09-08T17:33:53.090+0800][gc,marking   ] GC(1) Concurrent Clear Claimed Marks 0.080ms
[2020-09-08T17:33:53.090+0800][gc,marking   ] GC(1) Concurrent Scan Root Regions
[2020-09-08T17:33:53.092+0800][gc,marking   ] GC(1) Concurrent Scan Root Regions 2.071ms
[2020-09-08T17:33:53.092+0800][gc,marking   ] GC(1) Concurrent Mark (1.438s)
[2020-09-08T17:33:53.092+0800][gc,marking   ] GC(1) Concurrent Mark From Roots
[2020-09-08T17:33:53.092+0800][gc,task      ] GC(1) Using 2 workers of 2 for marking
[2020-09-08T17:33:53.093+0800][gc,marking   ] GC(1) Concurrent Mark From Roots 0.200ms
[2020-09-08T17:33:53.093+0800][gc,marking   ] GC(1) Concurrent Preclean
[2020-09-08T17:33:53.093+0800][gc,marking   ] GC(1) Concurrent Preclean 0.038ms
[2020-09-08T17:33:53.093+0800][gc,marking   ] GC(1) Concurrent Mark (1.438s, 1.438s) 0.287ms
[2020-09-08T17:33:53.093+0800][gc,start     ] GC(1) Pause Remark
[2020-09-08T17:33:53.094+0800][gc,stringtable] GC(1) Cleaned string and symbol table, strings: 7266 processed, 0 removed, symbols: 63644 processed, 40 removed
[2020-09-08T17:33:53.094+0800][gc            ] GC(1) Pause Remark 6M->6M(1024M) 1.463ms
[2020-09-08T17:33:53.094+0800][gc,cpu        ] GC(1) User=0.01s Sys=0.00s Real=0.00s
[2020-09-08T17:33:53.094+0800][gc,marking    ] GC(1) Concurrent Rebuild Remembered Sets
[2020-09-08T17:33:53.094+0800][gc,marking    ] GC(1) Concurrent Rebuild Remembered Sets 0.080ms
[2020-09-08T17:33:53.094+0800][gc,start      ] GC(1) Pause Cleanup
[2020-09-08T17:33:53.095+0800][gc            ] GC(1) Pause Cleanup 6M->6M(1024M) 0.117ms
[2020-09-08T17:33:53.095+0800][gc,cpu        ] GC(1) User=0.00s Sys=0.00s Real=0.00s
[2020-09-08T17:33:53.095+0800][gc,marking    ] GC(1) Concurrent Cleanup for Next Mark
[2020-09-08T17:33:53.100+0800][gc,marking    ] GC(1) Concurrent Cleanup for Next Mark 5.604ms
[2020-09-08T17:33:53.100+0800][gc            ] GC(1) Concurrent Cycle 10.265ms
[2020-09-08T17:33:54.190+0800][gc,start      ] GC(2) Pause Young (Normal) (G1 Evacuation Pause)
[2020-09-08T17:33:54.190+0800][gc,task       ] GC(2) Using 8 workers of 8 for evacuation
[2020-09-08T17:33:54.201+0800][gc,phases     ] GC(2)   Pre Evacuate Collection Set: 0.1ms
[2020-09-08T17:33:54.201+0800][gc,phases     ] GC(2)   Evacuate Collection Set: 10.7ms
[2020-09-08T17:33:54.201+0800][gc,phases     ] GC(2)   Post Evacuate Collection Set: 0.4ms
[2020-09-08T17:33:54.201+0800][gc,phases     ] GC(2)   Other: 0.2ms
[2020-09-08T17:33:54.201+0800][gc,heap       ] GC(2) Eden regions: 44->0(48)
[2020-09-08T17:33:54.201+0800][gc,heap       ] GC(2) Survivor regions: 7->3(7)
[2020-09-08T17:33:54.201+0800][gc,heap       ] GC(2) Old regions: 0->7
[2020-09-08T17:33:54.201+0800][gc,heap       ] GC(2) Humongous regions: 129->129
[2020-09-08T17:33:54.201+0800][gc,metaspace  ] GC(2) Metaspace: 30939K->30939K(1077248K)
[2020-09-08T17:33:54.201+0800][gc            ] GC(2) Pause Young (Normal) (G1 Evacuation Pause) 179M->137M(1024M) 11.547ms
[2020-09-08T17:33:54.201+0800][gc,cpu        ] GC(2) User=0.04s Sys=0.01s Real=0.01s
[2020-09-08T17:33:54.601+0800][gc,start      ] GC(3) Pause Young (Concurrent Start) (Metadata GC Threshold)
[2020-09-08T17:33:54.602+0800][gc,task       ] GC(3) Using 8 workers of 8 for evacuation
[2020-09-08T17:33:54.606+0800][gc,phases     ] GC(3)   Pre Evacuate Collection Set: 0.1ms
[2020-09-08T17:33:54.606+0800][gc,phases     ] GC(3)   Evacuate Collection Set: 3.8ms
[2020-09-08T17:33:54.606+0800][gc,phases     ] GC(3)   Post Evacuate Collection Set: 0.4ms
[2020-09-08T17:33:54.606+0800][gc,phases     ] GC(3)   Other: 0.3ms
[2020-09-08T17:33:54.606+0800][gc,heap       ] GC(3) Eden regions: 24->0(46)
[2020-09-08T17:33:54.606+0800][gc,heap       ] GC(3) Survivor regions: 3->5(7)
[2020-09-08T17:33:54.606+0800][gc,heap       ] GC(3) Old regions: 7->7
[2020-09-08T17:33:54.606+0800][gc,heap       ] GC(3) Humongous regions: 129->129
[2020-09-08T17:33:54.606+0800][gc,metaspace  ] GC(3) Metaspace: 34946K->34946K(1081344K)
[2020-09-08T17:33:54.606+0800][gc            ] GC(3) Pause Young (Concurrent Start) (Metadata GC Threshold) 161M->139M(1024M) 4.799ms
[2020-09-08T17:33:54.606+0800][gc,cpu        ] GC(3) User=0.02s Sys=0.00s Real=0.00s
[2020-09-08T17:33:54.606+0800][gc            ] GC(4) Concurrent Cycle
[2020-09-08T17:33:54.606+0800][gc,marking    ] GC(4) Concurrent Clear Claimed Marks
[2020-09-08T17:33:54.606+0800][gc,marking    ] GC(4) Concurrent Clear Claimed Marks 0.058ms
[2020-09-08T17:33:54.606+0800][gc,marking    ] GC(4) Concurrent Scan Root Regions
[2020-09-08T17:33:54.609+0800][gc,marking    ] GC(4) Concurrent Scan Root Regions 2.702ms
[2020-09-08T17:33:54.609+0800][gc,marking    ] GC(4) Concurrent Mark (2.954s)
[2020-09-08T17:33:54.609+0800][gc,marking    ] GC(4) Concurrent Mark From Roots
[2020-09-08T17:33:54.609+0800][gc,task       ] GC(4) Using 2 workers of 2 for marking
[2020-09-08T17:33:54.615+0800][gc,marking    ] GC(4) Concurrent Mark From Roots 5.298ms
[2020-09-08T17:33:54.615+0800][gc,marking    ] GC(4) Concurrent Preclean
[2020-09-08T17:33:54.615+0800][gc,marking    ] GC(4) Concurrent Preclean 0.058ms
[2020-09-08T17:33:54.615+0800][gc,marking    ] GC(4) Concurrent Mark (2.954s, 2.960s) 5.417ms
[2020-09-08T17:33:54.615+0800][gc,start      ] GC(4) Pause Remark
[2020-09-08T17:33:54.616+0800][gc,stringtable] GC(4) Cleaned string and symbol table, strings: 11613 processed, 7 removed, symbols: 96235 processed, 20 removed
[2020-09-08T17:33:54.617+0800][gc            ] GC(4) Pause Remark 139M->139M(1024M) 1.957ms
[2020-09-08T17:33:54.617+0800][gc,cpu        ] GC(4) User=0.01s Sys=0.00s Real=0.00s
[2020-09-08T17:33:54.617+0800][gc,marking    ] GC(4) Concurrent Rebuild Remembered Sets
[2020-09-08T17:33:54.620+0800][gc,marking    ] GC(4) Concurrent Rebuild Remembered Sets 3.002ms
[2020-09-08T17:33:54.620+0800][gc,start      ] GC(4) Pause Cleanup
[2020-09-08T17:33:54.620+0800][gc            ] GC(4) Pause Cleanup 139M->139M(1024M) 0.131ms
[2020-09-08T17:33:54.620+0800][gc,cpu        ] GC(4) User=0.00s Sys=0.01s Real=0.00s
[2020-09-08T17:33:54.620+0800][gc,marking    ] GC(4) Concurrent Cleanup for Next Mark
[2020-09-08T17:33:54.631+0800][gc,marking    ] GC(4) Concurrent Cleanup for Next Mark 10.695ms
[2020-09-08T17:33:54.631+0800][gc            ] GC(4) Concurrent Cycle 24.532ms
[2020-09-08T17:33:55.591+0800][gc,start      ] GC(5) Pause Young (Normal) (G1 Evacuation Pause)
[2020-09-08T17:33:55.591+0800][gc,task       ] GC(5) Using 8 workers of 8 for evacuation
[2020-09-08T17:33:55.601+0800][gc,phases     ] GC(5)   Pre Evacuate Collection Set: 0.0ms
[2020-09-08T17:33:55.601+0800][gc,phases     ] GC(5)   Evacuate Collection Set: 8.2ms
[2020-09-08T17:33:55.601+0800][gc,phases     ] GC(5)   Post Evacuate Collection Set: 0.9ms
[2020-09-08T17:33:55.601+0800][gc,phases     ] GC(5)   Other: 0.2ms
[2020-09-08T17:33:55.601+0800][gc,heap       ] GC(5) Eden regions: 46->0(46)
[2020-09-08T17:33:55.601+0800][gc,heap       ] GC(5) Survivor regions: 5->5(7)
[2020-09-08T17:33:55.601+0800][gc,heap       ] GC(5) Old regions: 7->9
[2020-09-08T17:33:55.601+0800][gc,heap       ] GC(5) Humongous regions: 129->129
[2020-09-08T17:33:55.601+0800][gc,metaspace  ] GC(5) Metaspace: 41380K->41380K(1087488K)
[2020-09-08T17:33:55.601+0800][gc            ] GC(5) Pause Young (Normal) (G1 Evacuation Pause) 185M->141M(1024M) 9.753ms
[2020-09-08T17:33:55.601+0800][gc,cpu        ] GC(5) User=0.03s Sys=0.00s Real=0.01s
[2020-09-08T17:34:00.769+0800][gc,start      ] GC(6) Pause Young (Normal) (G1 Evacuation Pause)
[2020-09-08T17:34:00.769+0800][gc,task       ] GC(6) Using 8 workers of 8 for evacuation
[2020-09-08T17:34:00.774+0800][gc,phases     ] GC(6)   Pre Evacuate Collection Set: 0.0ms
[2020-09-08T17:34:00.774+0800][gc,phases     ] GC(6)   Evacuate Collection Set: 4.2ms
[2020-09-08T17:34:00.774+0800][gc,phases     ] GC(6)   Post Evacuate Collection Set: 0.2ms
[2020-09-08T17:34:00.774+0800][gc,phases     ] GC(6)   Other: 0.3ms
[2020-09-08T17:34:00.774+0800][gc,heap       ] GC(6) Eden regions: 46->0(48)
[2020-09-08T17:34:00.774+0800][gc,heap       ] GC(6) Survivor regions: 5->3(7)
[2020-09-08T17:34:00.774+0800][gc,heap       ] GC(6) Old regions: 9->11
[2020-09-08T17:34:00.774+0800][gc,heap       ] GC(6) Humongous regions: 129->129
[2020-09-08T17:34:00.774+0800][gc,metaspace  ] GC(6) Metaspace: 41463K->41463K(1087488K)
[2020-09-08T17:34:00.774+0800][gc            ] GC(6) Pause Young (Normal) (G1 Evacuation Pause) 187M->141M(1024M) 5.008ms
[2020-09-08T17:34:00.774+0800][gc,cpu        ] GC(6) User=0.03s Sys=0.00s Real=0.01s
[2020-09-08T17:34:11.022+0800][gc,start      ] GC(7) Pause Young (Normal) (G1 Evacuation Pause)
[2020-09-08T17:34:11.022+0800][gc,task       ] GC(7) Using 8 workers of 8 for evacuation
[2020-09-08T17:34:11.024+0800][gc,phases     ] GC(7)   Pre Evacuate Collection Set: 0.0ms
[2020-09-08T17:34:11.024+0800][gc,phases     ] GC(7)   Evacuate Collection Set: 1.5ms
[2020-09-08T17:34:11.024+0800][gc,phases     ] GC(7)   Post Evacuate Collection Set: 0.2ms
[2020-09-08T17:34:11.024+0800][gc,phases     ] GC(7)   Other: 0.4ms
[2020-09-08T17:34:11.024+0800][gc,heap       ] GC(7) Eden regions: 48->0(48)
[2020-09-08T17:34:11.024+0800][gc,heap       ] GC(7) Survivor regions: 3->3(7)
[2020-09-08T17:34:11.024+0800][gc,heap       ] GC(7) Old regions: 11->11
[2020-09-08T17:34:11.024+0800][gc,heap       ] GC(7) Humongous regions: 129->129
[2020-09-08T17:34:11.024+0800][gc,metaspace  ] GC(7) Metaspace: 41543K->41543K(1087488K)
[2020-09-08T17:34:11.024+0800][gc            ] GC(7) Pause Young (Normal) (G1 Evacuation Pause) 189M->141M(1024M) 2.230ms
[2020-09-08T17:34:11.024+0800][gc,cpu        ] GC(7) User=0.01s Sys=0.00s Real=0.00s
[2020-09-08T17:40:08.964+0800][gc,start      ] GC(8) Pause Young (Normal) (G1 Evacuation Pause)
[2020-09-08T17:40:08.966+0800][gc,task       ] GC(8) Using 8 workers of 8 for evacuation
[2020-09-08T17:40:08.970+0800][gc,phases     ] GC(8)   Pre Evacuate Collection Set: 0.0ms
[2020-09-08T17:40:08.970+0800][gc,phases     ] GC(8)   Evacuate Collection Set: 3.7ms
[2020-09-08T17:40:08.970+0800][gc,phases     ] GC(8)   Post Evacuate Collection Set: 0.5ms
[2020-09-08T17:40:08.970+0800][gc,phases     ] GC(8)   Other: 2.2ms
[2020-09-08T17:40:08.970+0800][gc,heap       ] GC(8) Eden regions: 48->0(62)
[2020-09-08T17:40:08.970+0800][gc,heap       ] GC(8) Survivor regions: 3->3(7)
[2020-09-08T17:40:08.970+0800][gc,heap       ] GC(8) Old regions: 11->11
[2020-09-08T17:40:08.970+0800][gc,heap       ] GC(8) Humongous regions: 129->129
[2020-09-08T17:40:08.970+0800][gc,metaspace  ] GC(8) Metaspace: 44510K->44510K(1089536K)
[2020-09-08T17:40:08.970+0800][gc            ] GC(8) Pause Young (Normal) (G1 Evacuation Pause) 189M->141M(1024M) 6.634ms
[2020-09-08T17:40:08.970+0800][gc,cpu        ] GC(8) User=0.02s Sys=0.00s Real=0.01s
[2020-09-08T17:49:38.336+0800][gc,start      ] GC(9) Pause Young (Normal) (G1 Evacuation Pause)
[2020-09-08T17:49:38.338+0800][gc,task       ] GC(9) Using 8 workers of 8 for evacuation
[2020-09-08T17:49:38.346+0800][gc,phases     ] GC(9)   Pre Evacuate Collection Set: 0.1ms
[2020-09-08T17:49:38.346+0800][gc,phases     ] GC(9)   Evacuate Collection Set: 6.6ms
[2020-09-08T17:49:38.346+0800][gc,phases     ] GC(9)   Post Evacuate Collection Set: 0.6ms
[2020-09-08T17:49:38.346+0800][gc,phases     ] GC(9)   Other: 2.4ms
[2020-09-08T17:49:38.346+0800][gc,heap       ] GC(9) Eden regions: 62->0(61)
[2020-09-08T17:49:38.346+0800][gc,heap       ] GC(9) Survivor regions: 3->7(9)
[2020-09-08T17:49:38.346+0800][gc,heap       ] GC(9) Old regions: 11->11
[2020-09-08T17:49:38.346+0800][gc,heap       ] GC(9) Humongous regions: 129->129
[2020-09-08T17:49:38.346+0800][gc,metaspace  ] GC(9) Metaspace: 48659K->48659K(1093632K)
[2020-09-08T17:49:38.346+0800][gc            ] GC(9) Pause Young (Normal) (G1 Evacuation Pause) 203M->145M(1024M) 9.847ms
[2020-09-08T17:49:38.346+0800][gc,cpu        ] GC(9) User=0.04s Sys=0.00s Real=0.01s
[2020-09-08T18:03:23.786+0800][gc,start      ] GC(10) Pause Young (Normal) (G1 Evacuation Pause)
[2020-09-08T18:03:23.786+0800][gc,task       ] GC(10) Using 8 workers of 8 for evacuation
[2020-09-08T18:03:23.798+0800][gc,phases     ] GC(10)   Pre Evacuate Collection Set: 0.0ms
[2020-09-08T18:03:23.798+0800][gc,phases     ] GC(10)   Evacuate Collection Set: 11.6ms
[2020-09-08T18:03:23.798+0800][gc,phases     ] GC(10)   Post Evacuate Collection Set: 0.6ms
[2020-09-08T18:03:23.799+0800][gc,phases     ] GC(10)   Other: 0.4ms
[2020-09-08T18:03:23.799+0800][gc,heap       ] GC(10) Eden regions: 61->0(61)
[2020-09-08T18:03:23.799+0800][gc,heap       ] GC(10) Survivor regions: 7->6(9)
[2020-09-08T18:03:23.799+0800][gc,heap       ] GC(10) Old regions: 11->12
[2020-09-08T18:03:23.799+0800][gc,heap       ] GC(10) Humongous regions: 129->129
[2020-09-08T18:03:23.799+0800][gc,metaspace  ] GC(10) Metaspace: 49211K->49211K(1093632K)
[2020-09-08T18:03:23.799+0800][gc            ] GC(10) Pause Young (Normal) (G1 Evacuation Pause) 206M->146M(1024M) 12.827ms
[2020-09-08T18:03:23.799+0800][gc,cpu        ] GC(10) User=0.05s Sys=0.03s Real=0.01s
[2020-09-08T18:17:48.889+0800][gc,start      ] GC(11) Pause Young (Normal) (G1 Evacuation Pause)
[2020-09-08T18:17:48.891+0800][gc,task       ] GC(11) Using 8 workers of 8 for evacuation
[2020-09-08T18:17:48.899+0800][gc,phases     ] GC(11)   Pre Evacuate Collection Set: 0.1ms
[2020-09-08T18:17:48.899+0800][gc,phases     ] GC(11)   Evacuate Collection Set: 6.4ms
[2020-09-08T18:17:48.899+0800][gc,phases     ] GC(11)   Post Evacuate Collection Set: 0.5ms
[2020-09-08T18:17:48.899+0800][gc,phases     ] GC(11)   Other: 2.4ms
[2020-09-08T18:17:48.899+0800][gc,heap       ] GC(11) Eden regions: 61->0(67)
[2020-09-08T18:17:48.899+0800][gc,heap       ] GC(11) Survivor regions: 6->4(9)
[2020-09-08T18:17:48.899+0800][gc,heap       ] GC(11) Old regions: 12->15
[2020-09-08T18:17:48.899+0800][gc,heap       ] GC(11) Humongous regions: 129->129
[2020-09-08T18:17:48.899+0800][gc,metaspace  ] GC(11) Metaspace: 49308K->49308K(1093632K)
[2020-09-08T18:17:48.899+0800][gc            ] GC(11) Pause Young (Normal) (G1 Evacuation Pause) 207M->147M(1024M) 9.464ms
[2020-09-08T18:17:48.899+0800][gc,cpu        ] GC(11) User=0.05s Sys=0.00s Real=0.01s
[2020-09-08T18:33:54.295+0800][gc,start      ] GC(12) Pause Young (Normal) (G1 Evacuation Pause)
[2020-09-08T18:33:54.295+0800][gc,task       ] GC(12) Using 8 workers of 8 for evacuation
[2020-09-08T18:33:54.299+0800][gc,phases     ] GC(12)   Pre Evacuate Collection Set: 0.0ms
[2020-09-08T18:33:54.299+0800][gc,phases     ] GC(12)   Evacuate Collection Set: 3.3ms
[2020-09-08T18:33:54.299+0800][gc,phases     ] GC(12)   Post Evacuate Collection Set: 0.3ms
[2020-09-08T18:33:54.299+0800][gc,phases     ] GC(12)   Other: 0.5ms
[2020-09-08T18:33:54.299+0800][gc,heap       ] GC(12) Eden regions: 67->0(169)
[2020-09-08T18:33:54.299+0800][gc,heap       ] GC(12) Survivor regions: 4->4(9)
[2020-09-08T18:33:54.299+0800][gc,heap       ] GC(12) Old regions: 15->15
[2020-09-08T18:33:54.299+0800][gc,heap       ] GC(12) Humongous regions: 129->129
[2020-09-08T18:33:54.299+0800][gc,metaspace  ] GC(12) Metaspace: 49427K->49427K(1093632K)
[2020-09-08T18:33:54.299+0800][gc            ] GC(12) Pause Young (Normal) (G1 Evacuation Pause) 214M->147M(1024M) 4.260ms
[2020-09-08T18:33:54.299+0800][gc,cpu        ] GC(12) User=0.03s Sys=0.00s Real=0.00s
[2020-09-08T19:14:12.114+0800][gc,start      ] GC(13) Pause Young (Normal) (G1 Evacuation Pause)
[2020-09-08T19:14:12.117+0800][gc,task       ] GC(13) Using 8 workers of 8 for evacuation
[2020-09-08T19:14:12.136+0800][gc,phases     ] GC(13)   Pre Evacuate Collection Set: 1.6ms
[2020-09-08T19:14:12.136+0800][gc,phases     ] GC(13)   Evacuate Collection Set: 16.5ms
[2020-09-08T19:14:12.136+0800][gc,phases     ] GC(13)   Post Evacuate Collection Set: 0.6ms
[2020-09-08T19:14:12.136+0800][gc,phases     ] GC(13)   Other: 3.6ms
[2020-09-08T19:14:12.136+0800][gc,heap       ] GC(13) Eden regions: 169->0(168)
[2020-09-08T19:14:12.136+0800][gc,heap       ] GC(13) Survivor regions: 4->5(22)
[2020-09-08T19:14:12.136+0800][gc,heap       ] GC(13) Old regions: 15->15
[2020-09-08T19:14:12.136+0800][gc,heap       ] GC(13) Humongous regions: 129->129
[2020-09-08T19:14:12.136+0800][gc,metaspace  ] GC(13) Metaspace: 49605K->49605K(1093632K)
[2020-09-08T19:14:12.136+0800][gc            ] GC(13) Pause Young (Normal) (G1 Evacuation Pause) 316M->147M(1024M) 22.298ms
[2020-09-08T19:14:12.136+0800][gc,cpu        ] GC(13) User=0.03s Sys=0.06s Real=0.02s
[2020-09-08T19:55:02.230+0800][gc,start      ] GC(14) Pause Young (Normal) (G1 Evacuation Pause)
[2020-09-08T19:55:02.232+0800][gc,task       ] GC(14) Using 8 workers of 8 for evacuation
[2020-09-08T19:55:02.237+0800][gc,phases     ] GC(14)   Pre Evacuate Collection Set: 0.0ms
[2020-09-08T19:55:02.237+0800][gc,phases     ] GC(14)   Evacuate Collection Set: 5.1ms
[2020-09-08T19:55:02.237+0800][gc,phases     ] GC(14)   Post Evacuate Collection Set: 0.3ms
[2020-09-08T19:55:02.238+0800][gc,phases     ] GC(14)   Other: 2.2ms
[2020-09-08T19:55:02.238+0800][gc,heap       ] GC(14) Eden regions: 168->0(197)
[2020-09-08T19:55:02.238+0800][gc,heap       ] GC(14) Survivor regions: 5->6(22)
[2020-09-08T19:55:02.238+0800][gc,heap       ] GC(14) Old regions: 15->15
[2020-09-08T19:55:02.238+0800][gc,heap       ] GC(14) Humongous regions: 129->129
[2020-09-08T19:55:02.238+0800][gc,metaspace  ] GC(14) Metaspace: 49704K->49704K(1095680K)
[2020-09-08T19:55:02.238+0800][gc            ] GC(14) Pause Young (Normal) (G1 Evacuation Pause) 315M->148M(1024M) 7.728ms
[2020-09-08T19:55:02.238+0800][gc,cpu        ] GC(14) User=0.04s Sys=0.00s Real=0.00s
[2020-09-08T20:43:48.587+0800][gc,start      ] GC(15) Pause Young (Normal) (G1 Evacuation Pause)
[2020-09-08T20:43:48.587+0800][gc,task       ] GC(15) Using 8 workers of 8 for evacuation
[2020-09-08T20:43:48.593+0800][gc,phases     ] GC(15)   Pre Evacuate Collection Set: 0.0ms
[2020-09-08T20:43:48.593+0800][gc,phases     ] GC(15)   Evacuate Collection Set: 5.7ms
[2020-09-08T20:43:48.593+0800][gc,phases     ] GC(15)   Post Evacuate Collection Set: 0.3ms
[2020-09-08T20:43:48.593+0800][gc,phases     ] GC(15)   Other: 0.7ms
[2020-09-08T20:43:48.593+0800][gc,heap       ] GC(15) Eden regions: 197->0(608)
[2020-09-08T20:43:48.593+0800][gc,heap       ] GC(15) Survivor regions: 6->6(26)
[2020-09-08T20:43:48.593+0800][gc,heap       ] GC(15) Old regions: 15->15
[2020-09-08T20:43:48.593+0800][gc,heap       ] GC(15) Humongous regions: 129->129
[2020-09-08T20:43:48.593+0800][gc,metaspace  ] GC(15) Metaspace: 49769K->49769K(1095680K)
[2020-09-08T20:43:48.593+0800][gc            ] GC(15) Pause Young (Normal) (G1 Evacuation Pause) 345M->148M(1024M) 6.827ms
[2020-09-08T20:43:48.593+0800][gc,cpu        ] GC(15) User=0.03s Sys=0.01s Real=0.01s
[2020-09-08T23:17:05.376+0800][gc,start      ] GC(16) Pause Young (Normal) (G1 Evacuation Pause)
[2020-09-08T23:17:05.378+0800][gc,task       ] GC(16) Using 8 workers of 8 for evacuation
[2020-09-08T23:17:05.411+0800][gc,mmu        ] GC(16) MMU target violated: 21.0ms (20.0ms/21.0ms)
[2020-09-08T23:17:05.411+0800][gc,phases     ] GC(16)   Pre Evacuate Collection Set: 0.6ms
[2020-09-08T23:17:05.411+0800][gc,phases     ] GC(16)   Evacuate Collection Set: 21.9ms
[2020-09-08T23:17:05.411+0800][gc,phases     ] GC(16)   Post Evacuate Collection Set: 1.3ms
[2020-09-08T23:17:05.411+0800][gc,phases     ] GC(16)   Other: 11.7ms
[2020-09-08T23:17:05.411+0800][gc,heap       ] GC(16) Eden regions: 608->0(214)
[2020-09-08T23:17:05.411+0800][gc,heap       ] GC(16) Survivor regions: 6->6(77)
[2020-09-08T23:17:05.411+0800][gc,heap       ] GC(16) Old regions: 15->15
[2020-09-08T23:17:05.411+0800][gc,heap       ] GC(16) Humongous regions: 129->129
[2020-09-08T23:17:05.411+0800][gc,metaspace  ] GC(16) Metaspace: 49968K->49968K(1095680K)
[2020-09-08T23:17:05.411+0800][gc            ] GC(16) Pause Young (Normal) (G1 Evacuation Pause) 756M->148M(1024M) 35.576ms
[2020-09-08T23:17:05.411+0800][gc,cpu        ] GC(16) User=0.05s Sys=0.05s Real=0.04s
[2020-09-09T00:09:07.516+0800][gc,start      ] GC(17) Pause Young (Normal) (G1 Evacuation Pause)
[2020-09-09T00:09:07.518+0800][gc,task       ] GC(17) Using 8 workers of 8 for evacuation
[2020-09-09T00:09:07.563+0800][gc,mmu        ] GC(17) MMU target violated: 21.0ms (20.0ms/21.0ms)
[2020-09-09T00:09:07.563+0800][gc,phases     ] GC(17)   Pre Evacuate Collection Set: 0.1ms
[2020-09-09T00:09:07.563+0800][gc,phases     ] GC(17)   Evacuate Collection Set: 43.6ms
[2020-09-09T00:09:07.563+0800][gc,phases     ] GC(17)   Post Evacuate Collection Set: 0.4ms
[2020-09-09T00:09:07.563+0800][gc,phases     ] GC(17)   Other: 2.9ms
[2020-09-09T00:09:07.563+0800][gc,heap       ] GC(17) Eden regions: 209->0(45)
[2020-09-09T00:09:07.563+0800][gc,heap       ] GC(17) Survivor regions: 6->6(27)
[2020-09-09T00:09:07.563+0800][gc,heap       ] GC(17) Old regions: 15->15
[2020-09-09T00:09:07.563+0800][gc,heap       ] GC(17) Humongous regions: 129->129
[2020-09-09T00:09:07.563+0800][gc,metaspace  ] GC(17) Metaspace: 50011K->50011K(1095680K)
[2020-09-09T00:09:07.563+0800][gc            ] GC(17) Pause Young (Normal) (G1 Evacuation Pause) 357M->148M(1024M) 47.025ms
[2020-09-09T00:09:07.563+0800][gc,cpu        ] GC(17) User=0.10s Sys=0.13s Real=0.05s
[2020-09-09T00:20:25.414+0800][gc,start      ] GC(18) Pause Young (Normal) (G1 Evacuation Pause)
[2020-09-09T00:20:25.415+0800][gc,task       ] GC(18) Using 8 workers of 8 for evacuation
[2020-09-09T00:20:25.425+0800][gc,phases     ] GC(18)   Pre Evacuate Collection Set: 0.1ms
[2020-09-09T00:20:25.425+0800][gc,phases     ] GC(18)   Evacuate Collection Set: 8.6ms
[2020-09-09T00:20:25.425+0800][gc,phases     ] GC(18)   Post Evacuate Collection Set: 0.4ms
[2020-09-09T00:20:25.425+0800][gc,phases     ] GC(18)   Other: 1.6ms
[2020-09-09T00:20:25.425+0800][gc,heap       ] GC(18) Eden regions: 45->0(52)
[2020-09-09T00:20:25.425+0800][gc,heap       ] GC(18) Survivor regions: 6->4(7)
[2020-09-09T00:20:25.425+0800][gc,heap       ] GC(18) Old regions: 15->17
[2020-09-09T00:20:25.425+0800][gc,heap       ] GC(18) Humongous regions: 129->129
[2020-09-09T00:20:25.425+0800][gc,metaspace  ] GC(18) Metaspace: 50019K->50019K(1095680K)
[2020-09-09T00:20:25.425+0800][gc            ] GC(18) Pause Young (Normal) (G1 Evacuation Pause) 193M->148M(1024M) 10.808ms
[2020-09-09T00:20:25.425+0800][gc,cpu        ] GC(18) User=0.04s Sys=0.01s Real=0.01s
[2020-09-09T00:33:37.978+0800][gc,start      ] GC(19) Pause Young (Normal) (G1 Evacuation Pause)
[2020-09-09T00:33:37.978+0800][gc,task       ] GC(19) Using 8 workers of 8 for evacuation
[2020-09-09T00:33:37.984+0800][gc,phases     ] GC(19)   Pre Evacuate Collection Set: 0.1ms
[2020-09-09T00:33:37.984+0800][gc,phases     ] GC(19)   Evacuate Collection Set: 5.7ms
[2020-09-09T00:33:37.984+0800][gc,phases     ] GC(19)   Post Evacuate Collection Set: 0.2ms
[2020-09-09T00:33:37.984+0800][gc,phases     ] GC(19)   Other: 0.6ms
[2020-09-09T00:33:37.984+0800][gc,heap       ] GC(19) Eden regions: 52->0(50)
[2020-09-09T00:33:37.984+0800][gc,heap       ] GC(19) Survivor regions: 4->6(7)
[2020-09-09T00:33:37.984+0800][gc,heap       ] GC(19) Old regions: 17->17
[2020-09-09T00:33:37.984+0800][gc,heap       ] GC(19) Humongous regions: 129->129
[2020-09-09T00:33:37.984+0800][gc,metaspace  ] GC(19) Metaspace: 50020K->50020K(1095680K)
[2020-09-09T00:33:37.984+0800][gc            ] GC(19) Pause Young (Normal) (G1 Evacuation Pause) 200M->151M(1024M) 6.708ms
[2020-09-09T00:33:37.984+0800][gc,cpu        ] GC(19) User=0.05s Sys=0.01s Real=0.01s
[2020-09-09T00:43:23.294+0800][gc,start      ] GC(20) Pause Young (Normal) (G1 Evacuation Pause)
[2020-09-09T00:43:23.294+0800][gc,task       ] GC(20) Using 8 workers of 8 for evacuation
[2020-09-09T00:43:23.304+0800][gc,phases     ] GC(20)   Pre Evacuate Collection Set: 0.0ms
[2020-09-09T00:43:23.304+0800][gc,phases     ] GC(20)   Evacuate Collection Set: 9.1ms
[2020-09-09T00:43:23.304+0800][gc,phases     ] GC(20)   Post Evacuate Collection Set: 0.3ms
[2020-09-09T00:43:23.304+0800][gc,phases     ] GC(20)   Other: 0.3ms
[2020-09-09T00:43:23.304+0800][gc,heap       ] GC(20) Eden regions: 45->0(45)
[2020-09-09T00:43:23.304+0800][gc,heap       ] GC(20) Survivor regions: 6->6(7)
[2020-09-09T00:43:23.304+0800][gc,heap       ] GC(20) Old regions: 17->22
[2020-09-09T00:43:23.304+0800][gc,heap       ] GC(20) Humongous regions: 129->129
[2020-09-09T00:43:23.304+0800][gc,metaspace  ] GC(20) Metaspace: 50025K->50025K(1095680K)
[2020-09-09T00:43:23.304+0800][gc            ] GC(20) Pause Young (Normal) (G1 Evacuation Pause) 196M->155M(1024M) 9.824ms
[2020-09-09T00:43:23.304+0800][gc,cpu        ] GC(20) User=0.06s Sys=0.01s Real=0.01s
[2020-09-09T00:54:46.203+0800][gc,start      ] GC(21) Pause Young (Normal) (G1 Evacuation Pause)
[2020-09-09T00:54:46.204+0800][gc,task       ] GC(21) Using 8 workers of 8 for evacuation
[2020-09-09T00:54:46.214+0800][gc,phases     ] GC(21)   Pre Evacuate Collection Set: 0.1ms
[2020-09-09T00:54:46.214+0800][gc,phases     ] GC(21)   Evacuate Collection Set: 10.1ms
[2020-09-09T00:54:46.214+0800][gc,phases     ] GC(21)   Post Evacuate Collection Set: 0.3ms
[2020-09-09T00:54:46.214+0800][gc,phases     ] GC(21)   Other: 0.4ms
[2020-09-09T00:54:46.214+0800][gc,heap       ] GC(21) Eden regions: 45->0(60)
[2020-09-09T00:54:46.214+0800][gc,heap       ] GC(21) Survivor regions: 6->4(7)
[2020-09-09T00:54:46.214+0800][gc,heap       ] GC(21) Old regions: 22->25
[2020-09-09T00:54:46.214+0800][gc,heap       ] GC(21) Humongous regions: 129->129
[2020-09-09T00:54:46.214+0800][gc,metaspace  ] GC(21) Metaspace: 50025K->50025K(1095680K)
[2020-09-09T00:54:46.214+0800][gc            ] GC(21) Pause Young (Normal) (G1 Evacuation Pause) 200M->157M(1024M) 11.004ms
[2020-09-09T00:54:46.215+0800][gc,cpu        ] GC(21) User=0.05s Sys=0.00s Real=0.01s
[2020-09-09T01:09:56.450+0800][gc,start      ] GC(22) Pause Young (Normal) (G1 Evacuation Pause)
[2020-09-09T01:09:56.452+0800][gc,task       ] GC(22) Using 8 workers of 8 for evacuation
[2020-09-09T01:09:56.461+0800][gc,phases     ] GC(22)   Pre Evacuate Collection Set: 0.1ms
[2020-09-09T01:09:56.461+0800][gc,phases     ] GC(22)   Evacuate Collection Set: 7.8ms
[2020-09-09T01:09:56.461+0800][gc,phases     ] GC(22)   Post Evacuate Collection Set: 0.3ms
[2020-09-09T01:09:56.461+0800][gc,phases     ] GC(22)   Other: 2.7ms
[2020-09-09T01:09:56.461+0800][gc,heap       ] GC(22) Eden regions: 60->0(64)
[2020-09-09T01:09:56.461+0800][gc,heap       ] GC(22) Survivor regions: 4->7(8)
[2020-09-09T01:09:56.461+0800][gc,heap       ] GC(22) Old regions: 25->25
[2020-09-09T01:09:56.461+0800][gc,heap       ] GC(22) Humongous regions: 129->129
[2020-09-09T01:09:56.461+0800][gc,metaspace  ] GC(22) Metaspace: 50028K->50028K(1095680K)
[2020-09-09T01:09:56.461+0800][gc            ] GC(22) Pause Young (Normal) (G1 Evacuation Pause) 217M->160M(1024M) 11.151ms
[2020-09-09T01:09:56.461+0800][gc,cpu        ] GC(22) User=0.06s Sys=0.00s Real=0.01s
[2020-09-09T01:26:09.811+0800][gc,start      ] GC(23) Pause Young (Normal) (G1 Evacuation Pause)
[2020-09-09T01:26:09.813+0800][gc,task       ] GC(23) Using 8 workers of 8 for evacuation
[2020-09-09T01:26:09.826+0800][gc,phases     ] GC(23)   Pre Evacuate Collection Set: 0.1ms
[2020-09-09T01:26:09.826+0800][gc,phases     ] GC(23)   Evacuate Collection Set: 11.0ms
[2020-09-09T01:26:09.826+0800][gc,phases     ] GC(23)   Post Evacuate Collection Set: 0.4ms
[2020-09-09T01:26:09.826+0800][gc,phases     ] GC(23)   Other: 3.1ms
[2020-09-09T01:26:09.826+0800][gc,heap       ] GC(23) Eden regions: 64->0(68)
[2020-09-09T01:26:09.826+0800][gc,heap       ] GC(23) Survivor regions: 7->9(9)
[2020-09-09T01:26:09.826+0800][gc,heap       ] GC(23) Old regions: 25->27
[2020-09-09T01:26:09.826+0800][gc,heap       ] GC(23) Humongous regions: 129->129
[2020-09-09T01:26:09.826+0800][gc,metaspace  ] GC(23) Metaspace: 50035K->50035K(1095680K)
[2020-09-09T01:26:09.826+0800][gc            ] GC(23) Pause Young (Normal) (G1 Evacuation Pause) 224M->164M(1024M) 14.812ms
[2020-09-09T01:26:09.826+0800][gc,cpu        ] GC(23) User=0.08s Sys=0.00s Real=0.01s
[2020-09-09T01:41:53.267+0800][gc,start      ] GC(24) Pause Young (Normal) (G1 Evacuation Pause)
[2020-09-09T01:41:53.277+0800][gc,task       ] GC(24) Using 8 workers of 8 for evacuation
[2020-09-09T01:41:53.290+0800][gc,phases     ] GC(24)   Pre Evacuate Collection Set: 0.0ms
[2020-09-09T01:41:53.293+0800][gc,phases     ] GC(24)   Evacuate Collection Set: 12.6ms
[2020-09-09T01:41:53.293+0800][gc,phases     ] GC(24)   Post Evacuate Collection Set: 0.3ms
[2020-09-09T01:41:53.293+0800][gc,phases     ] GC(24)   Other: 10.2ms
[2020-09-09T01:41:53.293+0800][gc,heap       ] GC(24) Eden regions: 68->0(56)
[2020-09-09T01:41:53.293+0800][gc,heap       ] GC(24) Survivor regions: 9->10(10)
[2020-09-09T01:41:53.293+0800][gc,heap       ] GC(24) Old regions: 27->33
[2020-09-09T01:41:53.293+0800][gc,heap       ] GC(24) Humongous regions: 129->129
[2020-09-09T01:41:53.293+0800][gc,metaspace  ] GC(24) Metaspace: 50046K->50046K(1095680K)
[2020-09-09T01:41:53.293+0800][gc            ] GC(24) Pause Young (Normal) (G1 Evacuation Pause) 232M->171M(1024M) 25.496ms
[2020-09-09T01:41:53.293+0800][gc,cpu        ] GC(24) User=0.09s Sys=0.01s Real=0.03s
[2020-09-09T01:56:02.921+0800][gc,start      ] GC(25) Pause Young (Normal) (G1 Evacuation Pause)
[2020-09-09T01:56:02.923+0800][gc,task       ] GC(25) Using 8 workers of 8 for evacuation
[2020-09-09T01:56:02.937+0800][gc,phases     ] GC(25)   Pre Evacuate Collection Set: 0.1ms
[2020-09-09T01:56:02.937+0800][gc,phases     ] GC(25)   Evacuate Collection Set: 12.8ms
[2020-09-09T01:56:02.937+0800][gc,phases     ] GC(25)   Post Evacuate Collection Set: 0.4ms
[2020-09-09T01:56:02.937+0800][gc,phases     ] GC(25)   Other: 2.9ms
[2020-09-09T01:56:02.937+0800][gc,heap       ] GC(25) Eden regions: 56->0(63)
[2020-09-09T01:56:02.937+0800][gc,heap       ] GC(25) Survivor regions: 10->5(9)
[2020-09-09T01:56:02.937+0800][gc,heap       ] GC(25) Old regions: 33->41
[2020-09-09T01:56:02.937+0800][gc,heap       ] GC(25) Humongous regions: 129->129
[2020-09-09T01:56:02.937+0800][gc,metaspace  ] GC(25) Metaspace: 50046K->50046K(1095680K)
[2020-09-09T01:56:02.937+0800][gc            ] GC(25) Pause Young (Normal) (G1 Evacuation Pause) 227M->173M(1024M) 16.348ms
[2020-09-09T01:56:02.937+0800][gc,cpu        ] GC(25) User=0.08s Sys=0.01s Real=0.01s
[2020-09-09T02:12:02.236+0800][gc,start      ] GC(26) Pause Young (Normal) (G1 Evacuation Pause)
[2020-09-09T02:12:02.238+0800][gc,task       ] GC(26) Using 8 workers of 8 for evacuation
[2020-09-09T02:12:02.248+0800][gc,phases     ] GC(26)   Pre Evacuate Collection Set: 0.0ms
[2020-09-09T02:12:02.248+0800][gc,phases     ] GC(26)   Evacuate Collection Set: 8.4ms
[2020-09-09T02:12:02.248+0800][gc,phases     ] GC(26)   Post Evacuate Collection Set: 0.4ms
[2020-09-09T02:12:02.248+0800][gc,phases     ] GC(26)   Other: 2.3ms
[2020-09-09T02:12:02.248+0800][gc,heap       ] GC(26) Eden regions: 63->0(64)
[2020-09-09T02:12:02.248+0800][gc,heap       ] GC(26) Survivor regions: 5->8(9)
[2020-09-09T02:12:02.248+0800][gc,heap       ] GC(26) Old regions: 41->41
[2020-09-09T02:12:02.248+0800][gc,heap       ] GC(26) Humongous regions: 129->129
[2020-09-09T02:12:02.248+0800][gc,metaspace  ] GC(26) Metaspace: 50076K->50076K(1095680K)
[2020-09-09T02:12:02.248+0800][gc            ] GC(26) Pause Young (Normal) (G1 Evacuation Pause) 236M->176M(1024M) 11.324ms
[2020-09-09T02:12:02.248+0800][gc,cpu        ] GC(26) User=0.06s Sys=0.00s Real=0.01s
[2020-09-09T02:28:13.395+0800][gc,start      ] GC(27) Pause Young (Normal) (G1 Evacuation Pause)
[2020-09-09T02:28:13.397+0800][gc,task       ] GC(27) Using 8 workers of 8 for evacuation
[2020-09-09T02:28:13.409+0800][gc,phases     ] GC(27)   Pre Evacuate Collection Set: 0.1ms
[2020-09-09T02:28:13.409+0800][gc,phases     ] GC(27)   Evacuate Collection Set: 10.5ms
[2020-09-09T02:28:13.409+0800][gc,phases     ] GC(27)   Post Evacuate Collection Set: 0.4ms
[2020-09-09T02:28:13.409+0800][gc,phases     ] GC(27)   Other: 3.5ms
[2020-09-09T02:28:13.409+0800][gc,heap       ] GC(27) Eden regions: 64->0(69)
[2020-09-09T02:28:13.409+0800][gc,heap       ] GC(27) Survivor regions: 8->9(9)
[2020-09-09T02:28:13.409+0800][gc,heap       ] GC(27) Old regions: 41->44
[2020-09-09T02:28:13.409+0800][gc,heap       ] GC(27) Humongous regions: 129->129
[2020-09-09T02:28:13.409+0800][gc,metaspace  ] GC(27) Metaspace: 50078K->50078K(1095680K)
[2020-09-09T02:28:13.409+0800][gc            ] GC(27) Pause Young (Normal) (G1 Evacuation Pause) 240M->181M(1024M) 14.530ms
[2020-09-09T02:28:13.409+0800][gc,cpu        ] GC(27) User=0.08s Sys=0.01s Real=0.01s
[2020-09-09T02:44:12.364+0800][gc,start      ] GC(28) Pause Young (Normal) (G1 Evacuation Pause)
[2020-09-09T02:44:12.364+0800][gc,task       ] GC(28) Using 8 workers of 8 for evacuation
[2020-09-09T02:44:12.381+0800][gc,phases     ] GC(28)   Pre Evacuate Collection Set: 0.0ms
[2020-09-09T02:44:12.381+0800][gc,phases     ] GC(28)   Evacuate Collection Set: 15.5ms
[2020-09-09T02:44:12.381+0800][gc,phases     ] GC(28)   Post Evacuate Collection Set: 0.4ms
[2020-09-09T02:44:12.381+0800][gc,phases     ] GC(28)   Other: 0.4ms
[2020-09-09T02:44:12.381+0800][gc,heap       ] GC(28) Eden regions: 69->0(69)
[2020-09-09T02:44:12.381+0800][gc,heap       ] GC(28) Survivor regions: 9->10(10)
[2020-09-09T02:44:12.381+0800][gc,heap       ] GC(28) Old regions: 44->48
[2020-09-09T02:44:12.381+0800][gc,heap       ] GC(28) Humongous regions: 129->129
[2020-09-09T02:44:12.381+0800][gc,metaspace  ] GC(28) Metaspace: 50078K->50078K(1095680K)
[2020-09-09T02:44:12.381+0800][gc            ] GC(28) Pause Young (Normal) (G1 Evacuation Pause) 250M->187M(1024M) 16.457ms
[2020-09-09T02:44:12.381+0800][gc,cpu        ] GC(28) User=0.11s Sys=0.00s Real=0.02s
[2020-09-09T03:01:42.781+0800][gc,start      ] GC(29) Pause Young (Normal) (G1 Evacuation Pause)
[2020-09-09T03:01:42.781+0800][gc,task       ] GC(29) Using 8 workers of 8 for evacuation
[2020-09-09T03:01:42.797+0800][gc,phases     ] GC(29)   Pre Evacuate Collection Set: 0.1ms
[2020-09-09T03:01:42.797+0800][gc,phases     ] GC(29)   Evacuate Collection Set: 15.2ms
[2020-09-09T03:01:42.797+0800][gc,phases     ] GC(29)   Post Evacuate Collection Set: 0.7ms
[2020-09-09T03:01:42.798+0800][gc,phases     ] GC(29)   Other: 0.5ms
[2020-09-09T03:01:42.798+0800][gc,heap       ] GC(29) Eden regions: 69->0(78)
[2020-09-09T03:01:42.798+0800][gc,heap       ] GC(29) Survivor regions: 10->5(10)
[2020-09-09T03:01:42.798+0800][gc,heap       ] GC(29) Old regions: 48->56
[2020-09-09T03:01:42.798+0800][gc,heap       ] GC(29) Humongous regions: 129->129
[2020-09-09T03:01:42.798+0800][gc,metaspace  ] GC(29) Metaspace: 50078K->50078K(1095680K)
[2020-09-09T03:01:42.798+0800][gc            ] GC(29) Pause Young (Normal) (G1 Evacuation Pause) 256M->188M(1024M) 16.882ms
[2020-09-09T03:01:42.798+0800][gc,cpu        ] GC(29) User=0.09s Sys=0.01s Real=0.01s
[2020-09-09T03:21:30.760+0800][gc,start      ] GC(30) Pause Young (Normal) (G1 Evacuation Pause)
[2020-09-09T03:21:30.761+0800][gc,task       ] GC(30) Using 8 workers of 8 for evacuation
[2020-09-09T03:21:30.770+0800][gc,phases     ] GC(30)   Pre Evacuate Collection Set: 0.0ms
[2020-09-09T03:21:30.770+0800][gc,phases     ] GC(30)   Evacuate Collection Set: 9.0ms
[2020-09-09T03:21:30.770+0800][gc,phases     ] GC(30)   Post Evacuate Collection Set: 0.3ms
[2020-09-09T03:21:30.770+0800][gc,phases     ] GC(30)   Other: 0.2ms
[2020-09-09T03:21:30.770+0800][gc,heap       ] GC(30) Eden regions: 78->0(76)
[2020-09-09T03:21:30.770+0800][gc,heap       ] GC(30) Survivor regions: 5->9(11)
[2020-09-09T03:21:30.770+0800][gc,heap       ] GC(30) Old regions: 56->56
[2020-09-09T03:21:30.770+0800][gc,heap       ] GC(30) Humongous regions: 129->129
[2020-09-09T03:21:30.770+0800][gc,metaspace  ] GC(30) Metaspace: 50079K->50079K(1095680K)
[2020-09-09T03:21:30.770+0800][gc            ] GC(30) Pause Young (Normal) (G1 Evacuation Pause) 266M->193M(1024M) 9.680ms
[2020-09-09T03:21:30.770+0800][gc,cpu        ] GC(30) User=0.05s Sys=0.01s Real=0.01s
[2020-09-09T03:39:18.380+0800][gc,start      ] GC(31) Pause Young (Normal) (G1 Evacuation Pause)
[2020-09-09T03:39:18.381+0800][gc,task       ] GC(31) Using 8 workers of 8 for evacuation
[2020-09-09T03:39:18.399+0800][gc,phases     ] GC(31)   Pre Evacuate Collection Set: 0.1ms
[2020-09-09T03:39:18.399+0800][gc,phases     ] GC(31)   Evacuate Collection Set: 17.9ms
[2020-09-09T03:39:18.399+0800][gc,phases     ] GC(31)   Post Evacuate Collection Set: 0.3ms
[2020-09-09T03:39:18.399+0800][gc,phases     ] GC(31)   Other: 0.7ms
[2020-09-09T03:39:18.399+0800][gc,heap       ] GC(31) Eden regions: 76->0(72)
[2020-09-09T03:39:18.399+0800][gc,heap       ] GC(31) Survivor regions: 9->11(11)
[2020-09-09T03:39:18.399+0800][gc,heap       ] GC(31) Old regions: 56->61
[2020-09-09T03:39:18.399+0800][gc,heap       ] GC(31) Humongous regions: 129->129
[2020-09-09T03:39:18.399+0800][gc,metaspace  ] GC(31) Metaspace: 50086K->50086K(1095680K)
[2020-09-09T03:39:18.399+0800][gc            ] GC(31) Pause Young (Normal) (G1 Evacuation Pause) 269M->200M(1024M) 19.175ms
[2020-09-09T03:39:18.399+0800][gc,cpu        ] GC(31) User=0.09s Sys=0.01s Real=0.01s
[2020-09-09T03:57:38.140+0800][gc,start      ] GC(32) Pause Young (Normal) (G1 Evacuation Pause)
[2020-09-09T03:57:38.140+0800][gc,task       ] GC(32) Using 8 workers of 8 for evacuation
[2020-09-09T03:57:38.154+0800][gc,phases     ] GC(32)   Pre Evacuate Collection Set: 0.2ms
[2020-09-09T03:57:38.154+0800][gc,phases     ] GC(32)   Evacuate Collection Set: 12.9ms
[2020-09-09T03:57:38.154+0800][gc,phases     ] GC(32)   Post Evacuate Collection Set: 0.3ms
[2020-09-09T03:57:38.154+0800][gc,phases     ] GC(32)   Other: 1.1ms
[2020-09-09T03:57:38.154+0800][gc,heap       ] GC(32) Eden regions: 72->0(80)
[2020-09-09T03:57:38.154+0800][gc,heap       ] GC(32) Survivor regions: 11->5(11)
[2020-09-09T03:57:38.154+0800][gc,heap       ] GC(32) Old regions: 61->71
[2020-09-09T03:57:38.154+0800][gc,heap       ] GC(32) Humongous regions: 129->129
[2020-09-09T03:57:38.154+0800][gc,metaspace  ] GC(32) Metaspace: 50088K->50088K(1095680K)
[2020-09-09T03:57:38.154+0800][gc            ] GC(32) Pause Young (Normal) (G1 Evacuation Pause) 272M->204M(1024M) 14.408ms
[2020-09-09T03:57:38.154+0800][gc,cpu        ] GC(32) User=0.09s Sys=0.01s Real=0.01s
[2020-09-09T04:18:00.457+0800][gc,start      ] GC(33) Pause Young (Normal) (G1 Evacuation Pause)
[2020-09-09T04:18:00.458+0800][gc,task       ] GC(33) Using 8 workers of 8 for evacuation
[2020-09-09T04:18:00.470+0800][gc,phases     ] GC(33)   Pre Evacuate Collection Set: 0.0ms
[2020-09-09T04:18:00.470+0800][gc,phases     ] GC(33)   Evacuate Collection Set: 11.4ms
[2020-09-09T04:18:00.470+0800][gc,phases     ] GC(33)   Post Evacuate Collection Set: 0.3ms
[2020-09-09T04:18:00.470+0800][gc,phases     ] GC(33)   Other: 0.4ms
[2020-09-09T04:18:00.470+0800][gc,heap       ] GC(33) Eden regions: 80->0(79)
[2020-09-09T04:18:00.470+0800][gc,heap       ] GC(33) Survivor regions: 5->11(11)
[2020-09-09T04:18:00.470+0800][gc,heap       ] GC(33) Old regions: 71->71
[2020-09-09T04:18:00.470+0800][gc,heap       ] GC(33) Humongous regions: 129->129
[2020-09-09T04:18:00.470+0800][gc,metaspace  ] GC(33) Metaspace: 50091K->50091K(1095680K)
[2020-09-09T04:18:00.470+0800][gc            ] GC(33) Pause Young (Normal) (G1 Evacuation Pause) 284M->209M(1024M) 12.311ms
[2020-09-09T04:18:00.470+0800][gc,cpu        ] GC(33) User=0.08s Sys=0.00s Real=0.02s
[2020-09-09T04:36:31.081+0800][gc,start      ] GC(34) Pause Young (Normal) (G1 Evacuation Pause)
[2020-09-09T04:36:31.083+0800][gc,task       ] GC(34) Using 8 workers of 8 for evacuation
[2020-09-09T04:36:31.100+0800][gc,phases     ] GC(34)   Pre Evacuate Collection Set: 0.0ms
[2020-09-09T04:36:31.100+0800][gc,phases     ] GC(34)   Evacuate Collection Set: 16.0ms
[2020-09-09T04:36:31.100+0800][gc,phases     ] GC(34)   Post Evacuate Collection Set: 0.3ms
[2020-09-09T04:36:31.100+0800][gc,phases     ] GC(34)   Other: 2.3ms
[2020-09-09T04:36:31.100+0800][gc,heap       ] GC(34) Eden regions: 79->0(77)
[2020-09-09T04:36:31.100+0800][gc,heap       ] GC(34) Survivor regions: 11->12(12)
[2020-09-09T04:36:31.100+0800][gc,heap       ] GC(34) Old regions: 71->77
[2020-09-09T04:36:31.100+0800][gc,heap       ] GC(34) Humongous regions: 129->129
[2020-09-09T04:36:31.100+0800][gc,metaspace  ] GC(34) Metaspace: 50091K->50091K(1095680K)
[2020-09-09T04:36:31.100+0800][gc            ] GC(34) Pause Young (Normal) (G1 Evacuation Pause) 288M->217M(1024M) 18.707ms
[2020-09-09T04:36:31.100+0800][gc,cpu        ] GC(34) User=0.10s Sys=0.01s Real=0.02s
[2020-09-09T04:56:03.934+0800][gc,start      ] GC(35) Pause Young (Normal) (G1 Evacuation Pause)
[2020-09-09T04:56:03.934+0800][gc,task       ] GC(35) Using 8 workers of 8 for evacuation
[2020-09-09T04:56:03.948+0800][gc,phases     ] GC(35)   Pre Evacuate Collection Set: 0.1ms
[2020-09-09T04:56:03.948+0800][gc,phases     ] GC(35)   Evacuate Collection Set: 13.5ms
[2020-09-09T04:56:03.948+0800][gc,phases     ] GC(35)   Post Evacuate Collection Set: 0.3ms
[2020-09-09T04:56:03.948+0800][gc,phases     ] GC(35)   Other: 0.8ms
[2020-09-09T04:56:03.948+0800][gc,heap       ] GC(35) Eden regions: 77->0(85)
[2020-09-09T04:56:03.948+0800][gc,heap       ] GC(35) Survivor regions: 12->6(12)
[2020-09-09T04:56:03.948+0800][gc,heap       ] GC(35) Old regions: 77->88
[2020-09-09T04:56:03.948+0800][gc,heap       ] GC(35) Humongous regions: 129->129
[2020-09-09T04:56:03.948+0800][gc,metaspace  ] GC(35) Metaspace: 50091K->50091K(1095680K)
[2020-09-09T04:56:03.948+0800][gc            ] GC(35) Pause Young (Normal) (G1 Evacuation Pause) 294M->222M(1024M) 14.816ms
[2020-09-09T04:56:03.949+0800][gc,cpu        ] GC(35) User=0.09s Sys=0.01s Real=0.01s
[2020-09-09T05:17:47.477+0800][gc,start      ] GC(36) Pause Young (Normal) (G1 Evacuation Pause)
[2020-09-09T05:17:47.477+0800][gc,task       ] GC(36) Using 8 workers of 8 for evacuation
[2020-09-09T05:17:47.487+0800][gc,phases     ] GC(36)   Pre Evacuate Collection Set: 0.0ms
[2020-09-09T05:17:47.487+0800][gc,phases     ] GC(36)   Evacuate Collection Set: 9.0ms
[2020-09-09T05:17:47.487+0800][gc,phases     ] GC(36)   Post Evacuate Collection Set: 0.3ms
[2020-09-09T05:17:47.487+0800][gc,phases     ] GC(36)   Other: 0.6ms
[2020-09-09T05:17:47.487+0800][gc,heap       ] GC(36) Eden regions: 85->0(86)
[2020-09-09T05:17:47.487+0800][gc,heap       ] GC(36) Survivor regions: 6->11(12)
[2020-09-09T05:17:47.487+0800][gc,heap       ] GC(36) Old regions: 88->88
[2020-09-09T05:17:47.487+0800][gc,heap       ] GC(36) Humongous regions: 129->129
[2020-09-09T05:17:47.487+0800][gc,metaspace  ] GC(36) Metaspace: 50097K->50097K(1095680K)
[2020-09-09T05:17:47.487+0800][gc            ] GC(36) Pause Young (Normal) (G1 Evacuation Pause) 307M->226M(1024M) 10.203ms
[2020-09-09T05:17:47.487+0800][gc,cpu        ] GC(36) User=0.07s Sys=0.00s Real=0.01s
[2020-09-09T05:38:08.792+0800][gc,start      ] GC(37) Pause Young (Normal) (G1 Evacuation Pause)
[2020-09-09T05:38:08.794+0800][gc,task       ] GC(37) Using 8 workers of 8 for evacuation
[2020-09-09T05:38:08.824+0800][gc,mmu        ] GC(37) MMU target violated: 21.0ms (20.0ms/21.0ms)
[2020-09-09T05:38:08.824+0800][gc,phases     ] GC(37)   Pre Evacuate Collection Set: 0.1ms
[2020-09-09T05:38:08.824+0800][gc,phases     ] GC(37)   Evacuate Collection Set: 28.6ms
[2020-09-09T05:38:08.824+0800][gc,phases     ] GC(37)   Post Evacuate Collection Set: 0.3ms
[2020-09-09T05:38:08.824+0800][gc,phases     ] GC(37)   Other: 2.4ms
[2020-09-09T05:38:08.824+0800][gc,heap       ] GC(37) Eden regions: 86->0(58)
[2020-09-09T05:38:08.824+0800][gc,heap       ] GC(37) Survivor regions: 11->13(13)
[2020-09-09T05:38:08.824+0800][gc,heap       ] GC(37) Old regions: 88->93
[2020-09-09T05:38:08.824+0800][gc,heap       ] GC(37) Humongous regions: 129->129
[2020-09-09T05:38:08.824+0800][gc,metaspace  ] GC(37) Metaspace: 50097K->50097K(1095680K)
[2020-09-09T05:38:08.824+0800][gc            ] GC(37) Pause Young (Normal) (G1 Evacuation Pause) 312M->235M(1024M) 31.500ms
[2020-09-09T05:38:08.824+0800][gc,cpu        ] GC(37) User=0.09s Sys=0.07s Real=0.03s
[2020-09-09T05:52:51.944+0800][gc,start      ] GC(38) Pause Young (Normal) (G1 Evacuation Pause)
[2020-09-09T05:52:51.946+0800][gc,task       ] GC(38) Using 8 workers of 8 for evacuation
[2020-09-09T05:52:51.963+0800][gc,phases     ] GC(38)   Pre Evacuate Collection Set: 0.0ms
[2020-09-09T05:52:51.963+0800][gc,phases     ] GC(38)   Evacuate Collection Set: 16.0ms
[2020-09-09T05:52:51.963+0800][gc,phases     ] GC(38)   Post Evacuate Collection Set: 0.9ms
[2020-09-09T05:52:51.963+0800][gc,phases     ] GC(38)   Other: 2.5ms
[2020-09-09T05:52:51.963+0800][gc,heap       ] GC(38) Eden regions: 58->0(71)
[2020-09-09T05:52:51.963+0800][gc,heap       ] GC(38) Survivor regions: 13->5(9)
[2020-09-09T05:52:51.963+0800][gc,heap       ] GC(38) Old regions: 93->104
[2020-09-09T05:52:51.963+0800][gc,heap       ] GC(38) Humongous regions: 129->129
[2020-09-09T05:52:51.963+0800][gc,metaspace  ] GC(38) Metaspace: 50098K->50098K(1095680K)
[2020-09-09T05:52:51.963+0800][gc            ] GC(38) Pause Young (Normal) (G1 Evacuation Pause) 293M->237M(1024M) 19.648ms
[2020-09-09T05:52:51.964+0800][gc,cpu        ] GC(38) User=0.10s Sys=0.02s Real=0.02s
[2020-09-09T06:10:51.243+0800][gc,start      ] GC(39) Pause Young (Normal) (G1 Evacuation Pause)
[2020-09-09T06:10:51.246+0800][gc,task       ] GC(39) Using 8 workers of 8 for evacuation
[2020-09-09T06:10:51.254+0800][gc,phases     ] GC(39)   Pre Evacuate Collection Set: 0.1ms
[2020-09-09T06:10:51.254+0800][gc,phases     ] GC(39)   Evacuate Collection Set: 7.4ms
[2020-09-09T06:10:51.254+0800][gc,phases     ] GC(39)   Post Evacuate Collection Set: 0.3ms
[2020-09-09T06:10:51.254+0800][gc,phases     ] GC(39)   Other: 2.7ms
[2020-09-09T06:10:51.254+0800][gc,heap       ] GC(39) Eden regions: 71->0(73)
[2020-09-09T06:10:51.254+0800][gc,heap       ] GC(39) Survivor regions: 5->8(10)
[2020-09-09T06:10:51.254+0800][gc,heap       ] GC(39) Old regions: 104->104
[2020-09-09T06:10:51.254+0800][gc,heap       ] GC(39) Humongous regions: 129->129
[2020-09-09T06:10:51.254+0800][gc,metaspace  ] GC(39) Metaspace: 50098K->50098K(1095680K)
[2020-09-09T06:10:51.254+0800][gc            ] GC(39) Pause Young (Normal) (G1 Evacuation Pause) 308M->240M(1024M) 10.688ms
[2020-09-09T06:10:51.254+0800][gc,cpu        ] GC(39) User=0.06s Sys=0.00s Real=0.01s
[2020-09-09T06:29:22.205+0800][gc,start      ] GC(40) Pause Young (Normal) (G1 Evacuation Pause)
[2020-09-09T06:29:22.207+0800][gc,task       ] GC(40) Using 8 workers of 8 for evacuation
[2020-09-09T06:29:22.221+0800][gc,phases     ] GC(40)   Pre Evacuate Collection Set: 0.1ms
[2020-09-09T06:29:22.221+0800][gc,phases     ] GC(40)   Evacuate Collection Set: 12.1ms
[2020-09-09T06:29:22.221+0800][gc,phases     ] GC(40)   Post Evacuate Collection Set: 0.7ms
[2020-09-09T06:29:22.221+0800][gc,phases     ] GC(40)   Other: 2.9ms
[2020-09-09T06:29:22.221+0800][gc,heap       ] GC(40) Eden regions: 73->0(76)
[2020-09-09T06:29:22.221+0800][gc,heap       ] GC(40) Survivor regions: 8->11(11)
[2020-09-09T06:29:22.221+0800][gc,heap       ] GC(40) Old regions: 104->107
[2020-09-09T06:29:22.221+0800][gc,heap       ] GC(40) Humongous regions: 129->129
[2020-09-09T06:29:22.221+0800][gc,metaspace  ] GC(40) Metaspace: 50100K->50100K(1095680K)
[2020-09-09T06:29:22.221+0800][gc            ] GC(40) Pause Young (Normal) (G1 Evacuation Pause) 313M->246M(1024M) 16.016ms
[2020-09-09T06:29:22.221+0800][gc,cpu        ] GC(40) User=0.09s Sys=0.01s Real=0.02s
[2020-09-09T06:47:10.724+0800][gc,start      ] GC(41) Pause Young (Normal) (G1 Evacuation Pause)
[2020-09-09T06:47:10.724+0800][gc,task       ] GC(41) Using 8 workers of 8 for evacuation
[2020-09-09T06:47:10.740+0800][gc,phases     ] GC(41)   Pre Evacuate Collection Set: 0.1ms
[2020-09-09T06:47:10.740+0800][gc,phases     ] GC(41)   Evacuate Collection Set: 14.4ms
[2020-09-09T06:47:10.740+0800][gc,phases     ] GC(41)   Post Evacuate Collection Set: 0.3ms
[2020-09-09T06:47:10.740+0800][gc,phases     ] GC(41)   Other: 0.7ms
[2020-09-09T06:47:10.740+0800][gc,heap       ] GC(41) Eden regions: 76->0(76)
[2020-09-09T06:47:10.740+0800][gc,heap       ] GC(41) Survivor regions: 11->11(11)
[2020-09-09T06:47:10.740+0800][gc,heap       ] GC(41) Old regions: 107->112
[2020-09-09T06:47:10.740+0800][gc,heap       ] GC(41) Humongous regions: 129->129
[2020-09-09T06:47:10.740+0800][gc,metaspace  ] GC(41) Metaspace: 50100K->50100K(1095680K)
[2020-09-09T06:47:10.740+0800][gc            ] GC(41) Pause Young (Normal) (G1 Evacuation Pause) 322M->251M(1024M) 15.642ms
[2020-09-09T06:47:10.740+0800][gc,cpu        ] GC(41) User=0.11s Sys=0.01s Real=0.02s
[2020-09-09T07:06:29.487+0800][gc,start      ] GC(42) Pause Young (Normal) (G1 Evacuation Pause)
[2020-09-09T07:06:29.487+0800][gc,task       ] GC(42) Using 8 workers of 8 for evacuation
[2020-09-09T07:06:29.500+0800][gc,phases     ] GC(42)   Pre Evacuate Collection Set: 0.0ms
[2020-09-09T07:06:29.500+0800][gc,phases     ] GC(42)   Evacuate Collection Set: 12.8ms
[2020-09-09T07:06:29.500+0800][gc,phases     ] GC(42)   Post Evacuate Collection Set: 0.3ms
[2020-09-09T07:06:29.500+0800][gc,phases     ] GC(42)   Other: 0.4ms
[2020-09-09T07:06:29.500+0800][gc,heap       ] GC(42) Eden regions: 76->0(90)
[2020-09-09T07:06:29.500+0800][gc,heap       ] GC(42) Survivor regions: 11->6(11)
[2020-09-09T07:06:29.500+0800][gc,heap       ] GC(42) Old regions: 112->120
[2020-09-09T07:06:29.500+0800][gc,heap       ] GC(42) Humongous regions: 129->129
[2020-09-09T07:06:29.500+0800][gc,metaspace  ] GC(42) Metaspace: 50103K->50103K(1095680K)
[2020-09-09T07:06:29.500+0800][gc            ] GC(42) Pause Young (Normal) (G1 Evacuation Pause) 327M->254M(1024M) 13.730ms
[2020-09-09T07:06:29.500+0800][gc,cpu        ] GC(42) User=0.09s Sys=0.01s Real=0.02s
[2020-09-09T07:29:22.084+0800][gc,start      ] GC(43) Pause Young (Normal) (G1 Evacuation Pause)
[2020-09-09T07:29:22.085+0800][gc,task       ] GC(43) Using 8 workers of 8 for evacuation
[2020-09-09T07:29:22.152+0800][gc,mmu        ] GC(43) MMU target violated: 21.0ms (20.0ms/21.0ms)
[2020-09-09T07:29:22.152+0800][gc,phases     ] GC(43)   Pre Evacuate Collection Set: 21.7ms
[2020-09-09T07:29:22.152+0800][gc,phases     ] GC(43)   Evacuate Collection Set: 36.4ms
[2020-09-09T07:29:22.152+0800][gc,phases     ] GC(43)   Post Evacuate Collection Set: 2.9ms
[2020-09-09T07:29:22.152+0800][gc,phases     ] GC(43)   Other: 7.7ms
[2020-09-09T07:29:22.152+0800][gc,heap       ] GC(43) Eden regions: 90->0(42)
[2020-09-09T07:29:22.152+0800][gc,heap       ] GC(43) Survivor regions: 6->9(12)
[2020-09-09T07:29:22.152+0800][gc,heap       ] GC(43) Old regions: 120->120
[2020-09-09T07:29:22.152+0800][gc,heap       ] GC(43) Humongous regions: 129->129
[2020-09-09T07:29:22.152+0800][gc,metaspace  ] GC(43) Metaspace: 50103K->50103K(1095680K)
[2020-09-09T07:29:22.152+0800][gc            ] GC(43) Pause Young (Normal) (G1 Evacuation Pause) 344M->257M(1024M) 67.599ms
[2020-09-09T07:29:22.152+0800][gc,cpu        ] GC(43) User=0.06s Sys=0.12s Real=0.07s
[2020-09-09T07:38:24.261+0800][gc,start      ] GC(44) Pause Young (Normal) (G1 Evacuation Pause)
[2020-09-09T07:38:24.261+0800][gc,task       ] GC(44) Using 8 workers of 8 for evacuation
[2020-09-09T07:38:24.274+0800][gc,phases     ] GC(44)   Pre Evacuate Collection Set: 0.0ms
[2020-09-09T07:38:24.274+0800][gc,phases     ] GC(44)   Evacuate Collection Set: 12.6ms
[2020-09-09T07:38:24.274+0800][gc,phases     ] GC(44)   Post Evacuate Collection Set: 0.3ms
[2020-09-09T07:38:24.274+0800][gc,phases     ] GC(44)   Other: 0.6ms
[2020-09-09T07:38:24.274+0800][gc,heap       ] GC(44) Eden regions: 42->0(44)
[2020-09-09T07:38:24.274+0800][gc,heap       ] GC(44) Survivor regions: 9->7(7)
[2020-09-09T07:38:24.274+0800][gc,heap       ] GC(44) Old regions: 120->128
[2020-09-09T07:38:24.274+0800][gc,heap       ] GC(44) Humongous regions: 129->129
[2020-09-09T07:38:24.274+0800][gc,metaspace  ] GC(44) Metaspace: 50103K->50103K(1095680K)
[2020-09-09T07:38:24.274+0800][gc            ] GC(44) Pause Young (Normal) (G1 Evacuation Pause) 299M->263M(1024M) 13.638ms
[2020-09-09T07:38:24.274+0800][gc,cpu        ] GC(44) User=0.08s Sys=0.01s Real=0.01s
[2020-09-09T08:01:38.179+0800][gc,start      ] GC(45) Pause Young (Normal) (G1 Evacuation Pause)
[2020-09-09T08:01:38.179+0800][gc,task       ] GC(45) Using 8 workers of 8 for evacuation
[2020-09-09T08:01:38.245+0800][gc,mmu        ] GC(45) MMU target violated: 21.0ms (20.0ms/21.0ms)
[2020-09-09T08:01:38.245+0800][gc,phases     ] GC(45)   Pre Evacuate Collection Set: 2.9ms
[2020-09-09T08:01:38.245+0800][gc,phases     ] GC(45)   Evacuate Collection Set: 58.9ms
[2020-09-09T08:01:38.245+0800][gc,phases     ] GC(45)   Post Evacuate Collection Set: 1.3ms
[2020-09-09T08:01:38.245+0800][gc,phases     ] GC(45)   Other: 3.8ms
[2020-09-09T08:01:38.245+0800][gc,heap       ] GC(45) Eden regions: 44->0(49)
[2020-09-09T08:01:38.245+0800][gc,heap       ] GC(45) Survivor regions: 7->2(7)
[2020-09-09T08:01:38.245+0800][gc,heap       ] GC(45) Old regions: 128->134
[2020-09-09T08:01:38.245+0800][gc,heap       ] GC(45) Humongous regions: 129->129
[2020-09-09T08:01:38.245+0800][gc,metaspace  ] GC(45) Metaspace: 50153K->50153K(1095680K)
[2020-09-09T08:01:38.245+0800][gc            ] GC(45) Pause Young (Normal) (G1 Evacuation Pause) 307M->264M(1024M) 65.804ms
[2020-09-09T08:01:38.245+0800][gc,cpu        ] GC(45) User=0.08s Sys=0.17s Real=0.07s
[2020-09-09T08:38:21.927+0800][gc,start      ] GC(46) Pause Young (Normal) (G1 Evacuation Pause)
[2020-09-09T08:38:21.927+0800][gc,task       ] GC(46) Using 8 workers of 8 for evacuation
[2020-09-09T08:38:21.938+0800][gc,phases     ] GC(46)   Pre Evacuate Collection Set: 0.0ms
[2020-09-09T08:38:21.938+0800][gc,phases     ] GC(46)   Evacuate Collection Set: 10.2ms
[2020-09-09T08:38:21.938+0800][gc,phases     ] GC(46)   Post Evacuate Collection Set: 0.5ms
[2020-09-09T08:38:21.938+0800][gc,phases     ] GC(46)   Other: 1.0ms
[2020-09-09T08:38:21.938+0800][gc,heap       ] GC(46) Eden regions: 49->0(49)
[2020-09-09T08:38:21.938+0800][gc,heap       ] GC(46) Survivor regions: 2->2(7)
[2020-09-09T08:38:21.938+0800][gc,heap       ] GC(46) Old regions: 134->134
[2020-09-09T08:38:21.938+0800][gc,heap       ] GC(46) Humongous regions: 129->129
[2020-09-09T08:38:21.938+0800][gc,metaspace  ] GC(46) Metaspace: 50176K->50176K(1095680K)
[2020-09-09T08:38:21.938+0800][gc            ] GC(46) Pause Young (Normal) (G1 Evacuation Pause) 313M->264M(1024M) 11.853ms
[2020-09-09T08:38:21.938+0800][gc,cpu        ] GC(46) User=0.02s Sys=0.03s Real=0.01s
[2020-09-09T09:15:11.549+0800][gc,start      ] GC(47) Pause Young (Normal) (G1 Evacuation Pause)
[2020-09-09T09:15:11.552+0800][gc,task       ] GC(47) Using 8 workers of 8 for evacuation
[2020-09-09T09:15:11.592+0800][gc,mmu        ] GC(47) MMU target violated: 21.0ms (20.0ms/21.0ms)
[2020-09-09T09:15:11.592+0800][gc,phases     ] GC(47)   Pre Evacuate Collection Set: 2.9ms
[2020-09-09T09:15:11.592+0800][gc,phases     ] GC(47)   Evacuate Collection Set: 30.3ms
[2020-09-09T09:15:11.592+0800][gc,phases     ] GC(47)   Post Evacuate Collection Set: 3.0ms
[2020-09-09T09:15:11.592+0800][gc,phases     ] GC(47)   Other: 7.5ms
[2020-09-09T09:15:11.592+0800][gc,heap       ] GC(47) Eden regions: 49->0(49)
[2020-09-09T09:15:11.592+0800][gc,heap       ] GC(47) Survivor regions: 2->2(7)
[2020-09-09T09:15:11.592+0800][gc,heap       ] GC(47) Old regions: 134->134
[2020-09-09T09:15:11.592+0800][gc,heap       ] GC(47) Humongous regions: 129->129
[2020-09-09T09:15:11.592+0800][gc,metaspace  ] GC(47) Metaspace: 50180K->50180K(1095680K)
[2020-09-09T09:15:11.592+0800][gc            ] GC(47) Pause Young (Normal) (G1 Evacuation Pause) 313M->264M(1024M) 43.760ms
[2020-09-09T09:15:11.592+0800][gc,cpu        ] GC(47) User=0.03s Sys=0.08s Real=0.05s
[2020-09-09T09:52:16.917+0800][gc,start      ] GC(48) Pause Young (Normal) (G1 Evacuation Pause)
[2020-09-09T09:52:16.918+0800][gc,task       ] GC(48) Using 8 workers of 8 for evacuation
[2020-09-09T09:52:16.923+0800][gc,phases     ] GC(48)   Pre Evacuate Collection Set: 0.2ms
[2020-09-09T09:52:16.923+0800][gc,phases     ] GC(48)   Evacuate Collection Set: 4.9ms
[2020-09-09T09:52:16.923+0800][gc,phases     ] GC(48)   Post Evacuate Collection Set: 0.4ms
[2020-09-09T09:52:16.923+0800][gc,phases     ] GC(48)   Other: 0.7ms
[2020-09-09T09:52:16.923+0800][gc,heap       ] GC(48) Eden regions: 49->0(49)
[2020-09-09T09:52:16.924+0800][gc,heap       ] GC(48) Survivor regions: 2->2(7)
[2020-09-09T09:52:16.924+0800][gc,heap       ] GC(48) Old regions: 134->134
[2020-09-09T09:52:16.924+0800][gc,heap       ] GC(48) Humongous regions: 129->129
[2020-09-09T09:52:16.924+0800][gc,metaspace  ] GC(48) Metaspace: 50180K->50180K(1095680K)
[2020-09-09T09:52:16.924+0800][gc            ] GC(48) Pause Young (Normal) (G1 Evacuation Pause) 313M->264M(1024M) 6.386ms
[2020-09-09T09:52:16.924+0800][gc,cpu        ] GC(48) User=0.02s Sys=0.01s Real=0.01s
[2020-09-09T10:29:12.765+0800][gc,start      ] GC(49) Pause Young (Normal) (G1 Evacuation Pause)
[2020-09-09T10:29:12.767+0800][gc,task       ] GC(49) Using 8 workers of 8 for evacuation
[2020-09-09T10:29:12.799+0800][gc,mmu        ] GC(49) MMU target violated: 21.0ms (20.0ms/21.0ms)
[2020-09-09T10:29:12.800+0800][gc,phases     ] GC(49)   Pre Evacuate Collection Set: 6.8ms
[2020-09-09T10:29:12.800+0800][gc,phases     ] GC(49)   Evacuate Collection Set: 19.6ms
[2020-09-09T10:29:12.800+0800][gc,phases     ] GC(49)   Post Evacuate Collection Set: 1.6ms
[2020-09-09T10:29:12.800+0800][gc,phases     ] GC(49)   Other: 7.6ms
[2020-09-09T10:29:12.800+0800][gc,heap       ] GC(49) Eden regions: 49->0(49)
[2020-09-09T10:29:12.800+0800][gc,heap       ] GC(49) Survivor regions: 2->2(7)
[2020-09-09T10:29:12.800+0800][gc,heap       ] GC(49) Old regions: 134->134
[2020-09-09T10:29:12.800+0800][gc,heap       ] GC(49) Humongous regions: 129->129
[2020-09-09T10:29:12.800+0800][gc,metaspace  ] GC(49) Metaspace: 50181K->50181K(1095680K)
[2020-09-09T10:29:12.800+0800][gc            ] GC(49) Pause Young (Normal) (G1 Evacuation Pause) 313M->264M(1024M) 34.934ms
[2020-09-09T10:29:12.800+0800][gc,cpu        ] GC(49) User=0.02s Sys=0.07s Real=0.04s
[2020-09-09T11:06:15.887+0800][gc,start      ] GC(50) Pause Young (Normal) (G1 Evacuation Pause)
[2020-09-09T11:06:15.889+0800][gc,task       ] GC(50) Using 8 workers of 8 for evacuation
[2020-09-09T11:06:15.907+0800][gc,phases     ] GC(50)   Pre Evacuate Collection Set: 3.9ms
[2020-09-09T11:06:15.907+0800][gc,phases     ] GC(50)   Evacuate Collection Set: 11.6ms
[2020-09-09T11:06:15.907+0800][gc,phases     ] GC(50)   Post Evacuate Collection Set: 0.7ms
[2020-09-09T11:06:15.907+0800][gc,phases     ] GC(50)   Other: 4.2ms
[2020-09-09T11:06:15.907+0800][gc,heap       ] GC(50) Eden regions: 49->0(49)
[2020-09-09T11:06:15.907+0800][gc,heap       ] GC(50) Survivor regions: 2->2(7)
[2020-09-09T11:06:15.907+0800][gc,heap       ] GC(50) Old regions: 134->134
[2020-09-09T11:06:15.907+0800][gc,heap       ] GC(50) Humongous regions: 129->129
[2020-09-09T11:06:15.907+0800][gc,metaspace  ] GC(50) Metaspace: 50181K->50181K(1095680K)
[2020-09-09T11:06:15.907+0800][gc            ] GC(50) Pause Young (Normal) (G1 Evacuation Pause) 313M->264M(1024M) 19.806ms
[2020-09-09T11:06:15.907+0800][gc,cpu        ] GC(50) User=0.02s Sys=0.05s Real=0.02s
[2020-09-09T11:43:21.546+0800][gc,start      ] GC(51) Pause Young (Normal) (G1 Evacuation Pause)
[2020-09-09T11:43:21.547+0800][gc,task       ] GC(51) Using 8 workers of 8 for evacuation
[2020-09-09T11:43:21.566+0800][gc,phases     ] GC(51)   Pre Evacuate Collection Set: 2.0ms
[2020-09-09T11:43:21.566+0800][gc,phases     ] GC(51)   Evacuate Collection Set: 13.4ms
[2020-09-09T11:43:21.566+0800][gc,phases     ] GC(51)   Post Evacuate Collection Set: 0.8ms
[2020-09-09T11:43:21.566+0800][gc,phases     ] GC(51)   Other: 2.9ms
[2020-09-09T11:43:21.566+0800][gc,heap       ] GC(51) Eden regions: 49->0(49)
[2020-09-09T11:43:21.566+0800][gc,heap       ] GC(51) Survivor regions: 2->2(7)
[2020-09-09T11:43:21.566+0800][gc,heap       ] GC(51) Old regions: 134->134
[2020-09-09T11:43:21.566+0800][gc,heap       ] GC(51) Humongous regions: 129->129
[2020-09-09T11:43:21.566+0800][gc,metaspace  ] GC(51) Metaspace: 50181K->50181K(1095680K)
[2020-09-09T11:43:21.566+0800][gc            ] GC(51) Pause Young (Normal) (G1 Evacuation Pause) 313M->264M(1024M) 19.327ms
[2020-09-09T11:43:21.566+0800][gc,cpu        ] GC(51) User=0.02s Sys=0.05s Real=0.02s
[2020-09-09T12:20:36.601+0800][gc,start      ] GC(52) Pause Young (Normal) (G1 Evacuation Pause)
[2020-09-09T12:20:36.602+0800][gc,task       ] GC(52) Using 8 workers of 8 for evacuation
[2020-09-09T12:20:36.634+0800][gc,mmu        ] GC(52) MMU target violated: 21.0ms (20.0ms/21.0ms)
[2020-09-09T12:20:36.634+0800][gc,phases     ] GC(52)   Pre Evacuate Collection Set: 9.1ms
[2020-09-09T12:20:36.634+0800][gc,phases     ] GC(52)   Evacuate Collection Set: 16.6ms
[2020-09-09T12:20:36.634+0800][gc,phases     ] GC(52)   Post Evacuate Collection Set: 0.8ms
[2020-09-09T12:20:36.634+0800][gc,phases     ] GC(52)   Other: 6.3ms
[2020-09-09T12:20:36.634+0800][gc,heap       ] GC(52) Eden regions: 49->0(49)
[2020-09-09T12:20:36.634+0800][gc,heap       ] GC(52) Survivor regions: 2->2(7)
[2020-09-09T12:20:36.634+0800][gc,heap       ] GC(52) Old regions: 134->134
[2020-09-09T12:20:36.634+0800][gc,heap       ] GC(52) Humongous regions: 129->129
[2020-09-09T12:20:36.634+0800][gc,metaspace  ] GC(52) Metaspace: 50182K->50182K(1095680K)
[2020-09-09T12:20:36.634+0800][gc            ] GC(52) Pause Young (Normal) (G1 Evacuation Pause) 313M->264M(1024M) 32.807ms
[2020-09-09T12:20:36.634+0800][gc,cpu        ] GC(52) User=0.02s Sys=0.06s Real=0.03s
[2020-09-09T12:57:59.788+0800][gc,start      ] GC(53) Pause Young (Normal) (G1 Evacuation Pause)
[2020-09-09T12:57:59.789+0800][gc,task       ] GC(53) Using 8 workers of 8 for evacuation
[2020-09-09T12:57:59.816+0800][gc,mmu        ] GC(53) MMU target violated: 21.0ms (20.0ms/21.0ms)
[2020-09-09T12:57:59.816+0800][gc,phases     ] GC(53)   Pre Evacuate Collection Set: 2.6ms
[2020-09-09T12:57:59.816+0800][gc,phases     ] GC(53)   Evacuate Collection Set: 21.0ms
[2020-09-09T12:57:59.816+0800][gc,phases     ] GC(53)   Post Evacuate Collection Set: 1.7ms
[2020-09-09T12:57:59.816+0800][gc,phases     ] GC(53)   Other: 3.1ms
[2020-09-09T12:57:59.816+0800][gc,heap       ] GC(53) Eden regions: 49->0(49)
[2020-09-09T12:57:59.816+0800][gc,heap       ] GC(53) Survivor regions: 2->2(7)
[2020-09-09T12:57:59.816+0800][gc,heap       ] GC(53) Old regions: 134->134
[2020-09-09T12:57:59.816+0800][gc,heap       ] GC(53) Humongous regions: 129->129
[2020-09-09T12:57:59.816+0800][gc,metaspace  ] GC(53) Metaspace: 50205K->50205K(1095680K)
[2020-09-09T12:57:59.816+0800][gc            ] GC(53) Pause Young (Normal) (G1 Evacuation Pause) 313M->264M(1024M) 28.442ms
[2020-09-09T12:57:59.816+0800][gc,cpu        ] GC(53) User=0.02s Sys=0.06s Real=0.03s
[2020-09-09T13:35:26.439+0800][gc,start      ] GC(54) Pause Young (Normal) (G1 Evacuation Pause)
[2020-09-09T13:35:26.441+0800][gc,task       ] GC(54) Using 8 workers of 8 for evacuation
[2020-09-09T13:35:26.469+0800][gc,mmu        ] GC(54) MMU target violated: 21.0ms (20.0ms/21.0ms)
[2020-09-09T13:35:26.469+0800][gc,phases     ] GC(54)   Pre Evacuate Collection Set: 7.2ms
[2020-09-09T13:35:26.469+0800][gc,phases     ] GC(54)   Evacuate Collection Set: 18.6ms
[2020-09-09T13:35:26.469+0800][gc,phases     ] GC(54)   Post Evacuate Collection Set: 1.0ms
[2020-09-09T13:35:26.470+0800][gc,phases     ] GC(54)   Other: 7.0ms
[2020-09-09T13:35:26.470+0800][gc,heap       ] GC(54) Eden regions: 49->0(49)
[2020-09-09T13:35:26.470+0800][gc,heap       ] GC(54) Survivor regions: 2->2(7)
[2020-09-09T13:35:26.470+0800][gc,heap       ] GC(54) Old regions: 134->134
[2020-09-09T13:35:26.470+0800][gc,heap       ] GC(54) Humongous regions: 129->129
[2020-09-09T13:35:26.470+0800][gc,metaspace  ] GC(54) Metaspace: 50227K->50227K(1095680K)
[2020-09-09T13:35:26.470+0800][gc            ] GC(54) Pause Young (Normal) (G1 Evacuation Pause) 313M->264M(1024M) 31.664ms
[2020-09-09T13:35:26.470+0800][gc,cpu        ] GC(54) User=0.02s Sys=0.05s Real=0.04s
[2020-09-09T14:03:31.209+0800][gc,start      ] GC(55) Pause Young (Normal) (G1 Evacuation Pause)
[2020-09-09T14:03:31.209+0800][gc,task       ] GC(55) Using 8 workers of 8 for evacuation
[2020-09-09T14:03:31.223+0800][gc,phases     ] GC(55)   Pre Evacuate Collection Set: 1.2ms
[2020-09-09T14:03:31.223+0800][gc,phases     ] GC(55)   Evacuate Collection Set: 11.8ms
[2020-09-09T14:03:31.223+0800][gc,phases     ] GC(55)   Post Evacuate Collection Set: 0.6ms
[2020-09-09T14:03:31.223+0800][gc,phases     ] GC(55)   Other: 0.7ms
[2020-09-09T14:03:31.223+0800][gc,heap       ] GC(55) Eden regions: 49->0(49)
[2020-09-09T14:03:31.223+0800][gc,heap       ] GC(55) Survivor regions: 2->2(7)
[2020-09-09T14:03:31.223+0800][gc,heap       ] GC(55) Old regions: 134->134
[2020-09-09T14:03:31.223+0800][gc,heap       ] GC(55) Humongous regions: 129->129
[2020-09-09T14:03:31.223+0800][gc,metaspace  ] GC(55) Metaspace: 50415K->50415K(1095680K)
[2020-09-09T14:03:31.223+0800][gc            ] GC(55) Pause Young (Normal) (G1 Evacuation Pause) 313M->264M(1024M) 14.445ms
[2020-09-09T14:03:31.223+0800][gc,cpu        ] GC(55) User=0.02s Sys=0.04s Real=0.02s
[2020-09-09T14:31:39.046+0800][gc,start      ] GC(56) Pause Young (Normal) (G1 Evacuation Pause)
[2020-09-09T14:31:39.047+0800][gc,task       ] GC(56) Using 8 workers of 8 for evacuation
[2020-09-09T14:31:39.056+0800][gc,phases     ] GC(56)   Pre Evacuate Collection Set: 0.1ms
[2020-09-09T14:31:39.056+0800][gc,phases     ] GC(56)   Evacuate Collection Set: 7.5ms
[2020-09-09T14:31:39.056+0800][gc,phases     ] GC(56)   Post Evacuate Collection Set: 1.6ms
[2020-09-09T14:31:39.056+0800][gc,phases     ] GC(56)   Other: 0.5ms
[2020-09-09T14:31:39.056+0800][gc,heap       ] GC(56) Eden regions: 49->0(52)
[2020-09-09T14:31:39.056+0800][gc,heap       ] GC(56) Survivor regions: 2->2(7)
[2020-09-09T14:31:39.056+0800][gc,heap       ] GC(56) Old regions: 134->134
[2020-09-09T14:31:39.056+0800][gc,heap       ] GC(56) Humongous regions: 129->129
[2020-09-09T14:31:39.056+0800][gc,metaspace  ] GC(56) Metaspace: 50419K->50419K(1095680K)
[2020-09-09T14:31:39.056+0800][gc            ] GC(56) Pause Young (Normal) (G1 Evacuation Pause) 313M->264M(1024M) 9.881ms
[2020-09-09T14:31:39.056+0800][gc,cpu        ] GC(56) User=0.01s Sys=0.01s Real=0.01s
[2020-09-09T15:01:37.245+0800][gc,start      ] GC(57) Pause Young (Normal) (G1 Evacuation Pause)
[2020-09-09T15:01:37.252+0800][gc,task       ] GC(57) Using 8 workers of 8 for evacuation
[2020-09-09T15:01:37.440+0800][gc,mmu        ] GC(57) MMU target violated: 21.0ms (20.0ms/21.0ms)
[2020-09-09T15:01:37.440+0800][gc,phases     ] GC(57)   Pre Evacuate Collection Set: 5.7ms
[2020-09-09T15:01:37.440+0800][gc,phases     ] GC(57)   Evacuate Collection Set: 164.0ms
[2020-09-09T15:01:37.440+0800][gc,phases     ] GC(57)   Post Evacuate Collection Set: 15.4ms
[2020-09-09T15:01:37.440+0800][gc,phases     ] GC(57)   Other: 10.4ms
[2020-09-09T15:01:37.440+0800][gc,heap       ] GC(57) Eden regions: 52->0(49)
[2020-09-09T15:01:37.440+0800][gc,heap       ] GC(57) Survivor regions: 2->2(7)
[2020-09-09T15:01:37.440+0800][gc,heap       ] GC(57) Old regions: 134->134
[2020-09-09T15:01:37.440+0800][gc,heap       ] GC(57) Humongous regions: 129->129
[2020-09-09T15:01:37.440+0800][gc,metaspace  ] GC(57) Metaspace: 50460K->50460K(1095680K)
[2020-09-09T15:01:37.440+0800][gc            ] GC(57) Pause Young (Normal) (G1 Evacuation Pause) 316M->264M(1024M) 195.242ms
[2020-09-09T15:01:37.440+0800][gc,cpu        ] GC(57) User=0.76s Sys=0.08s Real=0.20s
[2020-09-09T15:29:51.195+0800][gc,start      ] GC(58) Pause Young (Normal) (G1 Evacuation Pause)
[2020-09-09T15:29:51.196+0800][gc,task       ] GC(58) Using 8 workers of 8 for evacuation
[2020-09-09T15:29:51.229+0800][gc,mmu        ] GC(58) MMU target violated: 21.0ms (20.0ms/21.0ms)
[2020-09-09T15:29:51.229+0800][gc,phases     ] GC(58)   Pre Evacuate Collection Set: 5.8ms
[2020-09-09T15:29:51.229+0800][gc,phases     ] GC(58)   Evacuate Collection Set: 22.2ms
[2020-09-09T15:29:51.229+0800][gc,phases     ] GC(58)   Post Evacuate Collection Set: 1.6ms
[2020-09-09T15:29:51.229+0800][gc,phases     ] GC(58)   Other: 4.7ms
[2020-09-09T15:29:51.229+0800][gc,heap       ] GC(58) Eden regions: 49->0(49)
[2020-09-09T15:29:51.229+0800][gc,heap       ] GC(58) Survivor regions: 2->2(7)
[2020-09-09T15:29:51.229+0800][gc,heap       ] GC(58) Old regions: 134->134
[2020-09-09T15:29:51.229+0800][gc,heap       ] GC(58) Humongous regions: 129->129
[2020-09-09T15:29:51.229+0800][gc,metaspace  ] GC(58) Metaspace: 50462K->50462K(1095680K)
[2020-09-09T15:29:51.229+0800][gc            ] GC(58) Pause Young (Normal) (G1 Evacuation Pause) 313M->264M(1024M) 33.787ms
[2020-09-09T15:29:51.229+0800][gc,cpu        ] GC(58) User=0.02s Sys=0.06s Real=0.03s
[2020-09-09T15:57:51.118+0800][gc,start      ] GC(59) Pause Young (Normal) (G1 Evacuation Pause)
[2020-09-09T15:57:51.119+0800][gc,task       ] GC(59) Using 8 workers of 8 for evacuation
[2020-09-09T15:57:51.164+0800][gc,mmu        ] GC(59) MMU target violated: 21.0ms (20.0ms/21.0ms)
[2020-09-09T15:57:51.164+0800][gc,phases     ] GC(59)   Pre Evacuate Collection Set: 12.6ms
[2020-09-09T15:57:51.164+0800][gc,phases     ] GC(59)   Evacuate Collection Set: 31.7ms
[2020-09-09T15:57:51.164+0800][gc,phases     ] GC(59)   Post Evacuate Collection Set: 0.7ms
[2020-09-09T15:57:51.164+0800][gc,phases     ] GC(59)   Other: 1.0ms
[2020-09-09T15:57:51.164+0800][gc,heap       ] GC(59) Eden regions: 49->0(49)
[2020-09-09T15:57:51.164+0800][gc,heap       ] GC(59) Survivor regions: 2->2(7)
[2020-09-09T15:57:51.165+0800][gc,heap       ] GC(59) Old regions: 134->134
[2020-09-09T15:57:51.165+0800][gc,heap       ] GC(59) Humongous regions: 129->129
[2020-09-09T15:57:51.165+0800][gc,metaspace  ] GC(59) Metaspace: 50467K->50467K(1095680K)
[2020-09-09T15:57:51.165+0800][gc            ] GC(59) Pause Young (Normal) (G1 Evacuation Pause) 313M->264M(1024M) 46.120ms
[2020-09-09T15:57:51.165+0800][gc,cpu        ] GC(59) User=0.01s Sys=0.04s Real=0.05s
[2020-09-09T16:26:11.079+0800][gc,start      ] GC(60) Pause Young (Normal) (G1 Evacuation Pause)
[2020-09-09T16:26:11.080+0800][gc,task       ] GC(60) Using 8 workers of 8 for evacuation
[2020-09-09T16:26:11.102+0800][gc,mmu        ] GC(60) MMU target violated: 21.0ms (20.0ms/21.0ms)
[2020-09-09T16:26:11.102+0800][gc,phases     ] GC(60)   Pre Evacuate Collection Set: 4.3ms
[2020-09-09T16:26:11.102+0800][gc,phases     ] GC(60)   Evacuate Collection Set: 15.6ms
[2020-09-09T16:26:11.102+0800][gc,phases     ] GC(60)   Post Evacuate Collection Set: 1.6ms
[2020-09-09T16:26:11.102+0800][gc,phases     ] GC(60)   Other: 2.5ms
[2020-09-09T16:26:11.102+0800][gc,heap       ] GC(60) Eden regions: 49->0(50)
[2020-09-09T16:26:11.102+0800][gc,heap       ] GC(60) Survivor regions: 2->1(7)
[2020-09-09T16:26:11.102+0800][gc,heap       ] GC(60) Old regions: 134->135
[2020-09-09T16:26:11.102+0800][gc,heap       ] GC(60) Humongous regions: 129->129
[2020-09-09T16:26:11.102+0800][gc,metaspace  ] GC(60) Metaspace: 50470K->50470K(1095680K)
[2020-09-09T16:26:11.102+0800][gc            ] GC(60) Pause Young (Normal) (G1 Evacuation Pause) 313M->264M(1024M) 22.937ms
[2020-09-09T16:26:11.102+0800][gc,cpu        ] GC(60) User=0.02s Sys=0.04s Real=0.03s
[2020-09-09T16:55:36.018+0800][gc,start      ] GC(61) Pause Young (Normal) (G1 Evacuation Pause)
[2020-09-09T16:55:36.018+0800][gc,task       ] GC(61) Using 8 workers of 8 for evacuation
[2020-09-09T16:55:36.036+0800][gc,phases     ] GC(61)   Pre Evacuate Collection Set: 3.1ms
[2020-09-09T16:55:36.036+0800][gc,phases     ] GC(61)   Evacuate Collection Set: 12.8ms
[2020-09-09T16:55:36.036+0800][gc,phases     ] GC(61)   Post Evacuate Collection Set: 1.2ms
[2020-09-09T16:55:36.036+0800][gc,phases     ] GC(61)   Other: 1.7ms
[2020-09-09T16:55:36.036+0800][gc,heap       ] GC(61) Eden regions: 50->0(50)
[2020-09-09T16:55:36.036+0800][gc,heap       ] GC(61) Survivor regions: 1->1(7)
[2020-09-09T16:55:36.036+0800][gc,heap       ] GC(61) Old regions: 135->136
[2020-09-09T16:55:36.036+0800][gc,heap       ] GC(61) Humongous regions: 129->129
[2020-09-09T16:55:36.036+0800][gc,metaspace  ] GC(61) Metaspace: 50470K->50470K(1095680K)
[2020-09-09T16:55:36.036+0800][gc            ] GC(61) Pause Young (Normal) (G1 Evacuation Pause) 314M->264M(1024M) 18.905ms
[2020-09-09T16:55:36.036+0800][gc,cpu        ] GC(61) User=0.02s Sys=0.05s Real=0.02s
[2020-09-09T17:25:20.956+0800][gc,start      ] GC(62) Pause Young (Normal) (G1 Evacuation Pause)
[2020-09-09T17:25:20.957+0800][gc,task       ] GC(62) Using 8 workers of 8 for evacuation
[2020-09-09T17:25:20.961+0800][gc,phases     ] GC(62)   Pre Evacuate Collection Set: 0.1ms
[2020-09-09T17:25:20.962+0800][gc,phases     ] GC(62)   Evacuate Collection Set: 3.3ms
[2020-09-09T17:25:20.962+0800][gc,phases     ] GC(62)   Post Evacuate Collection Set: 0.4ms
[2020-09-09T17:25:20.962+0800][gc,phases     ] GC(62)   Other: 1.4ms
[2020-09-09T17:25:20.962+0800][gc,heap       ] GC(62) Eden regions: 50->0(52)
[2020-09-09T17:25:20.962+0800][gc,heap       ] GC(62) Survivor regions: 1->1(7)
[2020-09-09T17:25:20.962+0800][gc,heap       ] GC(62) Old regions: 136->136
[2020-09-09T17:25:20.962+0800][gc,heap       ] GC(62) Humongous regions: 129->129
[2020-09-09T17:25:20.962+0800][gc,metaspace  ] GC(62) Metaspace: 50471K->50471K(1095680K)
[2020-09-09T17:25:20.962+0800][gc            ] GC(62) Pause Young (Normal) (G1 Evacuation Pause) 314M->264M(1024M) 5.318ms
[2020-09-09T17:25:20.962+0800][gc,cpu        ] GC(62) User=0.01s Sys=0.01s Real=0.01s
[2020-09-09T17:56:15.900+0800][gc,start      ] GC(63) Pause Young (Normal) (G1 Evacuation Pause)
[2020-09-09T17:56:15.901+0800][gc,task       ] GC(63) Using 8 workers of 8 for evacuation
[2020-09-09T17:56:15.906+0800][gc,phases     ] GC(63)   Pre Evacuate Collection Set: 0.2ms
[2020-09-09T17:56:15.906+0800][gc,phases     ] GC(63)   Evacuate Collection Set: 4.3ms
[2020-09-09T17:56:15.906+0800][gc,phases     ] GC(63)   Post Evacuate Collection Set: 0.3ms
[2020-09-09T17:56:15.906+0800][gc,phases     ] GC(63)   Other: 1.2ms
[2020-09-09T17:56:15.906+0800][gc,heap       ] GC(63) Eden regions: 52->0(51)
[2020-09-09T17:56:15.906+0800][gc,heap       ] GC(63) Survivor regions: 1->1(7)
[2020-09-09T17:56:15.906+0800][gc,heap       ] GC(63) Old regions: 136->136
[2020-09-09T17:56:15.906+0800][gc,heap       ] GC(63) Humongous regions: 129->129
[2020-09-09T17:56:15.906+0800][gc,metaspace  ] GC(63) Metaspace: 50471K->50471K(1095680K)
[2020-09-09T17:56:15.906+0800][gc            ] GC(63) Pause Young (Normal) (G1 Evacuation Pause) 316M->264M(1024M) 6.095ms
[2020-09-09T17:56:15.906+0800][gc,cpu        ] GC(63) User=0.01s Sys=0.01s Real=0.00s
[2020-09-09T18:26:20.826+0800][gc,start      ] GC(64) Pause Young (Normal) (G1 Evacuation Pause)
[2020-09-09T18:26:20.829+0800][gc,task       ] GC(64) Using 8 workers of 8 for evacuation
[2020-09-09T18:26:20.832+0800][gc,phases     ] GC(64)   Pre Evacuate Collection Set: 0.1ms
[2020-09-09T18:26:20.833+0800][gc,phases     ] GC(64)   Evacuate Collection Set: 1.1ms
[2020-09-09T18:26:20.833+0800][gc,phases     ] GC(64)   Post Evacuate Collection Set: 1.1ms
[2020-09-09T18:26:20.833+0800][gc,phases     ] GC(64)   Other: 3.7ms
[2020-09-09T18:26:20.833+0800][gc,heap       ] GC(64) Eden regions: 51->0(54)
[2020-09-09T18:26:20.833+0800][gc,heap       ] GC(64) Survivor regions: 1->1(7)
[2020-09-09T18:26:20.833+0800][gc,heap       ] GC(64) Old regions: 136->136
[2020-09-09T18:26:20.833+0800][gc,heap       ] GC(64) Humongous regions: 129->129
[2020-09-09T18:26:20.833+0800][gc,metaspace  ] GC(64) Metaspace: 50471K->50471K(1095680K)
[2020-09-09T18:26:20.833+0800][gc            ] GC(64) Pause Young (Normal) (G1 Evacuation Pause) 315M->264M(1024M) 6.476ms
[2020-09-09T18:26:20.833+0800][gc,cpu        ] GC(64) User=0.01s Sys=0.00s Real=0.01s
[2020-09-09T18:58:13.345+0800][gc,start      ] GC(65) Pause Young (Normal) (G1 Evacuation Pause)
[2020-09-09T18:58:13.346+0800][gc,task       ] GC(65) Using 8 workers of 8 for evacuation
[2020-09-09T18:58:13.359+0800][gc,phases     ] GC(65)   Pre Evacuate Collection Set: 2.9ms
[2020-09-09T18:58:13.359+0800][gc,phases     ] GC(65)   Evacuate Collection Set: 7.2ms
[2020-09-09T18:58:13.359+0800][gc,phases     ] GC(65)   Post Evacuate Collection Set: 1.3ms
[2020-09-09T18:58:13.359+0800][gc,phases     ] GC(65)   Other: 2.5ms
[2020-09-09T18:58:13.359+0800][gc,heap       ] GC(65) Eden regions: 54->0(57)
[2020-09-09T18:58:13.359+0800][gc,heap       ] GC(65) Survivor regions: 1->1(7)
[2020-09-09T18:58:13.359+0800][gc,heap       ] GC(65) Old regions: 136->136
[2020-09-09T18:58:13.359+0800][gc,heap       ] GC(65) Humongous regions: 129->129
[2020-09-09T18:58:13.359+0800][gc,metaspace  ] GC(65) Metaspace: 50471K->50471K(1095680K)
[2020-09-09T18:58:13.359+0800][gc            ] GC(65) Pause Young (Normal) (G1 Evacuation Pause) 318M->264M(1024M) 14.024ms
[2020-09-09T18:58:13.359+0800][gc,cpu        ] GC(65) User=0.01s Sys=0.02s Real=0.01s
[2020-09-09T19:27:53.651+0800][gc,start      ] GC(66) Pause Young (Normal) (G1 Evacuation Pause)
[2020-09-09T19:27:53.652+0800][gc,task       ] GC(66) Using 8 workers of 8 for evacuation
[2020-09-09T19:27:53.729+0800][gc,mmu        ] GC(66) MMU target violated: 21.0ms (20.0ms/21.0ms)
[2020-09-09T19:27:53.730+0800][gc,phases     ] GC(66)   Pre Evacuate Collection Set: 1.7ms
[2020-09-09T19:27:53.730+0800][gc,phases     ] GC(66)   Evacuate Collection Set: 75.2ms
[2020-09-09T19:27:53.730+0800][gc,phases     ] GC(66)   Post Evacuate Collection Set: 0.6ms
[2020-09-09T19:27:53.730+0800][gc,phases     ] GC(66)   Other: 0.7ms
[2020-09-09T19:27:53.730+0800][gc,heap       ] GC(66) Eden regions: 55->0(46)
[2020-09-09T19:27:53.730+0800][gc,heap       ] GC(66) Survivor regions: 1->5(7)
[2020-09-09T19:27:53.730+0800][gc,heap       ] GC(66) Old regions: 136->136
[2020-09-09T19:27:53.730+0800][gc,heap       ] GC(66) Humongous regions: 129->129
[2020-09-09T19:27:53.730+0800][gc,metaspace  ] GC(66) Metaspace: 50570K->50570K(1095680K)
[2020-09-09T19:27:53.730+0800][gc            ] GC(66) Pause Young (Normal) (G1 Evacuation Pause) 319M->268M(1024M) 78.282ms
[2020-09-09T19:27:53.730+0800][gc,cpu        ] GC(66) User=0.04s Sys=0.09s Real=0.08s
[2020-09-09T19:57:40.639+0800][gc,start      ] GC(67) Pause Young (Normal) (G1 Evacuation Pause)
[2020-09-09T19:57:40.641+0800][gc,task       ] GC(67) Using 8 workers of 8 for evacuation
[2020-09-09T19:57:40.745+0800][gc,mmu        ] GC(67) MMU target violated: 21.0ms (20.0ms/21.0ms)
[2020-09-09T19:57:40.745+0800][gc,phases     ] GC(67)   Pre Evacuate Collection Set: 18.9ms
[2020-09-09T19:57:40.745+0800][gc,phases     ] GC(67)   Evacuate Collection Set: 75.9ms
[2020-09-09T19:57:40.745+0800][gc,phases     ] GC(67)   Post Evacuate Collection Set: 2.3ms
[2020-09-09T19:57:40.745+0800][gc,phases     ] GC(67)   Other: 11.4ms
[2020-09-09T19:57:40.745+0800][gc,heap       ] GC(67) Eden regions: 46->0(49)
[2020-09-09T19:57:40.745+0800][gc,heap       ] GC(67) Survivor regions: 5->2(7)
[2020-09-09T19:57:40.745+0800][gc,heap       ] GC(67) Old regions: 136->140
[2020-09-09T19:57:40.745+0800][gc,heap       ] GC(67) Humongous regions: 129->129
[2020-09-09T19:57:40.745+0800][gc,metaspace  ] GC(67) Metaspace: 50590K->50590K(1095680K)
[2020-09-09T19:57:40.746+0800][gc            ] GC(67) Pause Young (Normal) (G1 Evacuation Pause) 314M->269M(1024M) 106.212ms
[2020-09-09T19:57:40.746+0800][gc,cpu        ] GC(67) User=0.05s Sys=0.22s Real=0.11s
[2020-09-09T20:35:20.425+0800][gc,start      ] GC(68) Pause Young (Normal) (G1 Evacuation Pause)
[2020-09-09T20:35:20.425+0800][gc,task       ] GC(68) Using 8 workers of 8 for evacuation
[2020-09-09T20:35:20.430+0800][gc,phases     ] GC(68)   Pre Evacuate Collection Set: 0.0ms
[2020-09-09T20:35:20.430+0800][gc,phases     ] GC(68)   Evacuate Collection Set: 4.0ms
[2020-09-09T20:35:20.430+0800][gc,phases     ] GC(68)   Post Evacuate Collection Set: 0.4ms
[2020-09-09T20:35:20.430+0800][gc,phases     ] GC(68)   Other: 0.7ms
[2020-09-09T20:35:20.430+0800][gc,heap       ] GC(68) Eden regions: 49->0(49)
[2020-09-09T20:35:20.430+0800][gc,heap       ] GC(68) Survivor regions: 2->2(7)
[2020-09-09T20:35:20.430+0800][gc,heap       ] GC(68) Old regions: 140->140
[2020-09-09T20:35:20.430+0800][gc,heap       ] GC(68) Humongous regions: 129->129
[2020-09-09T20:35:20.430+0800][gc,metaspace  ] GC(68) Metaspace: 50645K->50645K(1095680K)
[2020-09-09T20:35:20.430+0800][gc            ] GC(68) Pause Young (Normal) (G1 Evacuation Pause) 318M->269M(1024M) 5.212ms
[2020-09-09T20:35:20.430+0800][gc,cpu        ] GC(68) User=0.02s Sys=0.01s Real=0.01s
[2020-09-09T21:13:15.494+0800][gc,start      ] GC(69) Pause Young (Normal) (G1 Evacuation Pause)
[2020-09-09T21:13:15.495+0800][gc,task       ] GC(69) Using 8 workers of 8 for evacuation
[2020-09-09T21:13:15.499+0800][gc,phases     ] GC(69)   Pre Evacuate Collection Set: 0.1ms
[2020-09-09T21:13:15.499+0800][gc,phases     ] GC(69)   Evacuate Collection Set: 2.9ms
[2020-09-09T21:13:15.499+0800][gc,phases     ] GC(69)   Post Evacuate Collection Set: 0.3ms
[2020-09-09T21:13:15.499+0800][gc,phases     ] GC(69)   Other: 1.5ms
[2020-09-09T21:13:15.499+0800][gc,heap       ] GC(69) Eden regions: 49->0(49)
[2020-09-09T21:13:15.499+0800][gc,heap       ] GC(69) Survivor regions: 2->2(7)
[2020-09-09T21:13:15.499+0800][gc,heap       ] GC(69) Old regions: 140->140
[2020-09-09T21:13:15.499+0800][gc,heap       ] GC(69) Humongous regions: 129->129
[2020-09-09T21:13:15.499+0800][gc,metaspace  ] GC(69) Metaspace: 50646K->50646K(1095680K)
[2020-09-09T21:13:15.499+0800][gc            ] GC(69) Pause Young (Normal) (G1 Evacuation Pause) 318M->269M(1024M) 5.071ms
[2020-09-09T21:13:15.499+0800][gc,cpu        ] GC(69) User=0.02s Sys=0.00s Real=0.00s
[2020-09-09T21:50:52.447+0800][gc,start      ] GC(70) Pause Young (Normal) (G1 Evacuation Pause)
[2020-09-09T21:50:52.448+0800][gc,task       ] GC(70) Using 8 workers of 8 for evacuation
[2020-09-09T21:50:52.468+0800][gc,mmu        ] GC(70) MMU target violated: 20.4ms (20.0ms/21.0ms)
[2020-09-09T21:50:52.468+0800][gc,phases     ] GC(70)   Pre Evacuate Collection Set: 0.1ms
[2020-09-09T21:50:52.468+0800][gc,phases     ] GC(70)   Evacuate Collection Set: 15.9ms
[2020-09-09T21:50:52.468+0800][gc,phases     ] GC(70)   Post Evacuate Collection Set: 4.2ms
[2020-09-09T21:50:52.468+0800][gc,phases     ] GC(70)   Other: 1.5ms
[2020-09-09T21:50:52.468+0800][gc,heap       ] GC(70) Eden regions: 49->0(50)
[2020-09-09T21:50:52.468+0800][gc,heap       ] GC(70) Survivor regions: 2->1(7)
[2020-09-09T21:50:52.468+0800][gc,heap       ] GC(70) Old regions: 140->140
[2020-09-09T21:50:52.468+0800][gc,heap       ] GC(70) Humongous regions: 129->129
[2020-09-09T21:50:52.468+0800][gc,metaspace  ] GC(70) Metaspace: 50646K->50646K(1095680K)
[2020-09-09T21:50:52.468+0800][gc            ] GC(70) Pause Young (Normal) (G1 Evacuation Pause) 318M->269M(1024M) 21.318ms
[2020-09-09T21:50:52.468+0800][gc,cpu        ] GC(70) User=0.01s Sys=0.00s Real=0.02s
[2020-09-09T22:29:33.842+0800][gc,start      ] GC(71) Pause Young (Normal) (G1 Evacuation Pause)
[2020-09-09T22:29:33.845+0800][gc,task       ] GC(71) Using 8 workers of 8 for evacuation
[2020-09-09T22:29:33.848+0800][gc,phases     ] GC(71)   Pre Evacuate Collection Set: 0.0ms
[2020-09-09T22:29:33.848+0800][gc,phases     ] GC(71)   Evacuate Collection Set: 2.5ms
[2020-09-09T22:29:33.848+0800][gc,phases     ] GC(71)   Post Evacuate Collection Set: 0.3ms
[2020-09-09T22:29:33.848+0800][gc,phases     ] GC(71)   Other: 2.7ms
[2020-09-09T22:29:33.848+0800][gc,heap       ] GC(71) Eden regions: 50->0(50)
[2020-09-09T22:29:33.848+0800][gc,heap       ] GC(71) Survivor regions: 1->1(7)
[2020-09-09T22:29:33.848+0800][gc,heap       ] GC(71) Old regions: 140->140
[2020-09-09T22:29:33.848+0800][gc,heap       ] GC(71) Humongous regions: 129->129
[2020-09-09T22:29:33.848+0800][gc,metaspace  ] GC(71) Metaspace: 50646K->50646K(1095680K)
[2020-09-09T22:29:33.848+0800][gc            ] GC(71) Pause Young (Normal) (G1 Evacuation Pause) 319M->269M(1024M) 5.717ms
[2020-09-09T22:29:33.848+0800][gc,cpu        ] GC(71) User=0.02s Sys=0.00s Real=0.00s
[2020-09-09T23:08:20.092+0800][gc,start      ] GC(72) Pause Young (Normal) (G1 Evacuation Pause)
[2020-09-09T23:08:20.094+0800][gc,task       ] GC(72) Using 8 workers of 8 for evacuation
[2020-09-09T23:08:20.097+0800][gc,phases     ] GC(72)   Pre Evacuate Collection Set: 0.1ms
[2020-09-09T23:08:20.097+0800][gc,phases     ] GC(72)   Evacuate Collection Set: 2.4ms
[2020-09-09T23:08:20.097+0800][gc,phases     ] GC(72)   Post Evacuate Collection Set: 0.4ms
[2020-09-09T23:08:20.097+0800][gc,phases     ] GC(72)   Other: 2.2ms
[2020-09-09T23:08:20.097+0800][gc,heap       ] GC(72) Eden regions: 50->0(51)
[2020-09-09T23:08:20.097+0800][gc,heap       ] GC(72) Survivor regions: 1->1(7)
[2020-09-09T23:08:20.097+0800][gc,heap       ] GC(72) Old regions: 140->140
[2020-09-09T23:08:20.097+0800][gc,heap       ] GC(72) Humongous regions: 129->129
[2020-09-09T23:08:20.097+0800][gc,metaspace  ] GC(72) Metaspace: 50646K->50646K(1095680K)
[2020-09-09T23:08:20.097+0800][gc            ] GC(72) Pause Young (Normal) (G1 Evacuation Pause) 319M->269M(1024M) 5.497ms
[2020-09-09T23:08:20.097+0800][gc,cpu        ] GC(72) User=0.01s Sys=0.00s Real=0.00s
[2020-09-09T23:47:50.147+0800][gc,start      ] GC(73) Pause Young (Normal) (G1 Evacuation Pause)
[2020-09-09T23:47:50.149+0800][gc,task       ] GC(73) Using 8 workers of 8 for evacuation
[2020-09-09T23:47:50.158+0800][gc,phases     ] GC(73)   Pre Evacuate Collection Set: 0.0ms
[2020-09-09T23:47:50.158+0800][gc,phases     ] GC(73)   Evacuate Collection Set: 8.3ms
[2020-09-09T23:47:50.158+0800][gc,phases     ] GC(73)   Post Evacuate Collection Set: 0.3ms
[2020-09-09T23:47:50.158+0800][gc,phases     ] GC(73)   Other: 2.7ms
[2020-09-09T23:47:50.158+0800][gc,heap       ] GC(73) Eden regions: 51->0(51)
[2020-09-09T23:47:50.158+0800][gc,heap       ] GC(73) Survivor regions: 1->1(7)
[2020-09-09T23:47:50.158+0800][gc,heap       ] GC(73) Old regions: 140->140
[2020-09-09T23:47:50.158+0800][gc,heap       ] GC(73) Humongous regions: 129->129
[2020-09-09T23:47:50.158+0800][gc,metaspace  ] GC(73) Metaspace: 50649K->50649K(1095680K)
[2020-09-09T23:47:50.159+0800][gc            ] GC(73) Pause Young (Normal) (G1 Evacuation Pause) 320M->269M(1024M) 11.433ms
[2020-09-09T23:47:50.159+0800][gc,cpu        ] GC(73) User=0.01s Sys=0.03s Real=0.01s
[2020-09-10T00:27:19.928+0800][gc,start      ] GC(74) Pause Young (Normal) (G1 Evacuation Pause)
[2020-09-10T00:27:19.929+0800][gc,task       ] GC(74) Using 8 workers of 8 for evacuation
[2020-09-10T00:27:19.933+0800][gc,phases     ] GC(74)   Pre Evacuate Collection Set: 0.1ms
[2020-09-10T00:27:19.933+0800][gc,phases     ] GC(74)   Evacuate Collection Set: 2.9ms
[2020-09-10T00:27:19.933+0800][gc,phases     ] GC(74)   Post Evacuate Collection Set: 0.4ms
[2020-09-10T00:27:19.933+0800][gc,phases     ] GC(74)   Other: 1.5ms
[2020-09-10T00:27:19.933+0800][gc,heap       ] GC(74) Eden regions: 51->0(52)
[2020-09-10T00:27:19.933+0800][gc,heap       ] GC(74) Survivor regions: 1->2(7)
[2020-09-10T00:27:19.933+0800][gc,heap       ] GC(74) Old regions: 140->140
[2020-09-10T00:27:19.933+0800][gc,heap       ] GC(74) Humongous regions: 129->129
[2020-09-10T00:27:19.933+0800][gc,metaspace  ] GC(74) Metaspace: 50649K->50649K(1095680K)
[2020-09-10T00:27:19.933+0800][gc            ] GC(74) Pause Young (Normal) (G1 Evacuation Pause) 320M->269M(1024M) 5.009ms
[2020-09-10T00:27:19.933+0800][gc,cpu        ] GC(74) User=0.01s Sys=0.01s Real=0.01s
[2020-09-10T01:07:24.979+0800][gc,start      ] GC(75) Pause Young (Normal) (G1 Evacuation Pause)
[2020-09-10T01:07:24.982+0800][gc,task       ] GC(75) Using 8 workers of 8 for evacuation
[2020-09-10T01:07:24.990+0800][gc,phases     ] GC(75)   Pre Evacuate Collection Set: 0.1ms
[2020-09-10T01:07:24.990+0800][gc,phases     ] GC(75)   Evacuate Collection Set: 7.1ms
[2020-09-10T01:07:24.990+0800][gc,phases     ] GC(75)   Post Evacuate Collection Set: 0.2ms
[2020-09-10T01:07:24.990+0800][gc,phases     ] GC(75)   Other: 3.0ms
[2020-09-10T01:07:24.990+0800][gc,heap       ] GC(75) Eden regions: 52->0(53)
[2020-09-10T01:07:24.990+0800][gc,heap       ] GC(75) Survivor regions: 2->2(7)
[2020-09-10T01:07:24.990+0800][gc,heap       ] GC(75) Old regions: 140->140
[2020-09-10T01:07:24.990+0800][gc,heap       ] GC(75) Humongous regions: 129->129
[2020-09-10T01:07:24.990+0800][gc,metaspace  ] GC(75) Metaspace: 50708K->50708K(1095680K)
[2020-09-10T01:07:24.990+0800][gc            ] GC(75) Pause Young (Normal) (G1 Evacuation Pause) 321M->269M(1024M) 10.523ms
[2020-09-10T01:07:24.990+0800][gc,cpu        ] GC(75) User=0.01s Sys=0.02s Real=0.02s
[2020-09-10T01:48:21.869+0800][gc,start      ] GC(76) Pause Young (Normal) (G1 Evacuation Pause)
[2020-09-10T01:48:21.871+0800][gc,task       ] GC(76) Using 8 workers of 8 for evacuation
[2020-09-10T01:48:21.875+0800][gc,phases     ] GC(76)   Pre Evacuate Collection Set: 0.1ms
[2020-09-10T01:48:21.875+0800][gc,phases     ] GC(76)   Evacuate Collection Set: 3.8ms
[2020-09-10T01:48:21.875+0800][gc,phases     ] GC(76)   Post Evacuate Collection Set: 0.3ms
[2020-09-10T01:48:21.875+0800][gc,phases     ] GC(76)   Other: 2.4ms
[2020-09-10T01:48:21.875+0800][gc,heap       ] GC(76) Eden regions: 53->0(55)
[2020-09-10T01:48:21.875+0800][gc,heap       ] GC(76) Survivor regions: 2->1(7)
[2020-09-10T01:48:21.875+0800][gc,heap       ] GC(76) Old regions: 140->140
[2020-09-10T01:48:21.875+0800][gc,heap       ] GC(76) Humongous regions: 129->129
[2020-09-10T01:48:21.875+0800][gc,metaspace  ] GC(76) Metaspace: 50723K->50723K(1095680K)
[2020-09-10T01:48:21.875+0800][gc            ] GC(76) Pause Young (Normal) (G1 Evacuation Pause) 322M->269M(1024M) 6.640ms
[2020-09-10T01:48:21.875+0800][gc,cpu        ] GC(76) User=0.01s Sys=0.01s Real=0.01s
[2020-09-10T02:30:54.808+0800][gc,start      ] GC(77) Pause Young (Normal) (G1 Evacuation Pause)
[2020-09-10T02:30:54.808+0800][gc,task       ] GC(77) Using 8 workers of 8 for evacuation
[2020-09-10T02:30:54.815+0800][gc,phases     ] GC(77)   Pre Evacuate Collection Set: 0.0ms
[2020-09-10T02:30:54.815+0800][gc,phases     ] GC(77)   Evacuate Collection Set: 6.1ms
[2020-09-10T02:30:54.815+0800][gc,phases     ] GC(77)   Post Evacuate Collection Set: 0.3ms
[2020-09-10T02:30:54.815+0800][gc,phases     ] GC(77)   Other: 0.8ms
[2020-09-10T02:30:54.815+0800][gc,heap       ] GC(77) Eden regions: 55->0(55)
[2020-09-10T02:30:54.815+0800][gc,heap       ] GC(77) Survivor regions: 1->1(7)
[2020-09-10T02:30:54.815+0800][gc,heap       ] GC(77) Old regions: 140->140
[2020-09-10T02:30:54.815+0800][gc,heap       ] GC(77) Humongous regions: 129->129
[2020-09-10T02:30:54.815+0800][gc,metaspace  ] GC(77) Metaspace: 50723K->50723K(1095680K)
[2020-09-10T02:30:54.816+0800][gc            ] GC(77) Pause Young (Normal) (G1 Evacuation Pause) 324M->269M(1024M) 7.709ms
[2020-09-10T02:30:54.816+0800][gc,cpu        ] GC(77) User=0.02s Sys=0.01s Real=0.01s
[2020-09-10T03:13:19.707+0800][gc,start      ] GC(78) Pause Young (Normal) (G1 Evacuation Pause)
[2020-09-10T03:13:19.710+0800][gc,task       ] GC(78) Using 8 workers of 8 for evacuation
[2020-09-10T03:13:19.717+0800][gc,phases     ] GC(78)   Pre Evacuate Collection Set: 0.1ms
[2020-09-10T03:13:19.717+0800][gc,phases     ] GC(78)   Evacuate Collection Set: 6.0ms
[2020-09-10T03:13:19.717+0800][gc,phases     ] GC(78)   Post Evacuate Collection Set: 0.3ms
[2020-09-10T03:13:19.717+0800][gc,phases     ] GC(78)   Other: 3.1ms
[2020-09-10T03:13:19.717+0800][gc,heap       ] GC(78) Eden regions: 55->0(56)
[2020-09-10T03:13:19.717+0800][gc,heap       ] GC(78) Survivor regions: 1->2(7)
[2020-09-10T03:13:19.717+0800][gc,heap       ] GC(78) Old regions: 140->140
[2020-09-10T03:13:19.717+0800][gc,heap       ] GC(78) Humongous regions: 129->129
[2020-09-10T03:13:19.717+0800][gc,metaspace  ] GC(78) Metaspace: 50723K->50723K(1095680K)
[2020-09-10T03:13:19.717+0800][gc            ] GC(78) Pause Young (Normal) (G1 Evacuation Pause) 324M->269M(1024M) 9.599ms
[2020-09-10T03:13:19.717+0800][gc,cpu        ] GC(78) User=0.02s Sys=0.01s Real=0.01s
[2020-09-10T03:56:41.677+0800][gc,start      ] GC(79) Pause Young (Normal) (G1 Evacuation Pause)
[2020-09-10T03:56:41.679+0800][gc,task       ] GC(79) Using 8 workers of 8 for evacuation
[2020-09-10T03:56:41.683+0800][gc,phases     ] GC(79)   Pre Evacuate Collection Set: 0.0ms
[2020-09-10T03:56:41.683+0800][gc,phases     ] GC(79)   Evacuate Collection Set: 3.2ms
[2020-09-10T03:56:41.683+0800][gc,phases     ] GC(79)   Post Evacuate Collection Set: 0.3ms
[2020-09-10T03:56:41.683+0800][gc,phases     ] GC(79)   Other: 2.4ms
[2020-09-10T03:56:41.683+0800][gc,heap       ] GC(79) Eden regions: 56->0(58)
[2020-09-10T03:56:41.683+0800][gc,heap       ] GC(79) Survivor regions: 2->1(8)
[2020-09-10T03:56:41.683+0800][gc,heap       ] GC(79) Old regions: 140->140
[2020-09-10T03:56:41.683+0800][gc,heap       ] GC(79) Humongous regions: 129->129
[2020-09-10T03:56:41.683+0800][gc,metaspace  ] GC(79) Metaspace: 50730K->50730K(1095680K)
[2020-09-10T03:56:41.683+0800][gc            ] GC(79) Pause Young (Normal) (G1 Evacuation Pause) 325M->269M(1024M) 6.007ms
[2020-09-10T03:56:41.683+0800][gc,cpu        ] GC(79) User=0.01s Sys=0.01s Real=0.01s
