[2020-09-10T19:18:19.406+0800][gc,heap] Heap region size: 1M
[2020-09-10T19:18:19.417+0800][gc     ] Using G1
[2020-09-10T19:18:19.417+0800][gc,heap,coops] Heap address: 0x00000007c0000000, size: 1024 MB, Compressed Oops mode: Zero based, Oop shift amount: 3
[2020-09-10T19:18:20.619+0800][gc,start     ] GC(0) Pause Young (Concurrent Start) (Metadata GC Threshold)
[2020-09-10T19:18:20.620+0800][gc,task      ] GC(0) Using 8 workers of 8 for evacuation
[2020-09-10T19:18:20.628+0800][gc,phases    ] GC(0)   Pre Evacuate Collection Set: 0.0ms
[2020-09-10T19:18:20.628+0800][gc,phases    ] GC(0)   Evacuate Collection Set: 7.2ms
[2020-09-10T19:18:20.628+0800][gc,phases    ] GC(0)   Post Evacuate Collection Set: 0.8ms
[2020-09-10T19:18:20.628+0800][gc,phases    ] GC(0)   Other: 1.0ms
[2020-09-10T19:18:20.628+0800][gc,heap      ] GC(0) Eden regions: 38->0(44)
[2020-09-10T19:18:20.628+0800][gc,heap      ] GC(0) Survivor regions: 0->7(7)
[2020-09-10T19:18:20.628+0800][gc,heap      ] GC(0) Old regions: 0->0
[2020-09-10T19:18:20.628+0800][gc,heap      ] GC(0) Humongous regions: 0->0
[2020-09-10T19:18:20.628+0800][gc,metaspace ] GC(0) Metaspace: 20688K->20688K(1069056K)
[2020-09-10T19:18:20.629+0800][gc           ] GC(0) Pause Young (Concurrent Start) (Metadata GC Threshold) 38M->6M(1024M) 9.503ms
[2020-09-10T19:18:20.629+0800][gc,cpu       ] GC(0) User=0.02s Sys=0.01s Real=0.01s
[2020-09-10T19:18:20.629+0800][gc           ] GC(1) Concurrent Cycle
[2020-09-10T19:18:20.629+0800][gc,marking   ] GC(1) Concurrent Clear Claimed Marks
[2020-09-10T19:18:20.629+0800][gc,marking   ] GC(1) Concurrent Clear Claimed Marks 0.047ms
[2020-09-10T19:18:20.629+0800][gc,marking   ] GC(1) Concurrent Scan Root Regions
[2020-09-10T19:18:20.631+0800][gc,marking   ] GC(1) Concurrent Scan Root Regions 2.228ms
[2020-09-10T19:18:20.631+0800][gc,marking   ] GC(1) Concurrent Mark (1.232s)
[2020-09-10T19:18:20.631+0800][gc,marking   ] GC(1) Concurrent Mark From Roots
[2020-09-10T19:18:20.631+0800][gc,task      ] GC(1) Using 2 workers of 2 for marking
[2020-09-10T19:18:20.631+0800][gc,marking   ] GC(1) Concurrent Mark From Roots 0.239ms
[2020-09-10T19:18:20.632+0800][gc,marking   ] GC(1) Concurrent Preclean
[2020-09-10T19:18:20.632+0800][gc,marking   ] GC(1) Concurrent Preclean 0.040ms
[2020-09-10T19:18:20.632+0800][gc,marking   ] GC(1) Concurrent Mark (1.232s, 1.232s) 0.404ms
[2020-09-10T19:18:20.632+0800][gc,start     ] GC(1) Pause Remark
[2020-09-10T19:18:20.633+0800][gc,stringtable] GC(1) Cleaned string and symbol table, strings: 7277 processed, 0 removed, symbols: 63606 processed, 43 removed
[2020-09-10T19:18:20.634+0800][gc            ] GC(1) Pause Remark 6M->6M(1024M) 1.848ms
[2020-09-10T19:18:20.634+0800][gc,cpu        ] GC(1) User=0.01s Sys=0.00s Real=0.00s
[2020-09-10T19:18:20.634+0800][gc,marking    ] GC(1) Concurrent Rebuild Remembered Sets
[2020-09-10T19:18:20.634+0800][gc,marking    ] GC(1) Concurrent Rebuild Remembered Sets 0.060ms
[2020-09-10T19:18:20.634+0800][gc,start      ] GC(1) Pause Cleanup
[2020-09-10T19:18:20.634+0800][gc            ] GC(1) Pause Cleanup 6M->6M(1024M) 0.135ms
[2020-09-10T19:18:20.634+0800][gc,cpu        ] GC(1) User=0.00s Sys=0.00s Real=0.00s
[2020-09-10T19:18:20.634+0800][gc,marking    ] GC(1) Concurrent Cleanup for Next Mark
[2020-09-10T19:18:20.643+0800][gc,marking    ] GC(1) Concurrent Cleanup for Next Mark 8.614ms
[2020-09-10T19:18:20.643+0800][gc            ] GC(1) Concurrent Cycle 14.071ms
[2020-09-10T19:18:21.876+0800][gc,start      ] GC(2) Pause Young (Normal) (G1 Evacuation Pause)
[2020-09-10T19:18:21.876+0800][gc,task       ] GC(2) Using 8 workers of 8 for evacuation
[2020-09-10T19:18:21.883+0800][gc,phases     ] GC(2)   Pre Evacuate Collection Set: 0.1ms
[2020-09-10T19:18:21.883+0800][gc,phases     ] GC(2)   Evacuate Collection Set: 6.5ms
[2020-09-10T19:18:21.883+0800][gc,phases     ] GC(2)   Post Evacuate Collection Set: 0.3ms
[2020-09-10T19:18:21.883+0800][gc,phases     ] GC(2)   Other: 0.5ms
[2020-09-10T19:18:21.883+0800][gc,heap       ] GC(2) Eden regions: 44->0(48)
[2020-09-10T19:18:21.883+0800][gc,heap       ] GC(2) Survivor regions: 7->3(7)
[2020-09-10T19:18:21.883+0800][gc,heap       ] GC(2) Old regions: 0->7
[2020-09-10T19:18:21.883+0800][gc,heap       ] GC(2) Humongous regions: 129->129
[2020-09-10T19:18:21.883+0800][gc,metaspace  ] GC(2) Metaspace: 30830K->30830K(1077248K)
[2020-09-10T19:18:21.883+0800][gc            ] GC(2) Pause Young (Normal) (G1 Evacuation Pause) 179M->137M(1024M) 7.567ms
[2020-09-10T19:18:21.883+0800][gc,cpu        ] GC(2) User=0.03s Sys=0.01s Real=0.01s
[2020-09-10T19:18:22.274+0800][gc,start      ] GC(3) Pause Young (Concurrent Start) (Metadata GC Threshold)
[2020-09-10T19:18:22.274+0800][gc,task       ] GC(3) Using 8 workers of 8 for evacuation
[2020-09-10T19:18:22.282+0800][gc,phases     ] GC(3)   Pre Evacuate Collection Set: 0.1ms
[2020-09-10T19:18:22.282+0800][gc,phases     ] GC(3)   Evacuate Collection Set: 6.8ms
[2020-09-10T19:18:22.282+0800][gc,phases     ] GC(3)   Post Evacuate Collection Set: 0.5ms
[2020-09-10T19:18:22.282+0800][gc,phases     ] GC(3)   Other: 0.6ms
[2020-09-10T19:18:22.282+0800][gc,heap       ] GC(3) Eden regions: 24->0(46)
[2020-09-10T19:18:22.282+0800][gc,heap       ] GC(3) Survivor regions: 3->5(7)
[2020-09-10T19:18:22.282+0800][gc,heap       ] GC(3) Old regions: 7->7
[2020-09-10T19:18:22.282+0800][gc,heap       ] GC(3) Humongous regions: 129->129
[2020-09-10T19:18:22.282+0800][gc,metaspace  ] GC(3) Metaspace: 34945K->34945K(1081344K)
[2020-09-10T19:18:22.282+0800][gc            ] GC(3) Pause Young (Concurrent Start) (Metadata GC Threshold) 161M->139M(1024M) 8.208ms
[2020-09-10T19:18:22.282+0800][gc,cpu        ] GC(3) User=0.04s Sys=0.01s Real=0.01s
[2020-09-10T19:18:22.282+0800][gc            ] GC(4) Concurrent Cycle
[2020-09-10T19:18:22.282+0800][gc,marking    ] GC(4) Concurrent Clear Claimed Marks
[2020-09-10T19:18:22.282+0800][gc,marking    ] GC(4) Concurrent Clear Claimed Marks 0.091ms
[2020-09-10T19:18:22.282+0800][gc,marking    ] GC(4) Concurrent Scan Root Regions
[2020-09-10T19:18:22.285+0800][gc,marking    ] GC(4) Concurrent Scan Root Regions 2.310ms
[2020-09-10T19:18:22.285+0800][gc,marking    ] GC(4) Concurrent Mark (2.886s)
[2020-09-10T19:18:22.285+0800][gc,marking    ] GC(4) Concurrent Mark From Roots
[2020-09-10T19:18:22.285+0800][gc,task       ] GC(4) Using 2 workers of 2 for marking
[2020-09-10T19:18:22.292+0800][gc,marking    ] GC(4) Concurrent Mark From Roots 7.147ms
[2020-09-10T19:18:22.292+0800][gc,marking    ] GC(4) Concurrent Preclean
[2020-09-10T19:18:22.292+0800][gc,marking    ] GC(4) Concurrent Preclean 0.134ms
[2020-09-10T19:18:22.292+0800][gc,marking    ] GC(4) Concurrent Mark (2.886s, 2.893s) 7.431ms
[2020-09-10T19:18:22.292+0800][gc,start      ] GC(4) Pause Remark
[2020-09-10T19:18:22.295+0800][gc,stringtable] GC(4) Cleaned string and symbol table, strings: 11727 processed, 7 removed, symbols: 96140 processed, 23 removed
[2020-09-10T19:18:22.295+0800][gc            ] GC(4) Pause Remark 139M->139M(1024M) 2.584ms
[2020-09-10T19:18:22.295+0800][gc,cpu        ] GC(4) User=0.01s Sys=0.00s Real=0.00s
[2020-09-10T19:18:22.295+0800][gc,marking    ] GC(4) Concurrent Rebuild Remembered Sets
[2020-09-10T19:18:22.298+0800][gc,marking    ] GC(4) Concurrent Rebuild Remembered Sets 3.546ms
[2020-09-10T19:18:22.304+0800][gc,start      ] GC(4) Pause Cleanup
[2020-09-10T19:18:22.304+0800][gc            ] GC(4) Pause Cleanup 139M->139M(1024M) 0.220ms
[2020-09-10T19:18:22.304+0800][gc,cpu        ] GC(4) User=0.00s Sys=0.00s Real=0.00s
[2020-09-10T19:18:22.304+0800][gc,marking    ] GC(4) Concurrent Cleanup for Next Mark
[2020-09-10T19:18:22.314+0800][gc,marking    ] GC(4) Concurrent Cleanup for Next Mark 9.202ms
[2020-09-10T19:18:22.314+0800][gc            ] GC(4) Concurrent Cycle 31.714ms
[2020-09-10T19:37:20.153+0800][gc,start      ] GC(5) Pause Young (Normal) (G1 Evacuation Pause)
[2020-09-10T19:37:20.154+0800][gc,task       ] GC(5) Using 8 workers of 8 for evacuation
[2020-09-10T19:37:20.160+0800][gc,phases     ] GC(5)   Pre Evacuate Collection Set: 0.2ms
[2020-09-10T19:37:20.160+0800][gc,phases     ] GC(5)   Evacuate Collection Set: 5.9ms
[2020-09-10T19:37:20.160+0800][gc,phases     ] GC(5)   Post Evacuate Collection Set: 0.4ms
[2020-09-10T19:37:20.160+0800][gc,phases     ] GC(5)   Other: 0.4ms
[2020-09-10T19:37:20.160+0800][gc,heap       ] GC(5) Eden regions: 46->0(46)
[2020-09-10T19:37:20.160+0800][gc,heap       ] GC(5) Survivor regions: 5->5(7)
[2020-09-10T19:37:20.160+0800][gc,heap       ] GC(5) Old regions: 7->9
[2020-09-10T19:37:20.160+0800][gc,heap       ] GC(5) Humongous regions: 129->129
[2020-09-10T19:37:20.160+0800][gc,metaspace  ] GC(5) Metaspace: 43494K->43494K(1089536K)
[2020-09-10T19:37:20.160+0800][gc            ] GC(5) Pause Young (Normal) (G1 Evacuation Pause) 185M->141M(1024M) 6.981ms
[2020-09-10T19:37:20.160+0800][gc,cpu        ] GC(5) User=0.04s Sys=0.01s Real=0.01s
[2020-09-10T19:40:41.439+0800][gc,start      ] GC(6) Pause Young (Normal) (G1 Evacuation Pause)
[2020-09-10T19:40:41.441+0800][gc,task       ] GC(6) Using 8 workers of 8 for evacuation
[2020-09-10T19:40:41.453+0800][gc,phases     ] GC(6)   Pre Evacuate Collection Set: 0.0ms
[2020-09-10T19:40:41.453+0800][gc,phases     ] GC(6)   Evacuate Collection Set: 7.6ms
[2020-09-10T19:40:41.453+0800][gc,phases     ] GC(6)   Post Evacuate Collection Set: 4.0ms
[2020-09-10T19:40:41.453+0800][gc,phases     ] GC(6)   Other: 2.2ms
[2020-09-10T19:40:41.453+0800][gc,heap       ] GC(6) Eden regions: 46->0(45)
[2020-09-10T19:40:41.453+0800][gc,heap       ] GC(6) Survivor regions: 5->6(7)
[2020-09-10T19:40:41.453+0800][gc,heap       ] GC(6) Old regions: 9->11
[2020-09-10T19:40:41.453+0800][gc,heap       ] GC(6) Humongous regions: 129->129
[2020-09-10T19:40:41.453+0800][gc,metaspace  ] GC(6) Metaspace: 47706K->47706K(1093632K)
[2020-09-10T19:40:41.453+0800][gc            ] GC(6) Pause Young (Normal) (G1 Evacuation Pause) 187M->145M(1024M) 14.108ms
[2020-09-10T19:40:41.453+0800][gc,cpu        ] GC(6) User=0.04s Sys=0.00s Real=0.02s
[2020-09-10T19:45:01.518+0800][gc,start      ] GC(7) Pause Young (Normal) (G1 Evacuation Pause)
[2020-09-10T19:45:01.521+0800][gc,task       ] GC(7) Using 8 workers of 8 for evacuation
[2020-09-10T19:45:01.527+0800][gc,phases     ] GC(7)   Pre Evacuate Collection Set: 0.0ms
[2020-09-10T19:45:01.527+0800][gc,phases     ] GC(7)   Evacuate Collection Set: 5.2ms
[2020-09-10T19:45:01.527+0800][gc,phases     ] GC(7)   Post Evacuate Collection Set: 0.5ms
[2020-09-10T19:45:01.527+0800][gc,phases     ] GC(7)   Other: 3.6ms
[2020-09-10T19:45:01.527+0800][gc,heap       ] GC(7) Eden regions: 45->0(47)
[2020-09-10T19:45:01.527+0800][gc,heap       ] GC(7) Survivor regions: 6->4(7)
[2020-09-10T19:45:01.527+0800][gc,heap       ] GC(7) Old regions: 11->13
[2020-09-10T19:45:01.527+0800][gc,heap       ] GC(7) Humongous regions: 129->129
[2020-09-10T19:45:01.527+0800][gc,metaspace  ] GC(7) Metaspace: 47811K->47811K(1093632K)
[2020-09-10T19:45:01.527+0800][gc            ] GC(7) Pause Young (Normal) (G1 Evacuation Pause) 190M->145M(1024M) 9.556ms
[2020-09-10T19:45:01.527+0800][gc,cpu        ] GC(7) User=0.03s Sys=0.01s Real=0.01s
[2020-09-10T19:50:11.464+0800][gc,start      ] GC(8) Pause Young (Normal) (G1 Evacuation Pause)
[2020-09-10T19:50:11.466+0800][gc,task       ] GC(8) Using 8 workers of 8 for evacuation
[2020-09-10T19:50:11.470+0800][gc,phases     ] GC(8)   Pre Evacuate Collection Set: 0.0ms
[2020-09-10T19:50:11.470+0800][gc,phases     ] GC(8)   Evacuate Collection Set: 2.9ms
[2020-09-10T19:50:11.470+0800][gc,phases     ] GC(8)   Post Evacuate Collection Set: 0.3ms
[2020-09-10T19:50:11.470+0800][gc,phases     ] GC(8)   Other: 2.2ms
[2020-09-10T19:50:11.470+0800][gc,heap       ] GC(8) Eden regions: 47->0(47)
[2020-09-10T19:50:11.470+0800][gc,heap       ] GC(8) Survivor regions: 4->4(7)
[2020-09-10T19:50:11.470+0800][gc,heap       ] GC(8) Old regions: 13->13
[2020-09-10T19:50:11.470+0800][gc,heap       ] GC(8) Humongous regions: 129->129
[2020-09-10T19:50:11.470+0800][gc,metaspace  ] GC(8) Metaspace: 47863K->47863K(1093632K)
[2020-09-10T19:50:11.470+0800][gc            ] GC(8) Pause Young (Normal) (G1 Evacuation Pause) 192M->145M(1024M) 5.667ms
[2020-09-10T19:50:11.470+0800][gc,cpu        ] GC(8) User=0.02s Sys=0.00s Real=0.01s
[2020-09-10T19:55:36.784+0800][gc,start      ] GC(9) Pause Young (Normal) (G1 Evacuation Pause)
[2020-09-10T19:55:36.786+0800][gc,task       ] GC(9) Using 8 workers of 8 for evacuation
[2020-09-10T19:55:36.792+0800][gc,phases     ] GC(9)   Pre Evacuate Collection Set: 0.0ms
[2020-09-10T19:55:36.792+0800][gc,phases     ] GC(9)   Evacuate Collection Set: 5.3ms
[2020-09-10T19:55:36.792+0800][gc,phases     ] GC(9)   Post Evacuate Collection Set: 0.3ms
[2020-09-10T19:55:36.792+0800][gc,phases     ] GC(9)   Other: 2.4ms
[2020-09-10T19:55:36.792+0800][gc,heap       ] GC(9) Eden regions: 47->0(52)
[2020-09-10T19:55:36.792+0800][gc,heap       ] GC(9) Survivor regions: 4->3(7)
[2020-09-10T19:55:36.792+0800][gc,heap       ] GC(9) Old regions: 13->15
[2020-09-10T19:55:36.792+0800][gc,heap       ] GC(9) Humongous regions: 129->129
[2020-09-10T19:55:36.792+0800][gc,metaspace  ] GC(9) Metaspace: 47898K->47898K(1093632K)
[2020-09-10T19:55:36.792+0800][gc            ] GC(9) Pause Young (Normal) (G1 Evacuation Pause) 192M->145M(1024M) 8.296ms
[2020-09-10T19:55:36.792+0800][gc,cpu        ] GC(9) User=0.04s Sys=0.00s Real=0.01s
[2020-09-10T20:01:40.179+0800][gc,start      ] GC(10) Pause Young (Normal) (G1 Evacuation Pause)
[2020-09-10T20:01:40.181+0800][gc,task       ] GC(10) Using 8 workers of 8 for evacuation
[2020-09-10T20:01:40.184+0800][gc,phases     ] GC(10)   Pre Evacuate Collection Set: 0.0ms
[2020-09-10T20:01:40.184+0800][gc,phases     ] GC(10)   Evacuate Collection Set: 2.1ms
[2020-09-10T20:01:40.184+0800][gc,phases     ] GC(10)   Post Evacuate Collection Set: 0.3ms
[2020-09-10T20:01:40.184+0800][gc,phases     ] GC(10)   Other: 2.3ms
[2020-09-10T20:01:40.184+0800][gc,heap       ] GC(10) Eden regions: 52->0(520)
[2020-09-10T20:01:40.184+0800][gc,heap       ] GC(10) Survivor regions: 3->2(7)
[2020-09-10T20:01:40.184+0800][gc,heap       ] GC(10) Old regions: 15->15
[2020-09-10T20:01:40.184+0800][gc,heap       ] GC(10) Humongous regions: 129->129
[2020-09-10T20:01:40.184+0800][gc,metaspace  ] GC(10) Metaspace: 47964K->47964K(1093632K)
[2020-09-10T20:01:40.184+0800][gc            ] GC(10) Pause Young (Normal) (G1 Evacuation Pause) 197M->145M(1024M) 4.903ms
[2020-09-10T20:01:40.184+0800][gc,cpu        ] GC(10) User=0.01s Sys=0.00s Real=0.01s
[2020-09-10T21:15:09.091+0800][gc,start      ] GC(11) Pause Young (Normal) (G1 Evacuation Pause)
[2020-09-10T21:15:09.094+0800][gc,task       ] GC(11) Using 8 workers of 8 for evacuation
[2020-09-10T21:15:09.101+0800][gc,phases     ] GC(11)   Pre Evacuate Collection Set: 0.0ms
[2020-09-10T21:15:09.101+0800][gc,phases     ] GC(11)   Evacuate Collection Set: 5.3ms
[2020-09-10T21:15:09.101+0800][gc,phases     ] GC(11)   Post Evacuate Collection Set: 1.1ms
[2020-09-10T21:15:09.101+0800][gc,phases     ] GC(11)   Other: 2.7ms
[2020-09-10T21:15:09.101+0800][gc,heap       ] GC(11) Eden regions: 520->0(484)
[2020-09-10T21:15:09.101+0800][gc,heap       ] GC(11) Survivor regions: 2->4(66)
[2020-09-10T21:15:09.101+0800][gc,heap       ] GC(11) Old regions: 15->15
[2020-09-10T21:15:09.101+0800][gc,heap       ] GC(11) Humongous regions: 129->129
[2020-09-10T21:15:09.101+0800][gc,metaspace  ] GC(11) Metaspace: 48174K->48174K(1093632K)
[2020-09-10T21:15:09.101+0800][gc            ] GC(11) Pause Young (Normal) (G1 Evacuation Pause) 665M->146M(1024M) 9.301ms
[2020-09-10T21:15:09.101+0800][gc,cpu        ] GC(11) User=0.03s Sys=0.02s Real=0.01s
[2020-09-10T22:11:49.606+0800][gc,start      ] GC(12) Pause Young (Normal) (G1 Evacuation Pause)
[2020-09-10T22:11:49.608+0800][gc,task       ] GC(12) Using 8 workers of 8 for evacuation
[2020-09-10T22:11:49.613+0800][gc,phases     ] GC(12)   Pre Evacuate Collection Set: 0.0ms
[2020-09-10T22:11:49.613+0800][gc,phases     ] GC(12)   Evacuate Collection Set: 4.0ms
[2020-09-10T22:11:49.613+0800][gc,phases     ] GC(12)   Post Evacuate Collection Set: 0.5ms
[2020-09-10T22:11:49.613+0800][gc,phases     ] GC(12)   Other: 2.5ms
[2020-09-10T22:11:49.613+0800][gc,heap       ] GC(12) Eden regions: 480->0(538)
[2020-09-10T22:11:49.613+0800][gc,heap       ] GC(12) Survivor regions: 4->4(61)
[2020-09-10T22:11:49.613+0800][gc,heap       ] GC(12) Old regions: 15->15
[2020-09-10T22:11:49.613+0800][gc,heap       ] GC(12) Humongous regions: 129->129
[2020-09-10T22:11:49.613+0800][gc,metaspace  ] GC(12) Metaspace: 48250K->48250K(1093632K)
[2020-09-10T22:11:49.613+0800][gc            ] GC(12) Pause Young (Normal) (G1 Evacuation Pause) 626M->146M(1024M) 7.247ms
[2020-09-10T22:11:49.613+0800][gc,cpu        ] GC(12) User=0.03s Sys=0.00s Real=0.01s
[2020-09-10T23:15:29.989+0800][gc,start      ] GC(13) Pause Young (Normal) (G1 Evacuation Pause)
[2020-09-10T23:15:29.991+0800][gc,task       ] GC(13) Using 8 workers of 8 for evacuation
[2020-09-10T23:15:29.996+0800][gc,phases     ] GC(13)   Pre Evacuate Collection Set: 0.0ms
[2020-09-10T23:15:29.996+0800][gc,phases     ] GC(13)   Evacuate Collection Set: 4.2ms
[2020-09-10T23:15:29.996+0800][gc,phases     ] GC(13)   Post Evacuate Collection Set: 0.5ms
[2020-09-10T23:15:29.997+0800][gc,phases     ] GC(13)   Other: 2.5ms
[2020-09-10T23:15:29.997+0800][gc,heap       ] GC(13) Eden regions: 538->0(610)
[2020-09-10T23:15:29.997+0800][gc,heap       ] GC(13) Survivor regions: 4->4(68)
[2020-09-10T23:15:29.997+0800][gc,heap       ] GC(13) Old regions: 15->15
[2020-09-10T23:15:29.997+0800][gc,heap       ] GC(13) Humongous regions: 129->129
[2020-09-10T23:15:29.997+0800][gc,metaspace  ] GC(13) Metaspace: 48284K->48284K(1093632K)
[2020-09-10T23:15:29.997+0800][gc            ] GC(13) Pause Young (Normal) (G1 Evacuation Pause) 684M->146M(1024M) 7.543ms
[2020-09-10T23:15:29.997+0800][gc,cpu        ] GC(13) User=0.03s Sys=0.01s Real=0.01s
[2020-09-11T00:27:31.974+0800][gc,start      ] GC(14) Pause Young (Normal) (G1 Evacuation Pause)
[2020-09-11T00:27:31.976+0800][gc,task       ] GC(14) Using 8 workers of 8 for evacuation
[2020-09-11T00:27:31.985+0800][gc,phases     ] GC(14)   Pre Evacuate Collection Set: 0.9ms
[2020-09-11T00:27:31.985+0800][gc,phases     ] GC(14)   Evacuate Collection Set: 7.2ms
[2020-09-11T00:27:31.985+0800][gc,phases     ] GC(14)   Post Evacuate Collection Set: 0.7ms
[2020-09-11T00:27:31.986+0800][gc,phases     ] GC(14)   Other: 3.1ms
[2020-09-11T00:27:31.986+0800][gc,heap       ] GC(14) Eden regions: 610->0(609)
[2020-09-11T00:27:31.986+0800][gc,heap       ] GC(14) Survivor regions: 4->5(77)
[2020-09-11T00:27:31.986+0800][gc,heap       ] GC(14) Old regions: 15->15
[2020-09-11T00:27:31.986+0800][gc,heap       ] GC(14) Humongous regions: 129->129
[2020-09-11T00:27:31.986+0800][gc,metaspace  ] GC(14) Metaspace: 48314K->48314K(1093632K)
[2020-09-11T00:27:31.986+0800][gc            ] GC(14) Pause Young (Normal) (G1 Evacuation Pause) 756M->147M(1024M) 12.002ms
[2020-09-11T00:27:31.986+0800][gc,cpu        ] GC(14) User=0.04s Sys=0.02s Real=0.01s
[2020-09-11T01:39:45.605+0800][gc,start      ] GC(15) Pause Young (Normal) (G1 Evacuation Pause)
[2020-09-11T01:39:45.605+0800][gc,task       ] GC(15) Using 8 workers of 8 for evacuation
[2020-09-11T01:39:45.611+0800][gc,phases     ] GC(15)   Pre Evacuate Collection Set: 0.1ms
[2020-09-11T01:39:45.611+0800][gc,phases     ] GC(15)   Evacuate Collection Set: 5.0ms
[2020-09-11T01:39:45.611+0800][gc,phases     ] GC(15)   Post Evacuate Collection Set: 0.6ms
[2020-09-11T01:39:45.611+0800][gc,phases     ] GC(15)   Other: 0.4ms
[2020-09-11T01:39:45.611+0800][gc,heap       ] GC(15) Eden regions: 609->0(609)
[2020-09-11T01:39:45.612+0800][gc,heap       ] GC(15) Survivor regions: 5->5(77)
[2020-09-11T01:39:45.612+0800][gc,heap       ] GC(15) Old regions: 15->15
[2020-09-11T01:39:45.612+0800][gc,heap       ] GC(15) Humongous regions: 129->129
[2020-09-11T01:39:45.612+0800][gc,metaspace  ] GC(15) Metaspace: 48324K->48324K(1093632K)
[2020-09-11T01:39:45.612+0800][gc            ] GC(15) Pause Young (Normal) (G1 Evacuation Pause) 756M->147M(1024M) 6.232ms
[2020-09-11T01:39:45.612+0800][gc,cpu        ] GC(15) User=0.04s Sys=0.00s Real=0.01s
[2020-09-11T02:52:01.562+0800][gc,start      ] GC(16) Pause Young (Normal) (G1 Evacuation Pause)
[2020-09-11T02:52:01.564+0800][gc,task       ] GC(16) Using 8 workers of 8 for evacuation
[2020-09-11T02:52:01.569+0800][gc,phases     ] GC(16)   Pre Evacuate Collection Set: 0.0ms
[2020-09-11T02:52:01.570+0800][gc,phases     ] GC(16)   Evacuate Collection Set: 4.9ms
[2020-09-11T02:52:01.570+0800][gc,phases     ] GC(16)   Post Evacuate Collection Set: 0.6ms
[2020-09-11T02:52:01.570+0800][gc,phases     ] GC(16)   Other: 2.5ms
[2020-09-11T02:52:01.570+0800][gc,heap       ] GC(16) Eden regions: 609->0(609)
[2020-09-11T02:52:01.570+0800][gc,heap       ] GC(16) Survivor regions: 5->5(77)
[2020-09-11T02:52:01.570+0800][gc,heap       ] GC(16) Old regions: 15->15
[2020-09-11T02:52:01.570+0800][gc,heap       ] GC(16) Humongous regions: 129->129
[2020-09-11T02:52:01.570+0800][gc,metaspace  ] GC(16) Metaspace: 48349K->48349K(1093632K)
[2020-09-11T02:52:01.570+0800][gc            ] GC(16) Pause Young (Normal) (G1 Evacuation Pause) 756M->147M(1024M) 8.141ms
[2020-09-11T02:52:01.570+0800][gc,cpu        ] GC(16) User=0.04s Sys=0.00s Real=0.01s
[2020-09-11T04:04:14.347+0800][gc,start      ] GC(17) Pause Young (Normal) (G1 Evacuation Pause)
[2020-09-11T04:04:14.349+0800][gc,task       ] GC(17) Using 8 workers of 8 for evacuation
[2020-09-11T04:04:14.355+0800][gc,phases     ] GC(17)   Pre Evacuate Collection Set: 0.0ms
[2020-09-11T04:04:14.355+0800][gc,phases     ] GC(17)   Evacuate Collection Set: 4.9ms
[2020-09-11T04:04:14.355+0800][gc,phases     ] GC(17)   Post Evacuate Collection Set: 0.7ms
[2020-09-11T04:04:14.355+0800][gc,phases     ] GC(17)   Other: 2.5ms
[2020-09-11T04:04:14.355+0800][gc,heap       ] GC(17) Eden regions: 609->0(609)
[2020-09-11T04:04:14.355+0800][gc,heap       ] GC(17) Survivor regions: 5->5(77)
[2020-09-11T04:04:14.355+0800][gc,heap       ] GC(17) Old regions: 15->15
[2020-09-11T04:04:14.355+0800][gc,heap       ] GC(17) Humongous regions: 129->129
[2020-09-11T04:04:14.356+0800][gc,metaspace  ] GC(17) Metaspace: 48376K->48376K(1093632K)
[2020-09-11T04:04:14.356+0800][gc            ] GC(17) Pause Young (Normal) (G1 Evacuation Pause) 756M->147M(1024M) 8.289ms
[2020-09-11T04:04:14.356+0800][gc,cpu        ] GC(17) User=0.04s Sys=0.01s Real=0.01s
[2020-09-11T05:16:33.629+0800][gc,start      ] GC(18) Pause Young (Normal) (G1 Evacuation Pause)
[2020-09-11T05:16:33.631+0800][gc,task       ] GC(18) Using 8 workers of 8 for evacuation
[2020-09-11T05:16:33.637+0800][gc,phases     ] GC(18)   Pre Evacuate Collection Set: 0.0ms
[2020-09-11T05:16:33.637+0800][gc,phases     ] GC(18)   Evacuate Collection Set: 4.8ms
[2020-09-11T05:16:33.637+0800][gc,phases     ] GC(18)   Post Evacuate Collection Set: 0.7ms
[2020-09-11T05:16:33.637+0800][gc,phases     ] GC(18)   Other: 2.5ms
[2020-09-11T05:16:33.637+0800][gc,heap       ] GC(18) Eden regions: 609->0(609)
[2020-09-11T05:16:33.637+0800][gc,heap       ] GC(18) Survivor regions: 5->5(77)
[2020-09-11T05:16:33.637+0800][gc,heap       ] GC(18) Old regions: 15->15
[2020-09-11T05:16:33.637+0800][gc,heap       ] GC(18) Humongous regions: 129->129
[2020-09-11T05:16:33.637+0800][gc,metaspace  ] GC(18) Metaspace: 48390K->48390K(1093632K)
[2020-09-11T05:16:33.637+0800][gc            ] GC(18) Pause Young (Normal) (G1 Evacuation Pause) 756M->147M(1024M) 8.162ms
[2020-09-11T05:16:33.637+0800][gc,cpu        ] GC(18) User=0.03s Sys=0.00s Real=0.01s
[2020-09-11T06:28:28.106+0800][gc,start      ] GC(19) Pause Young (Normal) (G1 Evacuation Pause)
[2020-09-11T06:28:28.107+0800][gc,task       ] GC(19) Using 8 workers of 8 for evacuation
[2020-09-11T06:28:28.112+0800][gc,phases     ] GC(19)   Pre Evacuate Collection Set: 0.0ms
[2020-09-11T06:28:28.112+0800][gc,phases     ] GC(19)   Evacuate Collection Set: 4.5ms
[2020-09-11T06:28:28.112+0800][gc,phases     ] GC(19)   Post Evacuate Collection Set: 0.7ms
[2020-09-11T06:28:28.112+0800][gc,phases     ] GC(19)   Other: 0.7ms
[2020-09-11T06:28:28.112+0800][gc,heap       ] GC(19) Eden regions: 609->0(610)
[2020-09-11T06:28:28.112+0800][gc,heap       ] GC(19) Survivor regions: 5->4(77)
[2020-09-11T06:28:28.112+0800][gc,heap       ] GC(19) Old regions: 15->15
[2020-09-11T06:28:28.113+0800][gc,heap       ] GC(19) Humongous regions: 129->129
[2020-09-11T06:28:28.113+0800][gc,metaspace  ] GC(19) Metaspace: 48398K->48398K(1093632K)
[2020-09-11T06:28:28.113+0800][gc            ] GC(19) Pause Young (Normal) (G1 Evacuation Pause) 756M->147M(1024M) 6.241ms
[2020-09-11T06:28:28.113+0800][gc,cpu        ] GC(19) User=0.03s Sys=0.00s Real=0.01s
[2020-09-11T07:40:49.889+0800][gc,start      ] GC(20) Pause Young (Normal) (G1 Evacuation Pause)
[2020-09-11T07:40:49.891+0800][gc,task       ] GC(20) Using 8 workers of 8 for evacuation
[2020-09-11T07:40:49.897+0800][gc,phases     ] GC(20)   Pre Evacuate Collection Set: 0.0ms
[2020-09-11T07:40:49.897+0800][gc,phases     ] GC(20)   Evacuate Collection Set: 4.5ms
[2020-09-11T07:40:49.897+0800][gc,phases     ] GC(20)   Post Evacuate Collection Set: 0.6ms
[2020-09-11T07:40:49.897+0800][gc,phases     ] GC(20)   Other: 2.4ms
[2020-09-11T07:40:49.897+0800][gc,heap       ] GC(20) Eden regions: 610->0(610)
[2020-09-11T07:40:49.897+0800][gc,heap       ] GC(20) Survivor regions: 4->4(77)
[2020-09-11T07:40:49.897+0800][gc,heap       ] GC(20) Old regions: 15->15
[2020-09-11T07:40:49.897+0800][gc,heap       ] GC(20) Humongous regions: 129->129
[2020-09-11T07:40:49.897+0800][gc,metaspace  ] GC(20) Metaspace: 48404K->48404K(1093632K)
[2020-09-11T07:40:49.897+0800][gc            ] GC(20) Pause Young (Normal) (G1 Evacuation Pause) 757M->147M(1024M) 7.627ms
[2020-09-11T07:40:49.897+0800][gc,cpu        ] GC(20) User=0.03s Sys=0.00s Real=0.01s
[2020-09-11T08:53:12.306+0800][gc,start      ] GC(21) Pause Young (Normal) (G1 Evacuation Pause)
[2020-09-11T08:53:12.308+0800][gc,task       ] GC(21) Using 8 workers of 8 for evacuation
[2020-09-11T08:53:12.334+0800][gc,mmu        ] GC(21) MMU target violated: 21.0ms (20.0ms/21.0ms)
[2020-09-11T08:53:12.334+0800][gc,phases     ] GC(21)   Pre Evacuate Collection Set: 0.5ms
[2020-09-11T08:53:12.334+0800][gc,phases     ] GC(21)   Evacuate Collection Set: 22.0ms
[2020-09-11T08:53:12.334+0800][gc,phases     ] GC(21)   Post Evacuate Collection Set: 2.7ms
[2020-09-11T08:53:12.334+0800][gc,phases     ] GC(21)   Other: 2.6ms
[2020-09-11T08:53:12.334+0800][gc,heap       ] GC(21) Eden regions: 610->0(610)
[2020-09-11T08:53:12.334+0800][gc,heap       ] GC(21) Survivor regions: 4->4(77)
[2020-09-11T08:53:12.334+0800][gc,heap       ] GC(21) Old regions: 15->15
[2020-09-11T08:53:12.334+0800][gc,heap       ] GC(21) Humongous regions: 129->129
[2020-09-11T08:53:12.334+0800][gc,metaspace  ] GC(21) Metaspace: 48423K->48423K(1093632K)
[2020-09-11T08:53:12.334+0800][gc            ] GC(21) Pause Young (Normal) (G1 Evacuation Pause) 757M->147M(1024M) 28.142ms
[2020-09-11T08:53:12.334+0800][gc,cpu        ] GC(21) User=0.03s Sys=0.05s Real=0.03s
[2020-09-11T11:28:23.297+0800][gc,start      ] GC(22) Pause Young (Normal) (G1 Evacuation Pause)
[2020-09-11T11:28:23.298+0800][gc,task       ] GC(22) Using 8 workers of 8 for evacuation
[2020-09-11T11:28:24.236+0800][gc,mmu        ] GC(22) MMU target violated: 21.0ms (20.0ms/21.0ms)
[2020-09-11T11:28:24.236+0800][gc,phases     ] GC(22)   Pre Evacuate Collection Set: 16.5ms
[2020-09-11T11:28:24.236+0800][gc,phases     ] GC(22)   Evacuate Collection Set: 912.0ms
[2020-09-11T11:28:24.236+0800][gc,phases     ] GC(22)   Post Evacuate Collection Set: 1.7ms
[2020-09-11T11:28:24.236+0800][gc,phases     ] GC(22)   Other: 10.2ms
[2020-09-11T11:28:24.236+0800][gc,heap       ] GC(22) Eden regions: 610->0(47)
[2020-09-11T11:28:24.236+0800][gc,heap       ] GC(22) Survivor regions: 4->4(77)
[2020-09-11T11:28:24.236+0800][gc,heap       ] GC(22) Old regions: 15->15
[2020-09-11T11:28:24.236+0800][gc,heap       ] GC(22) Humongous regions: 129->129
[2020-09-11T11:28:24.236+0800][gc,metaspace  ] GC(22) Metaspace: 49286K->49286K(1093632K)
[2020-09-11T11:28:24.236+0800][gc            ] GC(22) Pause Young (Normal) (G1 Evacuation Pause) 757M->146M(1024M) 939.834ms
[2020-09-11T11:28:24.236+0800][gc,cpu        ] GC(22) User=0.04s Sys=0.20s Real=0.94s
[2020-09-11T11:28:24.665+0800][gc,start      ] GC(23) Pause Young (Normal) (G1 Evacuation Pause)
[2020-09-11T11:28:24.665+0800][gc,task       ] GC(23) Using 8 workers of 8 for evacuation
[2020-09-11T11:28:24.695+0800][gc,mmu        ] GC(23) MMU target violated: 21.0ms (20.0ms/21.0ms)
[2020-09-11T11:28:24.695+0800][gc,phases     ] GC(23)   Pre Evacuate Collection Set: 0.0ms
[2020-09-11T11:28:24.695+0800][gc,phases     ] GC(23)   Evacuate Collection Set: 29.3ms
[2020-09-11T11:28:24.695+0800][gc,phases     ] GC(23)   Post Evacuate Collection Set: 0.4ms
[2020-09-11T11:28:24.695+0800][gc,phases     ] GC(23)   Other: 0.3ms
[2020-09-11T11:28:24.695+0800][gc,heap       ] GC(23) Eden regions: 47->0(47)
[2020-09-11T11:28:24.695+0800][gc,heap       ] GC(23) Survivor regions: 4->4(7)
[2020-09-11T11:28:24.695+0800][gc,heap       ] GC(23) Old regions: 15->15
[2020-09-11T11:28:24.695+0800][gc,heap       ] GC(23) Humongous regions: 129->129
[2020-09-11T11:28:24.695+0800][gc,metaspace  ] GC(23) Metaspace: 49296K->49296K(1093632K)
[2020-09-11T11:28:24.695+0800][gc            ] GC(23) Pause Young (Normal) (G1 Evacuation Pause) 193M->146M(1024M) 30.067ms
[2020-09-11T11:28:24.695+0800][gc,cpu        ] GC(23) User=0.02s Sys=0.03s Real=0.03s
[2020-09-11T11:28:30.036+0800][gc,start      ] GC(24) Pause Young (Normal) (G1 Evacuation Pause)
[2020-09-11T11:28:30.036+0800][gc,task       ] GC(24) Using 8 workers of 8 for evacuation
[2020-09-11T11:28:30.048+0800][gc,phases     ] GC(24)   Pre Evacuate Collection Set: 0.0ms
[2020-09-11T11:28:30.048+0800][gc,phases     ] GC(24)   Evacuate Collection Set: 10.6ms
[2020-09-11T11:28:30.048+0800][gc,phases     ] GC(24)   Post Evacuate Collection Set: 0.7ms
[2020-09-11T11:28:30.048+0800][gc,phases     ] GC(24)   Other: 0.3ms
[2020-09-11T11:28:30.048+0800][gc,heap       ] GC(24) Eden regions: 47->0(47)
[2020-09-11T11:28:30.048+0800][gc,heap       ] GC(24) Survivor regions: 4->4(7)
[2020-09-11T11:28:30.048+0800][gc,heap       ] GC(24) Old regions: 15->15
[2020-09-11T11:28:30.048+0800][gc,heap       ] GC(24) Humongous regions: 129->129
[2020-09-11T11:28:30.048+0800][gc,metaspace  ] GC(24) Metaspace: 49324K->49324K(1093632K)
[2020-09-11T11:28:30.048+0800][gc            ] GC(24) Pause Young (Normal) (G1 Evacuation Pause) 193M->146M(1024M) 11.790ms
[2020-09-11T11:28:30.048+0800][gc,cpu        ] GC(24) User=0.02s Sys=0.02s Real=0.01s
[2020-09-11T11:28:36.054+0800][gc,start      ] GC(25) Pause Young (Normal) (G1 Evacuation Pause)
[2020-09-11T11:28:36.054+0800][gc,task       ] GC(25) Using 8 workers of 8 for evacuation
[2020-09-11T11:28:36.084+0800][gc,mmu        ] GC(25) MMU target violated: 21.0ms (20.0ms/21.0ms)
[2020-09-11T11:28:36.084+0800][gc,phases     ] GC(25)   Pre Evacuate Collection Set: 0.1ms
[2020-09-11T11:28:36.084+0800][gc,phases     ] GC(25)   Evacuate Collection Set: 17.6ms
[2020-09-11T11:28:36.084+0800][gc,phases     ] GC(25)   Post Evacuate Collection Set: 11.5ms
[2020-09-11T11:28:36.084+0800][gc,phases     ] GC(25)   Other: 1.1ms
[2020-09-11T11:28:36.084+0800][gc,heap       ] GC(25) Eden regions: 47->0(48)
[2020-09-11T11:28:36.084+0800][gc,heap       ] GC(25) Survivor regions: 4->3(7)
[2020-09-11T11:28:36.084+0800][gc,heap       ] GC(25) Old regions: 15->15
[2020-09-11T11:28:36.084+0800][gc,heap       ] GC(25) Humongous regions: 129->129
[2020-09-11T11:28:36.084+0800][gc,metaspace  ] GC(25) Metaspace: 49326K->49326K(1093632K)
[2020-09-11T11:28:36.084+0800][gc            ] GC(25) Pause Young (Normal) (G1 Evacuation Pause) 193M->146M(1024M) 30.933ms
[2020-09-11T11:28:36.085+0800][gc,cpu        ] GC(25) User=0.02s Sys=0.00s Real=0.03s
[2020-09-11T11:28:36.589+0800][gc,start      ] GC(26) Pause Young (Normal) (G1 Evacuation Pause)
[2020-09-11T11:28:36.589+0800][gc,task       ] GC(26) Using 8 workers of 8 for evacuation
[2020-09-11T11:28:36.593+0800][gc,phases     ] GC(26)   Pre Evacuate Collection Set: 0.0ms
[2020-09-11T11:28:36.593+0800][gc,phases     ] GC(26)   Evacuate Collection Set: 3.1ms
[2020-09-11T11:28:36.593+0800][gc,phases     ] GC(26)   Post Evacuate Collection Set: 0.3ms
[2020-09-11T11:28:36.593+0800][gc,phases     ] GC(26)   Other: 0.2ms
[2020-09-11T11:28:36.593+0800][gc,heap       ] GC(26) Eden regions: 48->0(48)
[2020-09-11T11:28:36.593+0800][gc,heap       ] GC(26) Survivor regions: 3->3(7)
[2020-09-11T11:28:36.593+0800][gc,heap       ] GC(26) Old regions: 15->16
[2020-09-11T11:28:36.593+0800][gc,heap       ] GC(26) Humongous regions: 129->129
[2020-09-11T11:28:36.593+0800][gc,metaspace  ] GC(26) Metaspace: 49334K->49334K(1093632K)
[2020-09-11T11:28:36.593+0800][gc            ] GC(26) Pause Young (Normal) (G1 Evacuation Pause) 194M->146M(1024M) 3.909ms
[2020-09-11T11:28:36.593+0800][gc,cpu        ] GC(26) User=0.02s Sys=0.00s Real=0.01s
[2020-09-11T11:52:24.309+0800][gc,start      ] GC(27) Pause Young (Normal) (G1 Evacuation Pause)
[2020-09-11T11:52:24.310+0800][gc,task       ] GC(27) Using 8 workers of 8 for evacuation
[2020-09-11T11:52:24.327+0800][gc,phases     ] GC(27)   Pre Evacuate Collection Set: 2.1ms
[2020-09-11T11:52:24.327+0800][gc,phases     ] GC(27)   Evacuate Collection Set: 13.4ms
[2020-09-11T11:52:24.327+0800][gc,phases     ] GC(27)   Post Evacuate Collection Set: 1.0ms
[2020-09-11T11:52:24.327+0800][gc,phases     ] GC(27)   Other: 1.2ms
[2020-09-11T11:52:24.327+0800][gc,heap       ] GC(27) Eden regions: 48->0(48)
[2020-09-11T11:52:24.327+0800][gc,heap       ] GC(27) Survivor regions: 3->3(7)
[2020-09-11T11:52:24.327+0800][gc,heap       ] GC(27) Old regions: 16->16
[2020-09-11T11:52:24.327+0800][gc,heap       ] GC(27) Humongous regions: 129->129
[2020-09-11T11:52:24.327+0800][gc,metaspace  ] GC(27) Metaspace: 49368K->49368K(1093632K)
[2020-09-11T11:52:24.327+0800][gc            ] GC(27) Pause Young (Normal) (G1 Evacuation Pause) 194M->146M(1024M) 18.072ms
[2020-09-11T11:52:24.327+0800][gc,cpu        ] GC(27) User=0.02s Sys=0.04s Real=0.02s
[2020-09-11T12:23:13.260+0800][gc,start      ] GC(28) Pause Young (Normal) (G1 Evacuation Pause)
[2020-09-11T12:23:13.260+0800][gc,task       ] GC(28) Using 8 workers of 8 for evacuation
[2020-09-11T12:23:13.273+0800][gc,phases     ] GC(28)   Pre Evacuate Collection Set: 1.6ms
[2020-09-11T12:23:13.273+0800][gc,phases     ] GC(28)   Evacuate Collection Set: 10.5ms
[2020-09-11T12:23:13.273+0800][gc,phases     ] GC(28)   Post Evacuate Collection Set: 0.7ms
[2020-09-11T12:23:13.273+0800][gc,phases     ] GC(28)   Other: 3.3ms
[2020-09-11T12:23:13.273+0800][gc,heap       ] GC(28) Eden regions: 48->0(48)
[2020-09-11T12:23:13.273+0800][gc,heap       ] GC(28) Survivor regions: 3->3(7)
[2020-09-11T12:23:13.273+0800][gc,heap       ] GC(28) Old regions: 16->16
[2020-09-11T12:23:13.273+0800][gc,heap       ] GC(28) Humongous regions: 129->129
[2020-09-11T12:23:13.273+0800][gc,metaspace  ] GC(28) Metaspace: 49437K->49437K(1093632K)
[2020-09-11T12:23:13.273+0800][gc            ] GC(28) Pause Young (Normal) (G1 Evacuation Pause) 194M->146M(1024M) 13.755ms
[2020-09-11T12:23:13.273+0800][gc,cpu        ] GC(28) User=0.02s Sys=0.03s Real=0.01s
