[2020-09-08T17:32:41.288+0800][gc,heap] Heap region size: 1M
[2020-09-08T17:32:41.299+0800][gc     ] Using G1
[2020-09-08T17:32:41.299+0800][gc,heap,coops] Heap address: 0x00000007c0000000, size: 1024 MB, Compressed Oops mode: Zero based, Oop shift amount: 3
[2020-09-08T17:32:42.701+0800][gc,start     ] GC(0) Pause Young (Concurrent Start) (Metadata GC Threshold)
[2020-09-08T17:32:42.703+0800][gc,task      ] GC(0) Using 8 workers of 8 for evacuation
[2020-09-08T17:32:42.718+0800][gc,phases    ] GC(0)   Pre Evacuate Collection Set: 0.1ms
[2020-09-08T17:32:42.718+0800][gc,phases    ] GC(0)   Evacuate Collection Set: 13.6ms
[2020-09-08T17:32:42.718+0800][gc,phases    ] GC(0)   Post Evacuate Collection Set: 0.8ms
[2020-09-08T17:32:42.718+0800][gc,phases    ] GC(0)   Other: 2.4ms
[2020-09-08T17:32:42.719+0800][gc,heap      ] GC(0) Eden regions: 38->0(44)
[2020-09-08T17:32:42.719+0800][gc,heap      ] GC(0) Survivor regions: 0->7(7)
[2020-09-08T17:32:42.719+0800][gc,heap      ] GC(0) Old regions: 0->0
[2020-09-08T17:32:42.719+0800][gc,heap      ] GC(0) Humongous regions: 0->0
[2020-09-08T17:32:42.719+0800][gc,metaspace ] GC(0) Metaspace: 20693K->20693K(1069056K)
[2020-09-08T17:32:42.719+0800][gc           ] GC(0) Pause Young (Concurrent Start) (Metadata GC Threshold) 38M->6M(1024M) 17.476ms
[2020-09-08T17:32:42.719+0800][gc,cpu       ] GC(0) User=0.03s Sys=0.01s Real=0.01s
[2020-09-08T17:32:42.719+0800][gc           ] GC(1) Concurrent Cycle
[2020-09-08T17:32:42.719+0800][gc,marking   ] GC(1) Concurrent Clear Claimed Marks
[2020-09-08T17:32:42.719+0800][gc,marking   ] GC(1) Concurrent Clear Claimed Marks 0.033ms
[2020-09-08T17:32:42.719+0800][gc,marking   ] GC(1) Concurrent Scan Root Regions
[2020-09-08T17:32:42.721+0800][gc,marking   ] GC(1) Concurrent Scan Root Regions 2.372ms
[2020-09-08T17:32:42.722+0800][gc,marking   ] GC(1) Concurrent Mark (1.441s)
[2020-09-08T17:32:42.722+0800][gc,marking   ] GC(1) Concurrent Mark From Roots
[2020-09-08T17:32:42.722+0800][gc,task      ] GC(1) Using 2 workers of 2 for marking
[2020-09-08T17:32:42.722+0800][gc,marking   ] GC(1) Concurrent Mark From Roots 0.299ms
[2020-09-08T17:32:42.722+0800][gc,marking   ] GC(1) Concurrent Preclean
[2020-09-08T17:32:42.722+0800][gc,marking   ] GC(1) Concurrent Preclean 0.044ms
[2020-09-08T17:32:42.722+0800][gc,marking   ] GC(1) Concurrent Mark (1.441s, 1.442s) 0.456ms
[2020-09-08T17:32:42.722+0800][gc,start     ] GC(1) Pause Remark
[2020-09-08T17:32:42.724+0800][gc,stringtable] GC(1) Cleaned string and symbol table, strings: 7276 processed, 0 removed, symbols: 63601 processed, 40 removed
[2020-09-08T17:32:42.724+0800][gc            ] GC(1) Pause Remark 6M->6M(1024M) 2.195ms
[2020-09-08T17:32:42.724+0800][gc,cpu        ] GC(1) User=0.01s Sys=0.00s Real=0.00s
[2020-09-08T17:32:42.724+0800][gc,marking    ] GC(1) Concurrent Rebuild Remembered Sets
[2020-09-08T17:32:42.724+0800][gc,marking    ] GC(1) Concurrent Rebuild Remembered Sets 0.078ms
[2020-09-08T17:32:42.725+0800][gc,start      ] GC(1) Pause Cleanup
[2020-09-08T17:32:42.725+0800][gc            ] GC(1) Pause Cleanup 6M->6M(1024M) 0.169ms
[2020-09-08T17:32:42.725+0800][gc,cpu        ] GC(1) User=0.00s Sys=0.00s Real=0.00s
[2020-09-08T17:32:42.725+0800][gc,marking    ] GC(1) Concurrent Cleanup for Next Mark
[2020-09-08T17:32:42.741+0800][gc,marking    ] GC(1) Concurrent Cleanup for Next Mark 15.755ms
[2020-09-08T17:32:42.741+0800][gc            ] GC(1) Concurrent Cycle 21.785ms
[2020-09-08T17:32:45.636+0800][gc,heap,exit  ] Heap
[2020-09-08T17:32:45.637+0800][gc,heap,exit  ]  garbage-first heap   total 1048576K, used 41318K [0x00000007c0000000, 0x0000000800000000)
[2020-09-08T17:32:45.637+0800][gc,heap,exit  ]   region size 1024K, 42 young (43008K), 7 survivors (7168K)
[2020-09-08T17:32:45.637+0800][gc,heap,exit  ]  Metaspace       used 28446K, capacity 29156K, committed 29360K, reserved 1075200K
[2020-09-08T17:32:45.637+0800][gc,heap,exit  ]   class space    used 3541K, capacity 3828K, committed 3840K, reserved 1048576K
