[2020-09-09T19:20:29.527+0800][gc,heap] Heap region size: 1M
[2020-09-09T19:20:29.537+0800][gc     ] Using G1
[2020-09-09T19:20:29.537+0800][gc,heap,coops] Heap address: 0x00000007c0000000, size: 1024 MB, Compressed Oops mode: Zero based, Oop shift amount: 3
[2020-09-09T19:20:30.747+0800][gc,start     ] GC(0) Pause Young (Concurrent Start) (Metadata GC Threshold)
[2020-09-09T19:20:30.747+0800][gc,task      ] GC(0) Using 8 workers of 8 for evacuation
[2020-09-09T19:20:30.759+0800][gc,phases    ] GC(0)   Pre Evacuate Collection Set: 0.0ms
[2020-09-09T19:20:30.759+0800][gc,phases    ] GC(0)   Evacuate Collection Set: 10.6ms
[2020-09-09T19:20:30.759+0800][gc,phases    ] GC(0)   Post Evacuate Collection Set: 0.5ms
[2020-09-09T19:20:30.759+0800][gc,phases    ] GC(0)   Other: 0.7ms
[2020-09-09T19:20:30.759+0800][gc,heap      ] GC(0) Eden regions: 38->0(44)
[2020-09-09T19:20:30.759+0800][gc,heap      ] GC(0) Survivor regions: 0->7(7)
[2020-09-09T19:20:30.759+0800][gc,heap      ] GC(0) Old regions: 0->0
[2020-09-09T19:20:30.759+0800][gc,heap      ] GC(0) Humongous regions: 0->0
[2020-09-09T19:20:30.759+0800][gc,metaspace ] GC(0) Metaspace: 20697K->20697K(1069056K)
[2020-09-09T19:20:30.759+0800][gc           ] GC(0) Pause Young (Concurrent Start) (Metadata GC Threshold) 38M->6M(1024M) 12.083ms
[2020-09-09T19:20:30.759+0800][gc,cpu       ] GC(0) User=0.02s Sys=0.01s Real=0.01s
[2020-09-09T19:20:30.759+0800][gc           ] GC(1) Concurrent Cycle
[2020-09-09T19:20:30.759+0800][gc,marking   ] GC(1) Concurrent Clear Claimed Marks
[2020-09-09T19:20:30.759+0800][gc,marking   ] GC(1) Concurrent Clear Claimed Marks 0.034ms
[2020-09-09T19:20:30.759+0800][gc,marking   ] GC(1) Concurrent Scan Root Regions
[2020-09-09T19:20:30.762+0800][gc,marking   ] GC(1) Concurrent Scan Root Regions 2.701ms
[2020-09-09T19:20:30.762+0800][gc,marking   ] GC(1) Concurrent Mark (1.243s)
[2020-09-09T19:20:30.762+0800][gc,marking   ] GC(1) Concurrent Mark From Roots
[2020-09-09T19:20:30.762+0800][gc,task      ] GC(1) Using 2 workers of 2 for marking
[2020-09-09T19:20:30.763+0800][gc,marking   ] GC(1) Concurrent Mark From Roots 0.255ms
[2020-09-09T19:20:30.763+0800][gc,marking   ] GC(1) Concurrent Preclean
[2020-09-09T19:20:30.763+0800][gc,marking   ] GC(1) Concurrent Preclean 0.058ms
[2020-09-09T19:20:30.763+0800][gc,marking   ] GC(1) Concurrent Mark (1.243s, 1.244s) 0.424ms
[2020-09-09T19:20:30.763+0800][gc,start     ] GC(1) Pause Remark
[2020-09-09T19:20:30.764+0800][gc,stringtable] GC(1) Cleaned string and symbol table, strings: 7281 processed, 0 removed, symbols: 63636 processed, 40 removed
[2020-09-09T19:20:30.765+0800][gc            ] GC(1) Pause Remark 6M->6M(1024M) 1.704ms
[2020-09-09T19:20:30.765+0800][gc,cpu        ] GC(1) User=0.01s Sys=0.00s Real=0.00s
[2020-09-09T19:20:30.765+0800][gc,marking    ] GC(1) Concurrent Rebuild Remembered Sets
[2020-09-09T19:20:30.765+0800][gc,marking    ] GC(1) Concurrent Rebuild Remembered Sets 0.083ms
[2020-09-09T19:20:30.765+0800][gc,start      ] GC(1) Pause Cleanup
[2020-09-09T19:20:30.765+0800][gc            ] GC(1) Pause Cleanup 6M->6M(1024M) 0.123ms
[2020-09-09T19:20:30.765+0800][gc,cpu        ] GC(1) User=0.00s Sys=0.00s Real=0.00s
[2020-09-09T19:20:30.765+0800][gc,marking    ] GC(1) Concurrent Cleanup for Next Mark
[2020-09-09T19:20:30.771+0800][gc,marking    ] GC(1) Concurrent Cleanup for Next Mark 5.974ms
[2020-09-09T19:20:30.771+0800][gc            ] GC(1) Concurrent Cycle 11.898ms
[2020-09-09T19:20:33.485+0800][gc,heap,exit  ] Heap
[2020-09-09T19:20:33.485+0800][gc,heap,exit  ]  garbage-first heap   total 1048576K, used 36124K [0x00000007c0000000, 0x0000000800000000)
[2020-09-09T19:20:33.485+0800][gc,heap,exit  ]   region size 1024K, 37 young (37888K), 7 survivors (7168K)
[2020-09-09T19:20:33.485+0800][gc,heap,exit  ]  Metaspace       used 27655K, capacity 28304K, committed 28464K, reserved 1075200K
[2020-09-09T19:20:33.485+0800][gc,heap,exit  ]   class space    used 3434K, capacity 3679K, committed 3712K, reserved 1048576K
