[2020-09-05T15:55:52.414+0800][gc,heap] Heap region size: 1M
[2020-09-05T15:55:52.426+0800][gc     ] Using G1
[2020-09-05T15:55:52.426+0800][gc,heap,coops] Heap address: 0x00000007c0000000, size: 1024 MB, Compressed Oops mode: Zero based, Oop shift amount: 3
[2020-09-05T15:55:53.934+0800][gc,start     ] GC(0) Pause Young (Concurrent Start) (Metadata GC Threshold)
[2020-09-05T15:55:53.934+0800][gc,task      ] GC(0) Using 8 workers of 8 for evacuation
[2020-09-05T15:55:53.943+0800][gc,phases    ] GC(0)   Pre Evacuate Collection Set: 0.0ms
[2020-09-05T15:55:53.943+0800][gc,phases    ] GC(0)   Evacuate Collection Set: 6.7ms
[2020-09-05T15:55:53.943+0800][gc,phases    ] GC(0)   Post Evacuate Collection Set: 1.0ms
[2020-09-05T15:55:53.943+0800][gc,phases    ] GC(0)   Other: 1.5ms
[2020-09-05T15:55:53.943+0800][gc,heap      ] GC(0) Eden regions: 38->0(44)
[2020-09-05T15:55:53.943+0800][gc,heap      ] GC(0) Survivor regions: 0->7(7)
[2020-09-05T15:55:53.943+0800][gc,heap      ] GC(0) Old regions: 0->0
[2020-09-05T15:55:53.943+0800][gc,heap      ] GC(0) Humongous regions: 0->0
[2020-09-05T15:55:53.943+0800][gc,metaspace ] GC(0) Metaspace: 20708K->20708K(1069056K)
[2020-09-05T15:55:53.943+0800][gc           ] GC(0) Pause Young (Concurrent Start) (Metadata GC Threshold) 38M->6M(1024M) 9.433ms
[2020-09-05T15:55:53.943+0800][gc,cpu       ] GC(0) User=0.02s Sys=0.01s Real=0.01s
[2020-09-05T15:55:53.943+0800][gc           ] GC(1) Concurrent Cycle
[2020-09-05T15:55:53.943+0800][gc,marking   ] GC(1) Concurrent Clear Claimed Marks
[2020-09-05T15:55:53.943+0800][gc,marking   ] GC(1) Concurrent Clear Claimed Marks 0.068ms
[2020-09-05T15:55:53.943+0800][gc,marking   ] GC(1) Concurrent Scan Root Regions
[2020-09-05T15:55:53.946+0800][gc,marking   ] GC(1) Concurrent Scan Root Regions 2.467ms
[2020-09-05T15:55:53.946+0800][gc,marking   ] GC(1) Concurrent Mark (1.539s)
[2020-09-05T15:55:53.946+0800][gc,marking   ] GC(1) Concurrent Mark From Roots
[2020-09-05T15:55:53.946+0800][gc,task      ] GC(1) Using 2 workers of 2 for marking
[2020-09-05T15:55:53.946+0800][gc,marking   ] GC(1) Concurrent Mark From Roots 0.164ms
[2020-09-05T15:55:53.946+0800][gc,marking   ] GC(1) Concurrent Preclean
[2020-09-05T15:55:53.946+0800][gc,marking   ] GC(1) Concurrent Preclean 0.036ms
[2020-09-05T15:55:53.946+0800][gc,marking   ] GC(1) Concurrent Mark (1.539s, 1.539s) 0.251ms
[2020-09-05T15:55:53.946+0800][gc,start     ] GC(1) Pause Remark
[2020-09-05T15:55:53.948+0800][gc,stringtable] GC(1) Cleaned string and symbol table, strings: 7276 processed, 0 removed, symbols: 63622 processed, 40 removed
[2020-09-05T15:55:53.948+0800][gc            ] GC(1) Pause Remark 6M->6M(1024M) 1.986ms
[2020-09-05T15:55:53.948+0800][gc,cpu        ] GC(1) User=0.01s Sys=0.00s Real=0.00s
[2020-09-05T15:55:53.948+0800][gc,marking    ] GC(1) Concurrent Rebuild Remembered Sets
[2020-09-05T15:55:53.948+0800][gc,marking    ] GC(1) Concurrent Rebuild Remembered Sets 0.073ms
[2020-09-05T15:55:53.948+0800][gc,start      ] GC(1) Pause Cleanup
[2020-09-05T15:55:53.949+0800][gc            ] GC(1) Pause Cleanup 6M->6M(1024M) 0.159ms
[2020-09-05T15:55:53.949+0800][gc,cpu        ] GC(1) User=0.00s Sys=0.00s Real=0.00s
[2020-09-05T15:55:53.949+0800][gc,marking    ] GC(1) Concurrent Cleanup for Next Mark
[2020-09-05T15:55:53.955+0800][gc,marking    ] GC(1) Concurrent Cleanup for Next Mark 5.921ms
[2020-09-05T15:55:53.955+0800][gc            ] GC(1) Concurrent Cycle 11.501ms
[2020-09-05T15:55:55.300+0800][gc,start      ] GC(2) Pause Young (Normal) (G1 Evacuation Pause)
[2020-09-05T15:55:55.300+0800][gc,task       ] GC(2) Using 8 workers of 8 for evacuation
[2020-09-05T15:55:55.308+0800][gc,phases     ] GC(2)   Pre Evacuate Collection Set: 0.0ms
[2020-09-05T15:55:55.308+0800][gc,phases     ] GC(2)   Evacuate Collection Set: 7.4ms
[2020-09-05T15:55:55.308+0800][gc,phases     ] GC(2)   Post Evacuate Collection Set: 0.5ms
[2020-09-05T15:55:55.308+0800][gc,phases     ] GC(2)   Other: 0.2ms
[2020-09-05T15:55:55.308+0800][gc,heap       ] GC(2) Eden regions: 44->0(48)
[2020-09-05T15:55:55.308+0800][gc,heap       ] GC(2) Survivor regions: 7->3(7)
[2020-09-05T15:55:55.308+0800][gc,heap       ] GC(2) Old regions: 0->7
[2020-09-05T15:55:55.308+0800][gc,heap       ] GC(2) Humongous regions: 129->129
[2020-09-05T15:55:55.308+0800][gc,metaspace  ] GC(2) Metaspace: 30822K->30822K(1077248K)
[2020-09-05T15:55:55.308+0800][gc            ] GC(2) Pause Young (Normal) (G1 Evacuation Pause) 179M->137M(1024M) 8.660ms
[2020-09-05T15:55:55.308+0800][gc,cpu        ] GC(2) User=0.03s Sys=0.01s Real=0.00s
[2020-09-05T15:55:55.733+0800][gc,start      ] GC(3) Pause Young (Concurrent Start) (Metadata GC Threshold)
[2020-09-05T15:55:55.733+0800][gc,task       ] GC(3) Using 8 workers of 8 for evacuation
[2020-09-05T15:55:55.738+0800][gc,phases     ] GC(3)   Pre Evacuate Collection Set: 0.1ms
[2020-09-05T15:55:55.738+0800][gc,phases     ] GC(3)   Evacuate Collection Set: 4.2ms
[2020-09-05T15:55:55.738+0800][gc,phases     ] GC(3)   Post Evacuate Collection Set: 0.3ms
[2020-09-05T15:55:55.738+0800][gc,phases     ] GC(3)   Other: 0.2ms
[2020-09-05T15:55:55.738+0800][gc,heap       ] GC(3) Eden regions: 24->0(46)
[2020-09-05T15:55:55.738+0800][gc,heap       ] GC(3) Survivor regions: 3->5(7)
[2020-09-05T15:55:55.738+0800][gc,heap       ] GC(3) Old regions: 7->7
[2020-09-05T15:55:55.738+0800][gc,heap       ] GC(3) Humongous regions: 129->129
[2020-09-05T15:55:55.738+0800][gc,metaspace  ] GC(3) Metaspace: 34929K->34929K(1081344K)
[2020-09-05T15:55:55.738+0800][gc            ] GC(3) Pause Young (Concurrent Start) (Metadata GC Threshold) 161M->139M(1024M) 4.917ms
[2020-09-05T15:55:55.738+0800][gc,cpu        ] GC(3) User=0.03s Sys=0.00s Real=0.00s
[2020-09-05T15:55:55.738+0800][gc            ] GC(4) Concurrent Cycle
[2020-09-05T15:55:55.738+0800][gc,marking    ] GC(4) Concurrent Clear Claimed Marks
[2020-09-05T15:55:55.738+0800][gc,marking    ] GC(4) Concurrent Clear Claimed Marks 0.066ms
[2020-09-05T15:55:55.738+0800][gc,marking    ] GC(4) Concurrent Scan Root Regions
[2020-09-05T15:55:55.740+0800][gc,marking    ] GC(4) Concurrent Scan Root Regions 2.181ms
[2020-09-05T15:55:55.740+0800][gc,marking    ] GC(4) Concurrent Mark (3.333s)
[2020-09-05T15:55:55.740+0800][gc,marking    ] GC(4) Concurrent Mark From Roots
[2020-09-05T15:55:55.740+0800][gc,task       ] GC(4) Using 2 workers of 2 for marking
[2020-09-05T15:55:55.748+0800][gc,marking    ] GC(4) Concurrent Mark From Roots 7.438ms
[2020-09-05T15:55:55.748+0800][gc,marking    ] GC(4) Concurrent Preclean
[2020-09-05T15:55:55.748+0800][gc,marking    ] GC(4) Concurrent Preclean 0.057ms
[2020-09-05T15:55:55.748+0800][gc,marking    ] GC(4) Concurrent Mark (3.333s, 3.340s) 7.579ms
[2020-09-05T15:55:55.748+0800][gc,start      ] GC(4) Pause Remark
[2020-09-05T15:55:55.750+0800][gc,stringtable] GC(4) Cleaned string and symbol table, strings: 11635 processed, 7 removed, symbols: 96139 processed, 23 removed
[2020-09-05T15:55:55.771+0800][gc,mmu        ] GC(4) MMU target violated: 21.0ms (20.0ms/21.0ms)
[2020-09-05T15:55:55.771+0800][gc            ] GC(4) Pause Remark 139M->139M(1024M) 23.624ms
[2020-09-05T15:55:55.771+0800][gc,cpu        ] GC(4) User=0.01s Sys=0.00s Real=0.03s
[2020-09-05T15:55:55.772+0800][gc,marking    ] GC(4) Concurrent Rebuild Remembered Sets
[2020-09-05T15:55:55.775+0800][gc,marking    ] GC(4) Concurrent Rebuild Remembered Sets 3.772ms
[2020-09-05T15:55:55.775+0800][gc,start      ] GC(4) Pause Cleanup
[2020-09-05T15:55:55.776+0800][gc            ] GC(4) Pause Cleanup 140M->140M(1024M) 0.123ms
[2020-09-05T15:55:55.776+0800][gc,cpu        ] GC(4) User=0.00s Sys=0.00s Real=0.00s
[2020-09-05T15:55:55.776+0800][gc,marking    ] GC(4) Concurrent Cleanup for Next Mark
[2020-09-05T15:55:55.783+0800][gc,marking    ] GC(4) Concurrent Cleanup for Next Mark 7.493ms
[2020-09-05T15:55:55.783+0800][gc            ] GC(4) Concurrent Cycle 45.402ms
[2020-09-05T17:32:27.145+0800][gc,start      ] GC(5) Pause Young (Normal) (G1 Evacuation Pause)
[2020-09-05T17:32:27.147+0800][gc,task       ] GC(5) Using 8 workers of 8 for evacuation
[2020-09-05T17:32:27.177+0800][gc,mmu        ] GC(5) MMU target violated: 21.0ms (20.0ms/21.0ms)
[2020-09-05T17:32:27.177+0800][gc,phases     ] GC(5)   Pre Evacuate Collection Set: 1.2ms
[2020-09-05T17:32:27.178+0800][gc,phases     ] GC(5)   Evacuate Collection Set: 27.7ms
[2020-09-05T17:32:27.178+0800][gc,phases     ] GC(5)   Post Evacuate Collection Set: 0.7ms
[2020-09-05T17:32:27.178+0800][gc,phases     ] GC(5)   Other: 2.6ms
[2020-09-05T17:32:27.178+0800][gc,heap       ] GC(5) Eden regions: 46->0(47)
[2020-09-05T17:32:27.178+0800][gc,heap       ] GC(5) Survivor regions: 5->4(7)
[2020-09-05T17:32:27.178+0800][gc,heap       ] GC(5) Old regions: 7->9
[2020-09-05T17:32:27.178+0800][gc,heap       ] GC(5) Humongous regions: 129->129
[2020-09-05T17:32:27.178+0800][gc,metaspace  ] GC(5) Metaspace: 41628K->41628K(1087488K)
[2020-09-05T17:32:27.178+0800][gc            ] GC(5) Pause Young (Normal) (G1 Evacuation Pause) 185M->140M(1024M) 32.303ms
[2020-09-05T17:32:27.178+0800][gc,cpu        ] GC(5) User=0.03s Sys=0.11s Real=0.03s
[2020-09-05T20:00:16.706+0800][gc,start      ] GC(6) Pause Young (Normal) (G1 Evacuation Pause)
[2020-09-05T20:00:16.708+0800][gc,task       ] GC(6) Using 8 workers of 8 for evacuation
[2020-09-05T20:00:16.715+0800][gc,phases     ] GC(6)   Pre Evacuate Collection Set: 0.0ms
[2020-09-05T20:00:16.715+0800][gc,phases     ] GC(6)   Evacuate Collection Set: 5.9ms
[2020-09-05T20:00:16.715+0800][gc,phases     ] GC(6)   Post Evacuate Collection Set: 0.4ms
[2020-09-05T20:00:16.715+0800][gc,phases     ] GC(6)   Other: 2.0ms
[2020-09-05T20:00:16.715+0800][gc,heap       ] GC(6) Eden regions: 47->0(49)
[2020-09-05T20:00:16.715+0800][gc,heap       ] GC(6) Survivor regions: 4->2(7)
[2020-09-05T20:00:16.715+0800][gc,heap       ] GC(6) Old regions: 9->11
[2020-09-05T20:00:16.715+0800][gc,heap       ] GC(6) Humongous regions: 129->129
[2020-09-05T20:00:16.715+0800][gc,metaspace  ] GC(6) Metaspace: 41839K->41839K(1087488K)
[2020-09-05T20:00:16.715+0800][gc            ] GC(6) Pause Young (Normal) (G1 Evacuation Pause) 187M->141M(1024M) 8.518ms
[2020-09-05T20:00:16.715+0800][gc,cpu        ] GC(6) User=0.02s Sys=0.02s Real=0.01s
[2020-09-05T22:41:41.539+0800][gc,start      ] GC(7) Pause Young (Normal) (G1 Evacuation Pause)
[2020-09-05T22:41:41.539+0800][gc,task       ] GC(7) Using 8 workers of 8 for evacuation
[2020-09-05T22:41:41.547+0800][gc,phases     ] GC(7)   Pre Evacuate Collection Set: 1.3ms
[2020-09-05T22:41:41.547+0800][gc,phases     ] GC(7)   Evacuate Collection Set: 6.1ms
[2020-09-05T22:41:41.547+0800][gc,phases     ] GC(7)   Post Evacuate Collection Set: 0.5ms
[2020-09-05T22:41:41.547+0800][gc,phases     ] GC(7)   Other: 3.0ms
[2020-09-05T22:41:41.547+0800][gc,heap       ] GC(7) Eden regions: 49->0(49)
[2020-09-05T22:41:41.547+0800][gc,heap       ] GC(7) Survivor regions: 2->2(7)
[2020-09-05T22:41:41.547+0800][gc,heap       ] GC(7) Old regions: 11->11
[2020-09-05T22:41:41.547+0800][gc,heap       ] GC(7) Humongous regions: 129->129
[2020-09-05T22:41:41.547+0800][gc,metaspace  ] GC(7) Metaspace: 41894K->41894K(1087488K)
[2020-09-05T22:41:41.547+0800][gc            ] GC(7) Pause Young (Normal) (G1 Evacuation Pause) 190M->140M(1024M) 8.828ms
[2020-09-05T22:41:41.547+0800][gc,cpu        ] GC(7) User=0.01s Sys=0.02s Real=0.01s
[2020-09-06T01:25:34.261+0800][gc,start      ] GC(8) Pause Young (Normal) (G1 Evacuation Pause)
[2020-09-06T01:25:34.263+0800][gc,task       ] GC(8) Using 8 workers of 8 for evacuation
[2020-09-06T01:25:34.266+0800][gc,phases     ] GC(8)   Pre Evacuate Collection Set: 0.0ms
[2020-09-06T01:25:34.266+0800][gc,phases     ] GC(8)   Evacuate Collection Set: 1.8ms
[2020-09-06T01:25:34.266+0800][gc,phases     ] GC(8)   Post Evacuate Collection Set: 0.4ms
[2020-09-06T01:25:34.266+0800][gc,phases     ] GC(8)   Other: 2.3ms
[2020-09-06T01:25:34.266+0800][gc,heap       ] GC(8) Eden regions: 49->0(49)
[2020-09-06T01:25:34.266+0800][gc,heap       ] GC(8) Survivor regions: 2->2(7)
[2020-09-06T01:25:34.266+0800][gc,heap       ] GC(8) Old regions: 11->11
[2020-09-06T01:25:34.266+0800][gc,heap       ] GC(8) Humongous regions: 129->129
[2020-09-06T01:25:34.266+0800][gc,metaspace  ] GC(8) Metaspace: 41923K->41923K(1087488K)
[2020-09-06T01:25:34.266+0800][gc            ] GC(8) Pause Young (Normal) (G1 Evacuation Pause) 189M->140M(1024M) 4.569ms
[2020-09-06T01:25:34.266+0800][gc,cpu        ] GC(8) User=0.01s Sys=0.00s Real=0.00s
[2020-09-06T04:10:39.999+0800][gc,start      ] GC(9) Pause Young (Normal) (G1 Evacuation Pause)
[2020-09-06T04:10:40.000+0800][gc,task       ] GC(9) Using 8 workers of 8 for evacuation
[2020-09-06T04:10:40.002+0800][gc,phases     ] GC(9)   Pre Evacuate Collection Set: 0.0ms
[2020-09-06T04:10:40.002+0800][gc,phases     ] GC(9)   Evacuate Collection Set: 1.4ms
[2020-09-06T04:10:40.002+0800][gc,phases     ] GC(9)   Post Evacuate Collection Set: 0.3ms
[2020-09-06T04:10:40.002+0800][gc,phases     ] GC(9)   Other: 1.2ms
[2020-09-06T04:10:40.002+0800][gc,heap       ] GC(9) Eden regions: 49->0(51)
[2020-09-06T04:10:40.002+0800][gc,heap       ] GC(9) Survivor regions: 2->2(7)
[2020-09-06T04:10:40.002+0800][gc,heap       ] GC(9) Old regions: 11->11
[2020-09-06T04:10:40.002+0800][gc,heap       ] GC(9) Humongous regions: 129->129
[2020-09-06T04:10:40.002+0800][gc,metaspace  ] GC(9) Metaspace: 41948K->41948K(1087488K)
[2020-09-06T04:10:40.002+0800][gc            ] GC(9) Pause Young (Normal) (G1 Evacuation Pause) 189M->140M(1024M) 3.190ms
[2020-09-06T04:10:40.002+0800][gc,cpu        ] GC(9) User=0.01s Sys=0.01s Real=0.01s
[2020-09-06T07:00:30.355+0800][gc,start      ] GC(10) Pause Young (Normal) (G1 Evacuation Pause)
[2020-09-06T07:00:30.357+0800][gc,task       ] GC(10) Using 8 workers of 8 for evacuation
[2020-09-06T07:00:30.367+0800][gc,phases     ] GC(10)   Pre Evacuate Collection Set: 1.3ms
[2020-09-06T07:00:30.367+0800][gc,phases     ] GC(10)   Evacuate Collection Set: 7.5ms
[2020-09-06T07:00:30.367+0800][gc,phases     ] GC(10)   Post Evacuate Collection Set: 0.6ms
[2020-09-06T07:00:30.367+0800][gc,phases     ] GC(10)   Other: 2.5ms
[2020-09-06T07:00:30.367+0800][gc,heap       ] GC(10) Eden regions: 51->0(52)
[2020-09-06T07:00:30.367+0800][gc,heap       ] GC(10) Survivor regions: 2->2(7)
[2020-09-06T07:00:30.367+0800][gc,heap       ] GC(10) Old regions: 11->11
[2020-09-06T07:00:30.367+0800][gc,heap       ] GC(10) Humongous regions: 129->129
[2020-09-06T07:00:30.367+0800][gc,metaspace  ] GC(10) Metaspace: 41985K->41985K(1087488K)
[2020-09-06T07:00:30.367+0800][gc            ] GC(10) Pause Young (Normal) (G1 Evacuation Pause) 191M->140M(1024M) 12.049ms
[2020-09-06T07:00:30.367+0800][gc,cpu        ] GC(10) User=0.01s Sys=0.04s Real=0.01s
[2020-09-06T09:53:12.882+0800][gc,start      ] GC(11) Pause Young (Normal) (G1 Evacuation Pause)
[2020-09-06T09:53:12.884+0800][gc,task       ] GC(11) Using 8 workers of 8 for evacuation
[2020-09-06T09:53:12.893+0800][gc,phases     ] GC(11)   Pre Evacuate Collection Set: 1.3ms
[2020-09-06T09:53:12.894+0800][gc,phases     ] GC(11)   Evacuate Collection Set: 7.7ms
[2020-09-06T09:53:12.894+0800][gc,phases     ] GC(11)   Post Evacuate Collection Set: 0.7ms
[2020-09-06T09:53:12.894+0800][gc,phases     ] GC(11)   Other: 2.4ms
[2020-09-06T09:53:12.894+0800][gc,heap       ] GC(11) Eden regions: 52->0(53)
[2020-09-06T09:53:12.894+0800][gc,heap       ] GC(11) Survivor regions: 2->2(7)
[2020-09-06T09:53:12.894+0800][gc,heap       ] GC(11) Old regions: 11->11
[2020-09-06T09:53:12.894+0800][gc,heap       ] GC(11) Humongous regions: 129->129
[2020-09-06T09:53:12.894+0800][gc,metaspace  ] GC(11) Metaspace: 42000K->42000K(1087488K)
[2020-09-06T09:53:12.894+0800][gc            ] GC(11) Pause Young (Normal) (G1 Evacuation Pause) 192M->140M(1024M) 12.124ms
[2020-09-06T09:53:12.894+0800][gc,cpu        ] GC(11) User=0.02s Sys=0.03s Real=0.01s
[2020-09-06T12:50:40.563+0800][gc,start      ] GC(12) Pause Young (Normal) (G1 Evacuation Pause)
[2020-09-06T12:50:40.564+0800][gc,task       ] GC(12) Using 8 workers of 8 for evacuation
[2020-09-06T12:50:40.574+0800][gc,phases     ] GC(12)   Pre Evacuate Collection Set: 1.3ms
[2020-09-06T12:50:40.574+0800][gc,phases     ] GC(12)   Evacuate Collection Set: 8.0ms
[2020-09-06T12:50:40.574+0800][gc,phases     ] GC(12)   Post Evacuate Collection Set: 0.6ms
[2020-09-06T12:50:40.574+0800][gc,phases     ] GC(12)   Other: 3.5ms
[2020-09-06T12:50:40.574+0800][gc,heap       ] GC(12) Eden regions: 53->0(54)
[2020-09-06T12:50:40.574+0800][gc,heap       ] GC(12) Survivor regions: 2->2(7)
[2020-09-06T12:50:40.574+0800][gc,heap       ] GC(12) Old regions: 11->11
[2020-09-06T12:50:40.574+0800][gc,heap       ] GC(12) Humongous regions: 129->129
[2020-09-06T12:50:40.574+0800][gc,metaspace  ] GC(12) Metaspace: 42027K->42027K(1087488K)
[2020-09-06T12:50:40.574+0800][gc            ] GC(12) Pause Young (Normal) (G1 Evacuation Pause) 193M->140M(1024M) 11.089ms
[2020-09-06T12:50:40.574+0800][gc,cpu        ] GC(12) User=0.01s Sys=0.03s Real=0.01s
[2020-09-06T15:53:15.166+0800][gc,start      ] GC(13) Pause Young (Normal) (G1 Evacuation Pause)
[2020-09-06T15:53:15.168+0800][gc,task       ] GC(13) Using 8 workers of 8 for evacuation
[2020-09-06T15:53:15.186+0800][gc,phases     ] GC(13)   Pre Evacuate Collection Set: 3.4ms
[2020-09-06T15:53:15.186+0800][gc,phases     ] GC(13)   Evacuate Collection Set: 13.2ms
[2020-09-06T15:53:15.186+0800][gc,phases     ] GC(13)   Post Evacuate Collection Set: 0.7ms
[2020-09-06T15:53:15.186+0800][gc,phases     ] GC(13)   Other: 3.2ms
[2020-09-06T15:53:15.186+0800][gc,heap       ] GC(13) Eden regions: 54->0(54)
[2020-09-06T15:53:15.186+0800][gc,heap       ] GC(13) Survivor regions: 2->2(7)
[2020-09-06T15:53:15.186+0800][gc,heap       ] GC(13) Old regions: 11->11
[2020-09-06T15:53:15.186+0800][gc,heap       ] GC(13) Humongous regions: 129->129
[2020-09-06T15:53:15.186+0800][gc,metaspace  ] GC(13) Metaspace: 42055K->42055K(1087488K)
[2020-09-06T15:53:15.186+0800][gc            ] GC(13) Pause Young (Normal) (G1 Evacuation Pause) 194M->140M(1024M) 20.624ms
[2020-09-06T15:53:15.186+0800][gc,cpu        ] GC(13) User=0.03s Sys=0.05s Real=0.02s
[2020-09-07T05:10:42.067+0800][gc,start      ] GC(14) Pause Young (Normal) (G1 Evacuation Pause)
[2020-09-07T05:10:42.070+0800][gc,task       ] GC(14) Using 8 workers of 8 for evacuation
[2020-09-07T05:10:42.075+0800][gc,phases     ] GC(14)   Pre Evacuate Collection Set: 0.0ms
[2020-09-07T05:10:42.075+0800][gc,phases     ] GC(14)   Evacuate Collection Set: 4.5ms
[2020-09-07T05:10:42.075+0800][gc,phases     ] GC(14)   Post Evacuate Collection Set: 0.3ms
[2020-09-07T05:10:42.075+0800][gc,phases     ] GC(14)   Other: 3.5ms
[2020-09-07T05:10:42.075+0800][gc,heap       ] GC(14) Eden regions: 54->0(55)
[2020-09-07T05:10:42.075+0800][gc,heap       ] GC(14) Survivor regions: 2->2(7)
[2020-09-07T05:10:42.075+0800][gc,heap       ] GC(14) Old regions: 11->11
[2020-09-07T05:10:42.075+0800][gc,heap       ] GC(14) Humongous regions: 129->129
[2020-09-07T05:10:42.075+0800][gc,metaspace  ] GC(14) Metaspace: 42057K->42057K(1087488K)
[2020-09-07T05:10:42.075+0800][gc            ] GC(14) Pause Young (Normal) (G1 Evacuation Pause) 194M->140M(1024M) 8.448ms
[2020-09-07T05:10:42.075+0800][gc,cpu        ] GC(14) User=0.01s Sys=0.02s Real=0.01s
[2020-09-08T07:10:31.740+0800][gc,start      ] GC(15) Pause Young (Normal) (G1 Evacuation Pause)
[2020-09-08T07:10:31.741+0800][gc,task       ] GC(15) Using 8 workers of 8 for evacuation
[2020-09-08T07:10:31.783+0800][gc,mmu        ] GC(15) MMU target violated: 21.0ms (20.0ms/21.0ms)
[2020-09-08T07:10:31.784+0800][gc,phases     ] GC(15)   Pre Evacuate Collection Set: 3.8ms
[2020-09-08T07:10:31.784+0800][gc,phases     ] GC(15)   Evacuate Collection Set: 34.2ms
[2020-09-08T07:10:31.784+0800][gc,phases     ] GC(15)   Post Evacuate Collection Set: 1.5ms
[2020-09-08T07:10:31.784+0800][gc,phases     ] GC(15)   Other: 7.1ms
[2020-09-08T07:10:31.784+0800][gc,heap       ] GC(15) Eden regions: 55->0(55)
[2020-09-08T07:10:31.784+0800][gc,heap       ] GC(15) Survivor regions: 2->2(8)
[2020-09-08T07:10:31.784+0800][gc,heap       ] GC(15) Old regions: 11->11
[2020-09-08T07:10:31.784+0800][gc,heap       ] GC(15) Humongous regions: 129->129
[2020-09-08T07:10:31.784+0800][gc,metaspace  ] GC(15) Metaspace: 42062K->42062K(1087488K)
[2020-09-08T07:10:31.784+0800][gc            ] GC(15) Pause Young (Normal) (G1 Evacuation Pause) 195M->140M(1024M) 44.984ms
[2020-09-08T07:10:31.784+0800][gc,cpu        ] GC(15) User=0.12s Sys=0.06s Real=0.05s
[2020-09-08T10:10:54.057+0800][gc,start      ] GC(16) Pause Young (Normal) (G1 Evacuation Pause)
[2020-09-08T10:10:54.058+0800][gc,task       ] GC(16) Using 8 workers of 8 for evacuation
[2020-09-08T10:10:55.322+0800][gc,mmu        ] GC(16) MMU target violated: 21.0ms (20.0ms/21.0ms)
[2020-09-08T10:10:55.322+0800][gc,phases     ] GC(16)   Pre Evacuate Collection Set: 5.9ms
[2020-09-08T10:10:55.322+0800][gc,phases     ] GC(16)   Evacuate Collection Set: 1245.2ms
[2020-09-08T10:10:55.322+0800][gc,phases     ] GC(16)   Post Evacuate Collection Set: 13.0ms
[2020-09-08T10:10:55.323+0800][gc,phases     ] GC(16)   Other: 1.0ms
[2020-09-08T10:10:55.323+0800][gc,heap       ] GC(16) Eden regions: 55->0(49)
[2020-09-08T10:10:55.323+0800][gc,heap       ] GC(16) Survivor regions: 2->2(8)
[2020-09-08T10:10:55.323+0800][gc,heap       ] GC(16) Old regions: 11->11
[2020-09-08T10:10:55.323+0800][gc,heap       ] GC(16) Humongous regions: 129->129
[2020-09-08T10:10:55.323+0800][gc,metaspace  ] GC(16) Metaspace: 42212K->42212K(1087488K)
[2020-09-08T10:10:55.323+0800][gc            ] GC(16) Pause Young (Normal) (G1 Evacuation Pause) 195M->140M(1024M) 1265.371ms
[2020-09-08T10:10:55.323+0800][gc,cpu        ] GC(16) User=0.02s Sys=0.05s Real=1.27s
[2020-09-08T11:11:52.158+0800][gc,start      ] GC(17) Pause Young (Normal) (G1 Evacuation Pause)
[2020-09-08T11:11:52.160+0800][gc,task       ] GC(17) Using 8 workers of 8 for evacuation
[2020-09-08T11:11:52.208+0800][gc,mmu        ] GC(17) MMU target violated: 21.0ms (20.0ms/21.0ms)
[2020-09-08T11:11:52.208+0800][gc,phases     ] GC(17)   Pre Evacuate Collection Set: 3.9ms
[2020-09-08T11:11:52.208+0800][gc,phases     ] GC(17)   Evacuate Collection Set: 40.0ms
[2020-09-08T11:11:52.208+0800][gc,phases     ] GC(17)   Post Evacuate Collection Set: 1.1ms
[2020-09-08T11:11:52.208+0800][gc,phases     ] GC(17)   Other: 7.7ms
[2020-09-08T11:11:52.208+0800][gc,heap       ] GC(17) Eden regions: 49->0(49)
[2020-09-08T11:11:52.208+0800][gc,heap       ] GC(17) Survivor regions: 2->2(7)
[2020-09-08T11:11:52.208+0800][gc,heap       ] GC(17) Old regions: 11->11
[2020-09-08T11:11:52.208+0800][gc,heap       ] GC(17) Humongous regions: 129->129
[2020-09-08T11:11:52.208+0800][gc,metaspace  ] GC(17) Metaspace: 42393K->42393K(1087488K)
[2020-09-08T11:11:52.208+0800][gc            ] GC(17) Pause Young (Normal) (G1 Evacuation Pause) 189M->140M(1024M) 49.744ms
[2020-09-08T11:11:52.208+0800][gc,cpu        ] GC(17) User=0.02s Sys=0.08s Real=0.05s
[2020-09-08T12:15:04.725+0800][gc,start      ] GC(18) Pause Young (Normal) (G1 Evacuation Pause)
[2020-09-08T12:15:04.725+0800][gc,task       ] GC(18) Using 8 workers of 8 for evacuation
[2020-09-08T12:15:04.741+0800][gc,phases     ] GC(18)   Pre Evacuate Collection Set: 2.0ms
[2020-09-08T12:15:04.741+0800][gc,phases     ] GC(18)   Evacuate Collection Set: 12.5ms
[2020-09-08T12:15:04.741+0800][gc,phases     ] GC(18)   Post Evacuate Collection Set: 0.9ms
[2020-09-08T12:15:04.741+0800][gc,phases     ] GC(18)   Other: 3.2ms
[2020-09-08T12:15:04.741+0800][gc,heap       ] GC(18) Eden regions: 49->0(49)
[2020-09-08T12:15:04.742+0800][gc,heap       ] GC(18) Survivor regions: 2->2(7)
[2020-09-08T12:15:04.742+0800][gc,heap       ] GC(18) Old regions: 11->11
[2020-09-08T12:15:04.742+0800][gc,heap       ] GC(18) Humongous regions: 129->129
[2020-09-08T12:15:04.742+0800][gc,metaspace  ] GC(18) Metaspace: 42396K->42396K(1087488K)
[2020-09-08T12:15:04.742+0800][gc            ] GC(18) Pause Young (Normal) (G1 Evacuation Pause) 189M->140M(1024M) 16.481ms
[2020-09-08T12:15:04.742+0800][gc,cpu        ] GC(18) User=0.01s Sys=0.04s Real=0.02s
[2020-09-08T13:19:39.639+0800][gc,start      ] GC(19) Pause Young (Normal) (G1 Evacuation Pause)
[2020-09-08T13:19:39.641+0800][gc,task       ] GC(19) Using 8 workers of 8 for evacuation
[2020-09-08T13:19:39.701+0800][gc,mmu        ] GC(19) MMU target violated: 21.0ms (20.0ms/21.0ms)
[2020-09-08T13:19:39.701+0800][gc,phases     ] GC(19)   Pre Evacuate Collection Set: 9.7ms
[2020-09-08T13:19:39.701+0800][gc,phases     ] GC(19)   Evacuate Collection Set: 31.5ms
[2020-09-08T13:19:39.701+0800][gc,phases     ] GC(19)   Post Evacuate Collection Set: 14.4ms
[2020-09-08T13:19:39.701+0800][gc,phases     ] GC(19)   Other: 8.5ms
[2020-09-08T13:19:39.701+0800][gc,heap       ] GC(19) Eden regions: 49->0(49)
[2020-09-08T13:19:39.701+0800][gc,heap       ] GC(19) Survivor regions: 2->2(7)
[2020-09-08T13:19:39.701+0800][gc,heap       ] GC(19) Old regions: 11->11
[2020-09-08T13:19:39.701+0800][gc,heap       ] GC(19) Humongous regions: 129->129
[2020-09-08T13:19:39.701+0800][gc,metaspace  ] GC(19) Metaspace: 42406K->42406K(1087488K)
[2020-09-08T13:19:39.701+0800][gc            ] GC(19) Pause Young (Normal) (G1 Evacuation Pause) 189M->141M(1024M) 62.530ms
[2020-09-08T13:19:39.701+0800][gc,cpu        ] GC(19) User=0.02s Sys=0.07s Real=0.07s
[2020-09-08T14:25:25.766+0800][gc,start      ] GC(20) Pause Young (Normal) (G1 Evacuation Pause)
[2020-09-08T14:25:25.766+0800][gc,task       ] GC(20) Using 8 workers of 8 for evacuation
[2020-09-08T14:25:25.800+0800][gc,mmu        ] GC(20) MMU target violated: 21.0ms (20.0ms/21.0ms)
[2020-09-08T14:25:25.800+0800][gc,phases     ] GC(20)   Pre Evacuate Collection Set: 5.3ms
[2020-09-08T14:25:25.800+0800][gc,phases     ] GC(20)   Evacuate Collection Set: 23.1ms
[2020-09-08T14:25:25.800+0800][gc,phases     ] GC(20)   Post Evacuate Collection Set: 3.0ms
[2020-09-08T14:25:25.800+0800][gc,phases     ] GC(20)   Other: 8.6ms
[2020-09-08T14:25:25.800+0800][gc,heap       ] GC(20) Eden regions: 49->0(50)
[2020-09-08T14:25:25.800+0800][gc,heap       ] GC(20) Survivor regions: 2->1(7)
[2020-09-08T14:25:25.800+0800][gc,heap       ] GC(20) Old regions: 11->12
[2020-09-08T14:25:25.800+0800][gc,heap       ] GC(20) Humongous regions: 129->129
[2020-09-08T14:25:25.800+0800][gc,metaspace  ] GC(20) Metaspace: 42406K->42406K(1087488K)
[2020-09-08T14:25:25.800+0800][gc            ] GC(20) Pause Young (Normal) (G1 Evacuation Pause) 190M->141M(1024M) 34.387ms
[2020-09-08T14:25:25.800+0800][gc,cpu        ] GC(20) User=0.05s Sys=0.06s Real=0.04s
[2020-09-08T15:17:58.680+0800][gc,start      ] GC(21) Pause Young (Normal) (G1 Evacuation Pause)
[2020-09-08T15:17:58.683+0800][gc,task       ] GC(21) Using 8 workers of 8 for evacuation
[2020-09-08T15:17:58.766+0800][gc,mmu        ] GC(21) MMU target violated: 21.0ms (20.0ms/21.0ms)
[2020-09-08T15:17:58.766+0800][gc,phases     ] GC(21)   Pre Evacuate Collection Set: 6.5ms
[2020-09-08T15:17:58.766+0800][gc,phases     ] GC(21)   Evacuate Collection Set: 69.8ms
[2020-09-08T15:17:58.766+0800][gc,phases     ] GC(21)   Post Evacuate Collection Set: 1.1ms
[2020-09-08T15:17:58.766+0800][gc,phases     ] GC(21)   Other: 10.3ms
[2020-09-08T15:17:58.766+0800][gc,heap       ] GC(21) Eden regions: 50->0(50)
[2020-09-08T15:17:58.766+0800][gc,heap       ] GC(21) Survivor regions: 1->1(7)
[2020-09-08T15:17:58.766+0800][gc,heap       ] GC(21) Old regions: 12->12
[2020-09-08T15:17:58.766+0800][gc,heap       ] GC(21) Humongous regions: 129->129
[2020-09-08T15:17:58.766+0800][gc,metaspace  ] GC(21) Metaspace: 43170K->43170K(1089536K)
[2020-09-08T15:17:58.766+0800][gc            ] GC(21) Pause Young (Normal) (G1 Evacuation Pause) 191M->141M(1024M) 85.768ms
[2020-09-08T15:17:58.766+0800][gc,cpu        ] GC(21) User=0.11s Sys=0.15s Real=0.08s
[2020-09-08T16:23:11.010+0800][gc,start      ] GC(22) Pause Young (Normal) (G1 Evacuation Pause)
[2020-09-08T16:23:11.012+0800][gc,task       ] GC(22) Using 8 workers of 8 for evacuation
[2020-09-08T16:23:11.020+0800][gc,phases     ] GC(22)   Pre Evacuate Collection Set: 0.1ms
[2020-09-08T16:23:11.020+0800][gc,phases     ] GC(22)   Evacuate Collection Set: 7.1ms
[2020-09-08T16:23:11.020+0800][gc,phases     ] GC(22)   Post Evacuate Collection Set: 0.3ms
[2020-09-08T16:23:11.020+0800][gc,phases     ] GC(22)   Other: 2.9ms
[2020-09-08T16:23:11.020+0800][gc,heap       ] GC(22) Eden regions: 50->0(50)
[2020-09-08T16:23:11.020+0800][gc,heap       ] GC(22) Survivor regions: 1->1(7)
[2020-09-08T16:23:11.020+0800][gc,heap       ] GC(22) Old regions: 12->12
[2020-09-08T16:23:11.020+0800][gc,heap       ] GC(22) Humongous regions: 129->129
[2020-09-08T16:23:11.020+0800][gc,metaspace  ] GC(22) Metaspace: 43248K->43248K(1089536K)
[2020-09-08T16:23:11.020+0800][gc            ] GC(22) Pause Young (Normal) (G1 Evacuation Pause) 191M->141M(1024M) 10.557ms
[2020-09-08T16:23:11.020+0800][gc,cpu        ] GC(22) User=0.02s Sys=0.01s Real=0.01s
[2020-09-08T17:27:58.765+0800][gc,start      ] GC(23) Pause Young (Normal) (G1 Evacuation Pause)
[2020-09-08T17:27:58.766+0800][gc,task       ] GC(23) Using 8 workers of 8 for evacuation
[2020-09-08T17:27:58.786+0800][gc,phases     ] GC(23)   Pre Evacuate Collection Set: 3.1ms
[2020-09-08T17:27:58.786+0800][gc,phases     ] GC(23)   Evacuate Collection Set: 13.5ms
[2020-09-08T17:27:58.786+0800][gc,phases     ] GC(23)   Post Evacuate Collection Set: 1.5ms
[2020-09-08T17:27:58.786+0800][gc,phases     ] GC(23)   Other: 4.1ms
[2020-09-08T17:27:58.786+0800][gc,heap       ] GC(23) Eden regions: 50->0(50)
[2020-09-08T17:27:58.786+0800][gc,heap       ] GC(23) Survivor regions: 1->1(7)
[2020-09-08T17:27:58.786+0800][gc,heap       ] GC(23) Old regions: 12->12
[2020-09-08T17:27:58.786+0800][gc,heap       ] GC(23) Humongous regions: 129->129
[2020-09-08T17:27:58.786+0800][gc,metaspace  ] GC(23) Metaspace: 43308K->43308K(1089536K)
[2020-09-08T17:27:58.786+0800][gc            ] GC(23) Pause Young (Normal) (G1 Evacuation Pause) 191M->141M(1024M) 21.180ms
[2020-09-08T17:27:58.786+0800][gc,cpu        ] GC(23) User=0.02s Sys=0.03s Real=0.02s
