[2020-09-10T19:18:10.408+0800][gc,heap] Heap region size: 1M
[2020-09-10T19:18:10.413+0800][gc     ] Using G1
[2020-09-10T19:18:10.413+0800][gc,heap,coops] Heap address: 0x00000007e0000000, size: 512 MB, Compressed Oops mode: Zero based, Oop shift amount: 3
[2020-09-10T19:18:20.868+0800][gc,start     ] GC(0) Pause Young (Normal) (G1 Evacuation Pause)
[2020-09-10T19:18:20.870+0800][gc,task      ] GC(0) Using 8 workers of 8 for evacuation
[2020-09-10T19:18:20.876+0800][gc,phases    ] GC(0)   Pre Evacuate Collection Set: 0.0ms
[2020-09-10T19:18:20.876+0800][gc,phases    ] GC(0)   Evacuate Collection Set: 5.3ms
[2020-09-10T19:18:20.876+0800][gc,phases    ] GC(0)   Post Evacuate Collection Set: 0.5ms
[2020-09-10T19:18:20.876+0800][gc,phases    ] GC(0)   Other: 2.4ms
[2020-09-10T19:18:20.876+0800][gc,heap      ] GC(0) Eden regions: 25->0(21)
[2020-09-10T19:18:20.876+0800][gc,heap      ] GC(0) Survivor regions: 0->4(4)
[2020-09-10T19:18:20.876+0800][gc,heap      ] GC(0) Old regions: 0->2
[2020-09-10T19:18:20.876+0800][gc,heap      ] GC(0) Humongous regions: 0->0
[2020-09-10T19:18:20.876+0800][gc,metaspace ] GC(0) Metaspace: 15337K->15337K(1062912K)
[2020-09-10T19:18:20.876+0800][gc           ] GC(0) Pause Young (Normal) (G1 Evacuation Pause) 25M->5M(512M) 8.621ms
[2020-09-10T19:18:20.876+0800][gc,cpu       ] GC(0) User=0.02s Sys=0.01s Real=0.01s
[2020-09-11T02:05:24.826+0800][gc,start     ] GC(1) Pause Young (Normal) (G1 Evacuation Pause)
[2020-09-11T02:05:24.826+0800][gc,task      ] GC(1) Using 8 workers of 8 for evacuation
[2020-09-11T02:05:24.846+0800][gc,phases    ] GC(1)   Pre Evacuate Collection Set: 0.9ms
[2020-09-11T02:05:24.846+0800][gc,phases    ] GC(1)   Evacuate Collection Set: 18.1ms
[2020-09-11T02:05:24.846+0800][gc,phases    ] GC(1)   Post Evacuate Collection Set: 0.4ms
[2020-09-11T02:05:24.846+0800][gc,phases    ] GC(1)   Other: 0.8ms
[2020-09-11T02:05:24.846+0800][gc,heap      ] GC(1) Eden regions: 21->0(24)
[2020-09-11T02:05:24.846+0800][gc,heap      ] GC(1) Survivor regions: 4->1(4)
[2020-09-11T02:05:24.846+0800][gc,heap      ] GC(1) Old regions: 2->6
[2020-09-11T02:05:24.846+0800][gc,heap      ] GC(1) Humongous regions: 0->0
[2020-09-11T02:05:24.846+0800][gc,metaspace ] GC(1) Metaspace: 16050K->16050K(1064960K)
[2020-09-11T02:05:24.846+0800][gc           ] GC(1) Pause Young (Normal) (G1 Evacuation Pause) 26M->6M(512M) 20.319ms
[2020-09-11T02:05:24.846+0800][gc,cpu       ] GC(1) User=0.03s Sys=0.07s Real=0.02s
[2020-09-11T11:28:16.537+0800][gc,start     ] GC(2) Pause Young (Normal) (G1 Evacuation Pause)
[2020-09-11T11:28:16.537+0800][gc,task      ] GC(2) Using 8 workers of 8 for evacuation
[2020-09-11T11:28:16.545+0800][gc,phases    ] GC(2)   Pre Evacuate Collection Set: 1.3ms
[2020-09-11T11:28:16.545+0800][gc,phases    ] GC(2)   Evacuate Collection Set: 5.3ms
[2020-09-11T11:28:16.545+0800][gc,phases    ] GC(2)   Post Evacuate Collection Set: 0.3ms
[2020-09-11T11:28:16.545+0800][gc,phases    ] GC(2)   Other: 1.7ms
[2020-09-11T11:28:16.545+0800][gc,heap      ] GC(2) Eden regions: 24->0(24)
[2020-09-11T11:28:16.545+0800][gc,heap      ] GC(2) Survivor regions: 1->1(4)
[2020-09-11T11:28:16.545+0800][gc,heap      ] GC(2) Old regions: 6->6
[2020-09-11T11:28:16.545+0800][gc,heap      ] GC(2) Humongous regions: 0->0
[2020-09-11T11:28:16.545+0800][gc,metaspace ] GC(2) Metaspace: 16819K->16819K(1064960K)
[2020-09-11T11:28:16.545+0800][gc           ] GC(2) Pause Young (Normal) (G1 Evacuation Pause) 30M->6M(512M) 8.790ms
[2020-09-11T11:28:16.545+0800][gc,cpu       ] GC(2) User=0.02s Sys=0.02s Real=0.01s
