[2020-09-08T17:32:41.288+0800][gc,heap] Heap region size: 1M
[2020-09-08T17:32:41.294+0800][gc     ] Using G1
[2020-09-08T17:32:41.294+0800][gc,heap,coops] Heap address: 0x00000007e0000000, size: 512 MB, Compressed Oops mode: Zero based, Oop shift amount: 3
[2020-09-08T17:32:43.010+0800][gc,start     ] GC(0) Pause Young (Normal) (G1 Evacuation Pause)
[2020-09-08T17:32:43.012+0800][gc,task      ] GC(0) Using 8 workers of 8 for evacuation
[2020-09-08T17:32:43.020+0800][gc,phases    ] GC(0)   Pre Evacuate Collection Set: 0.0ms
[2020-09-08T17:32:43.020+0800][gc,phases    ] GC(0)   Evacuate Collection Set: 7.5ms
[2020-09-08T17:32:43.020+0800][gc,phases    ] GC(0)   Post Evacuate Collection Set: 0.5ms
[2020-09-08T17:32:43.020+0800][gc,phases    ] GC(0)   Other: 2.1ms
[2020-09-08T17:32:43.020+0800][gc,heap      ] GC(0) Eden regions: 25->0(21)
[2020-09-08T17:32:43.020+0800][gc,heap      ] GC(0) Survivor regions: 0->4(4)
[2020-09-08T17:32:43.020+0800][gc,heap      ] GC(0) Old regions: 0->2
[2020-09-08T17:32:43.020+0800][gc,heap      ] GC(0) Humongous regions: 0->0
[2020-09-08T17:32:43.020+0800][gc,metaspace ] GC(0) Metaspace: 15385K->15385K(1062912K)
[2020-09-08T17:32:43.021+0800][gc           ] GC(0) Pause Young (Normal) (G1 Evacuation Pause) 25M->5M(512M) 10.558ms
[2020-09-08T17:32:43.021+0800][gc,cpu       ] GC(0) User=0.02s Sys=0.01s Real=0.01s
