[2020-09-09T19:20:19.631+0800][gc,heap] Heap region size: 1M
[2020-09-09T19:20:19.636+0800][gc     ] Using G1
[2020-09-09T19:20:19.636+0800][gc,heap,coops] Heap address: 0x00000007e0000000, size: 512 MB, Compressed Oops mode: Zero based, Oop shift amount: 3
[2020-09-09T19:20:22.265+0800][gc,start     ] GC(0) Pause Young (Normal) (G1 Evacuation Pause)
[2020-09-09T19:20:22.266+0800][gc,task      ] GC(0) Using 8 workers of 8 for evacuation
[2020-09-09T19:20:22.271+0800][gc,phases    ] GC(0)   Pre Evacuate Collection Set: 0.0ms
[2020-09-09T19:20:22.271+0800][gc,phases    ] GC(0)   Evacuate Collection Set: 4.8ms
[2020-09-09T19:20:22.271+0800][gc,phases    ] GC(0)   Post Evacuate Collection Set: 0.3ms
[2020-09-09T19:20:22.271+0800][gc,phases    ] GC(0)   Other: 0.6ms
[2020-09-09T19:20:22.271+0800][gc,heap      ] GC(0) Eden regions: 25->0(21)
[2020-09-09T19:20:22.271+0800][gc,heap      ] GC(0) Survivor regions: 0->4(4)
[2020-09-09T19:20:22.271+0800][gc,heap      ] GC(0) Old regions: 0->2
[2020-09-09T19:20:22.271+0800][gc,heap      ] GC(0) Humongous regions: 0->0
[2020-09-09T19:20:22.271+0800][gc,metaspace ] GC(0) Metaspace: 15354K->15354K(1062912K)
[2020-09-09T19:20:22.271+0800][gc           ] GC(0) Pause Young (Normal) (G1 Evacuation Pause) 25M->5M(512M) 5.911ms
[2020-09-09T19:20:22.271+0800][gc,cpu       ] GC(0) User=0.03s Sys=0.01s Real=0.01s
[2020-09-10T02:54:25.365+0800][gc,start     ] GC(1) Pause Young (Normal) (G1 Evacuation Pause)
[2020-09-10T02:54:25.371+0800][gc,task      ] GC(1) Using 8 workers of 8 for evacuation
[2020-09-10T02:54:25.402+0800][gc,mmu       ] GC(1) MMU target violated: 21.0ms (20.0ms/21.0ms)
[2020-09-10T02:54:25.402+0800][gc,phases    ] GC(1)   Pre Evacuate Collection Set: 4.1ms
[2020-09-10T02:54:25.402+0800][gc,phases    ] GC(1)   Evacuate Collection Set: 23.9ms
[2020-09-10T02:54:25.402+0800][gc,phases    ] GC(1)   Post Evacuate Collection Set: 0.4ms
[2020-09-10T02:54:25.402+0800][gc,phases    ] GC(1)   Other: 12.5ms
[2020-09-10T02:54:25.402+0800][gc,heap      ] GC(1) Eden regions: 21->0(24)
[2020-09-10T02:54:25.402+0800][gc,heap      ] GC(1) Survivor regions: 4->1(4)
[2020-09-10T02:54:25.402+0800][gc,heap      ] GC(1) Old regions: 2->6
[2020-09-10T02:54:25.402+0800][gc,heap      ] GC(1) Humongous regions: 0->0
[2020-09-10T02:54:25.402+0800][gc,metaspace ] GC(1) Metaspace: 15895K->15895K(1064960K)
[2020-09-10T02:54:25.402+0800][gc           ] GC(1) Pause Young (Normal) (G1 Evacuation Pause) 26M->6M(512M) 36.535ms
[2020-09-10T02:54:25.402+0800][gc,cpu       ] GC(1) User=0.02s Sys=0.07s Real=0.04s
