[2020-09-05T15:55:34.593+0800][gc,heap] Heap region size: 1M
[2020-09-05T15:55:34.598+0800][gc     ] Using G1
[2020-09-05T15:55:34.598+0800][gc,heap,coops] Heap address: 0x00000007e0000000, size: 512 MB, Compressed Oops mode: Zero based, Oop shift amount: 3
[2020-09-05T15:55:54.194+0800][gc,start     ] GC(0) Pause Young (Normal) (G1 Evacuation Pause)
[2020-09-05T15:55:54.196+0800][gc,task      ] GC(0) Using 8 workers of 8 for evacuation
[2020-09-05T15:55:54.205+0800][gc,phases    ] GC(0)   Pre Evacuate Collection Set: 0.0ms
[2020-09-05T15:55:54.205+0800][gc,phases    ] GC(0)   Evacuate Collection Set: 8.6ms
[2020-09-05T15:55:54.205+0800][gc,phases    ] GC(0)   Post Evacuate Collection Set: 0.6ms
[2020-09-05T15:55:54.205+0800][gc,phases    ] GC(0)   Other: 1.7ms
[2020-09-05T15:55:54.205+0800][gc,heap      ] GC(0) Eden regions: 25->0(21)
[2020-09-05T15:55:54.205+0800][gc,heap      ] GC(0) Survivor regions: 0->4(4)
[2020-09-05T15:55:54.206+0800][gc,heap      ] GC(0) Old regions: 0->2
[2020-09-05T15:55:54.206+0800][gc,heap      ] GC(0) Humongous regions: 0->0
[2020-09-05T15:55:54.206+0800][gc,metaspace ] GC(0) Metaspace: 15343K->15343K(1062912K)
[2020-09-05T15:55:54.206+0800][gc           ] GC(0) Pause Young (Normal) (G1 Evacuation Pause) 25M->5M(512M) 11.338ms
[2020-09-05T15:55:54.206+0800][gc,cpu       ] GC(0) User=0.02s Sys=0.00s Real=0.01s
[2020-09-06T00:09:37.323+0800][gc,start     ] GC(1) Pause Young (Normal) (G1 Evacuation Pause)
[2020-09-06T00:09:37.324+0800][gc,task      ] GC(1) Using 8 workers of 8 for evacuation
[2020-09-06T00:09:37.341+0800][gc,phases    ] GC(1)   Pre Evacuate Collection Set: 1.6ms
[2020-09-06T00:09:37.341+0800][gc,phases    ] GC(1)   Evacuate Collection Set: 13.6ms
[2020-09-06T00:09:37.341+0800][gc,phases    ] GC(1)   Post Evacuate Collection Set: 0.4ms
[2020-09-06T00:09:37.341+0800][gc,phases    ] GC(1)   Other: 2.1ms
[2020-09-06T00:09:37.341+0800][gc,heap      ] GC(1) Eden regions: 21->0(24)
[2020-09-06T00:09:37.341+0800][gc,heap      ] GC(1) Survivor regions: 4->1(4)
[2020-09-06T00:09:37.341+0800][gc,heap      ] GC(1) Old regions: 2->6
[2020-09-06T00:09:37.341+0800][gc,heap      ] GC(1) Humongous regions: 0->0
[2020-09-06T00:09:37.341+0800][gc,metaspace ] GC(1) Metaspace: 16003K->16003K(1064960K)
[2020-09-06T00:09:37.341+0800][gc           ] GC(1) Pause Young (Normal) (G1 Evacuation Pause) 26M->5M(512M) 17.842ms
[2020-09-06T00:09:37.341+0800][gc,cpu       ] GC(1) User=0.03s Sys=0.05s Real=0.02s
[2020-09-06T10:32:04.177+0800][gc,start     ] GC(2) Pause Young (Normal) (G1 Evacuation Pause)
[2020-09-06T10:32:04.179+0800][gc,task      ] GC(2) Using 8 workers of 8 for evacuation
[2020-09-06T10:32:04.184+0800][gc,phases    ] GC(2)   Pre Evacuate Collection Set: 1.0ms
[2020-09-06T10:32:04.184+0800][gc,phases    ] GC(2)   Evacuate Collection Set: 3.4ms
[2020-09-06T10:32:04.184+0800][gc,phases    ] GC(2)   Post Evacuate Collection Set: 0.2ms
[2020-09-06T10:32:04.184+0800][gc,phases    ] GC(2)   Other: 2.6ms
[2020-09-06T10:32:04.184+0800][gc,heap      ] GC(2) Eden regions: 24->0(24)
[2020-09-06T10:32:04.184+0800][gc,heap      ] GC(2) Survivor regions: 1->1(4)
[2020-09-06T10:32:04.184+0800][gc,heap      ] GC(2) Old regions: 6->6
[2020-09-06T10:32:04.184+0800][gc,heap      ] GC(2) Humongous regions: 0->0
[2020-09-06T10:32:04.184+0800][gc,metaspace ] GC(2) Metaspace: 16003K->16003K(1064960K)
[2020-09-06T10:32:04.184+0800][gc           ] GC(2) Pause Young (Normal) (G1 Evacuation Pause) 29M->5M(512M) 7.445ms
[2020-09-06T10:32:04.185+0800][gc,cpu       ] GC(2) User=0.01s Sys=0.02s Real=0.01s
[2020-09-08T02:14:13.141+0800][gc,start     ] GC(3) Pause Young (Normal) (G1 Evacuation Pause)
[2020-09-08T02:14:13.143+0800][gc,task      ] GC(3) Using 8 workers of 8 for evacuation
[2020-09-08T02:14:13.150+0800][gc,phases    ] GC(3)   Pre Evacuate Collection Set: 1.0ms
[2020-09-08T02:14:13.151+0800][gc,phases    ] GC(3)   Evacuate Collection Set: 5.4ms
[2020-09-08T02:14:13.151+0800][gc,phases    ] GC(3)   Post Evacuate Collection Set: 0.3ms
[2020-09-08T02:14:13.151+0800][gc,phases    ] GC(3)   Other: 2.4ms
[2020-09-08T02:14:13.151+0800][gc,heap      ] GC(3) Eden regions: 24->0(24)
[2020-09-08T02:14:13.151+0800][gc,heap      ] GC(3) Survivor regions: 1->1(4)
[2020-09-08T02:14:13.151+0800][gc,heap      ] GC(3) Old regions: 6->6
[2020-09-08T02:14:13.151+0800][gc,heap      ] GC(3) Humongous regions: 0->0
[2020-09-08T02:14:13.151+0800][gc,metaspace ] GC(3) Metaspace: 16012K->16012K(1064960K)
[2020-09-08T02:14:13.151+0800][gc           ] GC(3) Pause Young (Normal) (G1 Evacuation Pause) 29M->5M(512M) 9.280ms
[2020-09-08T02:14:13.151+0800][gc,cpu       ] GC(3) User=0.00s Sys=0.01s Real=0.01s
[2020-09-08T10:10:27.181+0800][gc,heap,exit ] Heap
[2020-09-08T10:10:27.185+0800][gc,heap,exit ]  garbage-first heap   total 524288K, used 16084K [0x00000007e0000000, 0x0000000800000000)
[2020-09-08T10:10:27.185+0800][gc,heap,exit ]   region size 1024K, 12 young (12288K), 1 survivors (1024K)
[2020-09-08T10:10:27.185+0800][gc,heap,exit ]  Metaspace       used 16023K, capacity 16336K, committed 16640K, reserved 1064960K
[2020-09-08T10:10:27.185+0800][gc,heap,exit ]   class space    used 1579K, capacity 1676K, committed 1792K, reserved 1048576K
