[2020-09-08T17:33:43.053+0800][gc,heap] Heap region size: 1M
[2020-09-08T17:33:43.060+0800][gc     ] Using G1
[2020-09-08T17:33:43.060+0800][gc,heap,coops] Heap address: 0x00000007e0000000, size: 512 MB, Compressed Oops mode: Zero based, Oop shift amount: 3
[2020-09-08T17:33:45.190+0800][gc,start     ] GC(0) Pause Young (Normal) (G1 Evacuation Pause)
[2020-09-08T17:33:45.191+0800][gc,task      ] GC(0) Using 8 workers of 8 for evacuation
[2020-09-08T17:33:45.198+0800][gc,phases    ] GC(0)   Pre Evacuate Collection Set: 0.1ms
[2020-09-08T17:33:45.198+0800][gc,phases    ] GC(0)   Evacuate Collection Set: 6.2ms
[2020-09-08T17:33:45.198+0800][gc,phases    ] GC(0)   Post Evacuate Collection Set: 0.3ms
[2020-09-08T17:33:45.198+0800][gc,phases    ] GC(0)   Other: 1.0ms
[2020-09-08T17:33:45.198+0800][gc,heap      ] GC(0) Eden regions: 25->0(21)
[2020-09-08T17:33:45.198+0800][gc,heap      ] GC(0) Survivor regions: 0->4(4)
[2020-09-08T17:33:45.198+0800][gc,heap      ] GC(0) Old regions: 0->2
[2020-09-08T17:33:45.198+0800][gc,heap      ] GC(0) Humongous regions: 0->0
[2020-09-08T17:33:45.198+0800][gc,metaspace ] GC(0) Metaspace: 15511K->15511K(1062912K)
[2020-09-08T17:33:45.198+0800][gc           ] GC(0) Pause Young (Normal) (G1 Evacuation Pause) 25M->5M(512M) 7.652ms
[2020-09-08T17:33:45.198+0800][gc,cpu       ] GC(0) User=0.03s Sys=0.01s Real=0.00s
[2020-09-08T17:42:29.506+0800][gc,start     ] GC(1) Pause Young (Normal) (G1 Evacuation Pause)
[2020-09-08T17:42:29.507+0800][gc,task      ] GC(1) Using 8 workers of 8 for evacuation
[2020-09-08T17:42:29.528+0800][gc,phases    ] GC(1)   Pre Evacuate Collection Set: 0.1ms
[2020-09-08T17:42:29.528+0800][gc,phases    ] GC(1)   Evacuate Collection Set: 9.7ms
[2020-09-08T17:42:29.528+0800][gc,phases    ] GC(1)   Post Evacuate Collection Set: 0.3ms
[2020-09-08T17:42:29.528+0800][gc,phases    ] GC(1)   Other: 11.8ms
[2020-09-08T17:42:29.528+0800][gc,heap      ] GC(1) Eden regions: 21->0(24)
[2020-09-08T17:42:29.528+0800][gc,heap      ] GC(1) Survivor regions: 4->1(4)
[2020-09-08T17:42:29.528+0800][gc,heap      ] GC(1) Old regions: 2->6
[2020-09-08T17:42:29.528+0800][gc,heap      ] GC(1) Humongous regions: 0->0
[2020-09-08T17:42:29.528+0800][gc,metaspace ] GC(1) Metaspace: 16898K->16898K(1064960K)
[2020-09-08T17:42:29.528+0800][gc           ] GC(1) Pause Young (Normal) (G1 Evacuation Pause) 26M->6M(512M) 22.005ms
[2020-09-08T17:42:29.528+0800][gc,cpu       ] GC(1) User=0.03s Sys=0.04s Real=0.02s
[2020-09-08T23:10:25.866+0800][gc,start     ] GC(2) Pause Young (Normal) (G1 Evacuation Pause)
[2020-09-08T23:10:25.867+0800][gc,task      ] GC(2) Using 8 workers of 8 for evacuation
[2020-09-08T23:10:25.901+0800][gc,mmu       ] GC(2) MMU target violated: 21.0ms (20.0ms/21.0ms)
[2020-09-08T23:10:25.901+0800][gc,phases    ] GC(2)   Pre Evacuate Collection Set: 7.3ms
[2020-09-08T23:10:25.901+0800][gc,phases    ] GC(2)   Evacuate Collection Set: 23.8ms
[2020-09-08T23:10:25.902+0800][gc,phases    ] GC(2)   Post Evacuate Collection Set: 0.3ms
[2020-09-08T23:10:25.902+0800][gc,phases    ] GC(2)   Other: 6.3ms
[2020-09-08T23:10:25.902+0800][gc,heap      ] GC(2) Eden regions: 24->0(24)
[2020-09-08T23:10:25.902+0800][gc,heap      ] GC(2) Survivor regions: 1->1(4)
[2020-09-08T23:10:25.902+0800][gc,heap      ] GC(2) Old regions: 6->6
[2020-09-08T23:10:25.902+0800][gc,heap      ] GC(2) Humongous regions: 0->0
[2020-09-08T23:10:25.902+0800][gc,metaspace ] GC(2) Metaspace: 17434K->17434K(1064960K)
[2020-09-08T23:10:25.902+0800][gc           ] GC(2) Pause Young (Normal) (G1 Evacuation Pause) 30M->6M(512M) 35.984ms
[2020-09-08T23:10:25.902+0800][gc,cpu       ] GC(2) User=0.02s Sys=0.06s Real=0.04s
[2020-09-09T05:01:05.750+0800][gc,start     ] GC(3) Pause Young (Normal) (G1 Evacuation Pause)
[2020-09-09T05:01:05.750+0800][gc,task      ] GC(3) Using 8 workers of 8 for evacuation
[2020-09-09T05:01:05.757+0800][gc,phases    ] GC(3)   Pre Evacuate Collection Set: 1.3ms
[2020-09-09T05:01:05.757+0800][gc,phases    ] GC(3)   Evacuate Collection Set: 5.1ms
[2020-09-09T05:01:05.757+0800][gc,phases    ] GC(3)   Post Evacuate Collection Set: 0.4ms
[2020-09-09T05:01:05.757+0800][gc,phases    ] GC(3)   Other: 3.4ms
[2020-09-09T05:01:05.757+0800][gc,heap      ] GC(3) Eden regions: 24->0(24)
[2020-09-09T05:01:05.757+0800][gc,heap      ] GC(3) Survivor regions: 1->1(4)
[2020-09-09T05:01:05.757+0800][gc,heap      ] GC(3) Old regions: 6->6
[2020-09-09T05:01:05.757+0800][gc,heap      ] GC(3) Humongous regions: 0->0
[2020-09-09T05:01:05.757+0800][gc,metaspace ] GC(3) Metaspace: 17535K->17535K(1064960K)
[2020-09-09T05:01:05.757+0800][gc           ] GC(3) Pause Young (Normal) (G1 Evacuation Pause) 30M->6M(512M) 7.772ms
[2020-09-09T05:01:05.758+0800][gc,cpu       ] GC(3) User=0.01s Sys=0.01s Real=0.00s
[2020-09-09T11:04:15.819+0800][gc,start     ] GC(4) Pause Young (Normal) (G1 Evacuation Pause)
[2020-09-09T11:04:15.821+0800][gc,task      ] GC(4) Using 8 workers of 8 for evacuation
[2020-09-09T11:04:15.889+0800][gc,mmu       ] GC(4) MMU target violated: 21.0ms (20.0ms/21.0ms)
[2020-09-09T11:04:15.894+0800][gc,phases    ] GC(4)   Pre Evacuate Collection Set: 2.5ms
[2020-09-09T11:04:15.894+0800][gc,phases    ] GC(4)   Evacuate Collection Set: 64.5ms
[2020-09-09T11:04:15.894+0800][gc,phases    ] GC(4)   Post Evacuate Collection Set: 0.7ms
[2020-09-09T11:04:15.894+0800][gc,phases    ] GC(4)   Other: 8.5ms
[2020-09-09T11:04:15.894+0800][gc,heap      ] GC(4) Eden regions: 24->0(24)
[2020-09-09T11:04:15.894+0800][gc,heap      ] GC(4) Survivor regions: 1->1(4)
[2020-09-09T11:04:15.894+0800][gc,heap      ] GC(4) Old regions: 6->6
[2020-09-09T11:04:15.894+0800][gc,heap      ] GC(4) Humongous regions: 0->0
[2020-09-09T11:04:15.894+0800][gc,metaspace ] GC(4) Metaspace: 17544K->17544K(1064960K)
[2020-09-09T11:04:15.897+0800][gc           ] GC(4) Pause Young (Normal) (G1 Evacuation Pause) 30M->6M(512M) 77.345ms
[2020-09-09T11:04:15.897+0800][gc,cpu       ] GC(4) User=0.00s Sys=0.07s Real=0.08s
[2020-09-09T13:36:38.694+0800][gc,heap,exit ] Heap
[2020-09-09T13:36:38.695+0800][gc,heap,exit ]  garbage-first heap   total 524288K, used 15960K [0x00000007e0000000, 0x0000000800000000)
[2020-09-09T13:36:38.695+0800][gc,heap,exit ]   region size 1024K, 11 young (11264K), 1 survivors (1024K)
[2020-09-09T13:36:38.695+0800][gc,heap,exit ]  Metaspace       used 17587K, capacity 18013K, committed 18304K, reserved 1064960K
[2020-09-09T13:36:38.695+0800][gc,heap,exit ]   class space    used 1717K, capacity 1877K, committed 1920K, reserved 1048576K
